Component: ARM Compiler 5.06 update 6 (build 750) Tool: armlink [4d35ed]

==============================================================================

Section Cross References

    startup_stm32f407xx.o(STACK) refers (Special) to heapauxi.o(.text) for __use_two_region_memory
    startup_stm32f407xx.o(HEAP) refers (Special) to heapauxi.o(.text) for __use_two_region_memory
    startup_stm32f407xx.o(RESET) refers (Special) to heapauxi.o(.text) for __use_two_region_memory
    startup_stm32f407xx.o(RESET) refers to startup_stm32f407xx.o(STACK) for __initial_sp
    startup_stm32f407xx.o(RESET) refers to startup_stm32f407xx.o(.text) for Reset_Handler
    startup_stm32f407xx.o(RESET) refers to stm32f4xx_it.o(i.NMI_Handler) for NMI_Handler
    startup_stm32f407xx.o(RESET) refers to stm32f4xx_it.o(i.HardFault_Handler) for HardFault_Handler
    startup_stm32f407xx.o(RESET) refers to stm32f4xx_it.o(i.MemManage_Handler) for MemManage_Handler
    startup_stm32f407xx.o(RESET) refers to stm32f4xx_it.o(i.BusFault_Handler) for BusFault_Handler
    startup_stm32f407xx.o(RESET) refers to stm32f4xx_it.o(i.UsageFault_Handler) for UsageFault_Handler
    startup_stm32f407xx.o(RESET) refers to port.o(.emb_text) for SVC_Handler
    startup_stm32f407xx.o(RESET) refers to stm32f4xx_it.o(i.DebugMon_Handler) for DebugMon_Handler
    startup_stm32f407xx.o(RESET) refers to port.o(i.SysTick_Handler) for SysTick_Handler
    startup_stm32f407xx.o(RESET) refers to stm32f4xx_it.o(i.EXTI0_IRQHandler) for EXTI0_IRQHandler
    startup_stm32f407xx.o(RESET) refers to stm32f4xx_it.o(i.EXTI3_IRQHandler) for EXTI3_IRQHandler
    startup_stm32f407xx.o(RESET) refers to stm32f4xx_it.o(i.EXTI4_IRQHandler) for EXTI4_IRQHandler
    startup_stm32f407xx.o(RESET) refers to stm32f4xx_it.o(i.CAN1_TX_IRQHandler) for CAN1_TX_IRQHandler
    startup_stm32f407xx.o(RESET) refers to stm32f4xx_it.o(i.CAN1_RX0_IRQHandler) for CAN1_RX0_IRQHandler
    startup_stm32f407xx.o(RESET) refers to stm32f4xx_it.o(i.EXTI9_5_IRQHandler) for EXTI9_5_IRQHandler
    startup_stm32f407xx.o(RESET) refers to stm32f4xx_it.o(i.TIM2_IRQHandler) for TIM2_IRQHandler
    startup_stm32f407xx.o(RESET) refers to stm32f4xx_it.o(i.USART1_IRQHandler) for USART1_IRQHandler
    startup_stm32f407xx.o(RESET) refers to stm32f4xx_it.o(i.USART2_IRQHandler) for USART2_IRQHandler
    startup_stm32f407xx.o(RESET) refers to stm32f4xx_it.o(i.USART3_IRQHandler) for USART3_IRQHandler
    startup_stm32f407xx.o(RESET) refers to stm32f4xx_it.o(i.TIM5_IRQHandler) for TIM5_IRQHandler
    startup_stm32f407xx.o(RESET) refers to user_imu.o(i.DMA2_Stream2_IRQHandler) for DMA2_Stream2_IRQHandler
    startup_stm32f407xx.o(RESET) refers to stm32f4xx_it.o(i.CAN2_TX_IRQHandler) for CAN2_TX_IRQHandler
    startup_stm32f407xx.o(RESET) refers to stm32f4xx_it.o(i.CAN2_RX0_IRQHandler) for CAN2_RX0_IRQHandler
    startup_stm32f407xx.o(RESET) refers to stm32f4xx_it.o(i.DMA2_Stream6_IRQHandler) for DMA2_Stream6_IRQHandler
    startup_stm32f407xx.o(RESET) refers to stm32f4xx_it.o(i.USART6_IRQHandler) for USART6_IRQHandler
    startup_stm32f407xx.o(.text) refers (Special) to heapauxi.o(.text) for __use_two_region_memory
    startup_stm32f407xx.o(.text) refers to system_stm32f4xx.o(i.SystemInit) for SystemInit
    startup_stm32f407xx.o(.text) refers to __main.o(!!!main) for __main
    startup_stm32f407xx.o(.text) refers to startup_stm32f407xx.o(HEAP) for Heap_Mem
    startup_stm32f407xx.o(.text) refers to startup_stm32f407xx.o(STACK) for Stack_Mem
    main.o(i.HAL_TIM_PeriodElapsedCallback) refers to stm32f4xx_hal.o(i.HAL_IncTick) for HAL_IncTick
    main.o(i.SystemClock_Config) refers to rt_memclr_w.o(.text) for __aeabi_memclr4
    main.o(i.SystemClock_Config) refers to stm32f4xx_hal_rcc.o(i.HAL_RCC_OscConfig) for HAL_RCC_OscConfig
    main.o(i.SystemClock_Config) refers to stm32f4xx_hal_rcc.o(i.HAL_RCC_ClockConfig) for HAL_RCC_ClockConfig
    main.o(i.main) refers to stm32f4xx_hal.o(i.HAL_Init) for HAL_Init
    main.o(i.main) refers to main.o(i.SystemClock_Config) for SystemClock_Config
    main.o(i.main) refers to gpio.o(i.MX_GPIO_Init) for MX_GPIO_Init
    main.o(i.main) refers to dma.o(i.MX_DMA_Init) for MX_DMA_Init
    main.o(i.main) refers to can.o(i.MX_CAN1_Init) for MX_CAN1_Init
    main.o(i.main) refers to can.o(i.MX_CAN2_Init) for MX_CAN2_Init
    main.o(i.main) refers to i2c.o(i.MX_I2C3_Init) for MX_I2C3_Init
    main.o(i.main) refers to spi.o(i.MX_SPI1_Init) for MX_SPI1_Init
    main.o(i.main) refers to tim.o(i.MX_TIM4_Init) for MX_TIM4_Init
    main.o(i.main) refers to tim.o(i.MX_TIM5_Init) for MX_TIM5_Init
    main.o(i.main) refers to tim.o(i.MX_TIM10_Init) for MX_TIM10_Init
    main.o(i.main) refers to usart.o(i.MX_USART1_UART_Init) for MX_USART1_UART_Init
    main.o(i.main) refers to usart.o(i.MX_USART2_UART_Init) for MX_USART2_UART_Init
    main.o(i.main) refers to usart.o(i.MX_USART3_UART_Init) for MX_USART3_UART_Init
    main.o(i.main) refers to usart.o(i.MX_USART6_UART_Init) for MX_USART6_UART_Init
[...]
    osKernelStart                            0x0800c03d   Thumb Code    10  cmsis_os.o(i.osKernelStart)
    osThreadCreate                           0x0800c047   Thumb Code    84  cmsis_os.o(i.osThreadCreate)
    osThreadResume                           0x0800c09d   Thumb Code    46  cmsis_os.o(i.osThreadResume)
    osThreadSuspend                          0x0800c0d1   Thumb Code    10  cmsis_os.o(i.osThreadSuspend)
    os_BeepCallback                          0x0800c0dd   Thumb Code    32  beep.o(i.os_BeepCallback)
    os_ChassisCallback                       0x0800c101   Thumb Code    12  chassis.o(i.os_ChassisCallback)
    os_DetectCallback                        0x0800c10d   Thumb Code    16  detect.o(i.os_DetectCallback)
    os_ErrorCallback                         0x0800c11d   Thumb Code   148  userfreertos.o(i.os_ErrorCallback)
    os_GimbalCallback                        0x0800c1c5   Thumb Code    12  gimbal.o(i.os_GimbalCallback)
    os_IMUCallback                           0x0800c1d1   Thumb Code   568  user_imu.o(i.os_IMUCallback)
    os_JudgeCallback                         0x0800c43d   Thumb Code    32  judge.o(i.os_JudgeCallback)
    os_LEDCallback                           0x0800c45d   Thumb Code    26  userfreertos.o(i.os_LEDCallback)
    os_MotorCallback                         0x0800c47d   Thumb Code    16  moto.o(i.os_MotorCallback)
    os_RCCallback                            0x0800c48d   Thumb Code    12  rc.o(i.os_RCCallback)
    os_ShooterCallback                       0x0800c499   Thumb Code    28  shooter.o(i.os_ShooterCallback)
    os_SuperCapCallback                      0x0800c4b9   Thumb Code   154  super_cap.o(i.os_SuperCapCallback)
    os_VisionCallback                        0x0800c579   Thumb Code    16  vision.o(i.os_VisionCallback)
    pcTaskGetName                            0x0800c589   Thumb Code    28  tasks.o(i.pcTaskGetName)
    pvPortMalloc                             0x0800c981   Thumb Code   216  heap_4.o(i.pvPortMalloc)
    pxPortInitialiseStack                    0x0800ca5d   Thumb Code    40  port.o(i.pxPortInitialiseStack)
    sqrt                                     0x0800cb0d   Thumb Code   110  sqrt.o(i.sqrt)
    sqrtf                                    0x0800cb7b   Thumb Code    62  sqrtf.o(i.sqrtf)
    ulTaskNotifyTake                         0x0800cbb9   Thumb Code    96  tasks.o(i.ulTaskNotifyTake)
    uxListRemove                             0x0800cc9b   Thumb Code    38  list.o(i.uxListRemove)
    vApplicationGetIdleTaskMemory            0x0800ccc1   Thumb Code    16  freertos.o(i.vApplicationGetIdleTaskMemory)
    vListInitialise                          0x0800ccd5   Thumb Code    22  list.o(i.vListInitialise)
    vListInitialiseItem                      0x0800cceb   Thumb Code     6  list.o(i.vListInitialiseItem)
    vListInsert                              0x0800ccf1   Thumb Code    48  list.o(i.vListInsert)
    vListInsertEnd                           0x0800cd21   Thumb Code    24  list.o(i.vListInsertEnd)
    vPortEnterCritical                       0x0800cd39   Thumb Code    54  port.o(i.vPortEnterCritical)
    vPortExitCritical                        0x0800cd79   Thumb Code    34  port.o(i.vPortExitCritical)
    vPortFree                                0x0800cda1   Thumb Code    94  heap_4.o(i.vPortFree)
    vPortSetupTimerInterrupt                 0x0800ce05   Thumb Code    32  port.o(i.vPortSetupTimerInterrupt)
    vPortValidateInterruptPriority           0x0800ce29   Thumb Code    74  port.o(i.vPortValidateInterruptPriority)
    vTaskDelay                               0x0800ce7d   Thumb Code    66  tasks.o(i.vTaskDelay)
    vTaskNotifyGiveFromISR                   0x0800cec9   Thumb Code   172  tasks.o(i.vTaskNotifyGiveFromISR)
    vTaskResume                              0x0800cf7d   Thumb Code   112  tasks.o(i.vTaskResume)
    vTaskStartScheduler                      0x0800cff9   Thumb Code    90  tasks.o(i.vTaskStartScheduler)
    vTaskSuspend                             0x0800d065   Thumb Code   174  tasks.o(i.vTaskSuspend)
    vTaskSuspendAll                          0x0800d121   Thumb Code    10  tasks.o(i.vTaskSuspendAll)
    vTaskSwitchContext                       0x0800d131   Thumb Code    82  tasks.o(i.vTaskSwitchContext)
    xPortStartScheduler                      0x0800d18d   Thumb Code   222  port.o(i.xPortStartScheduler)
    xTaskCreate                              0x0800d281   Thumb Code    90  tasks.o(i.xTaskCreate)
    xTaskCreateStatic                        0x0800d2db   Thumb Code    86  tasks.o(i.xTaskCreateStatic)
    xTaskGenericNotify                       0x0800d331   Thumb Code   212  tasks.o(i.xTaskGenericNotify)
    xTaskGetHandle                           0x0800d411   Thumb Code   124  tasks.o(i.xTaskGetHandle)
    xTaskGetSchedulerState                   0x0800d495   Thumb Code    22  tasks.o(i.xTaskGetSchedulerState)
    xTaskIncrementTick                       0x0800d4b1   Thumb Code   194  tasks.o(i.xTaskIncrementTick)
    xTaskResumeAll                           0x0800d57d   Thumb Code   182  tasks.o(i.xTaskResumeAll)
    xTaskResumeFromISR                       0x0800d641   Thumb Code   128  tasks.o(i.xTaskResumeFromISR)
    __aeabi_dneg                             0x0800d6c9   Thumb Code     0  basic.o(x$fpl$basic)
    _dneg                                    0x0800d6c9   Thumb Code     6  basic.o(x$fpl$basic)
    __aeabi_fneg                             0x0800d6cf   Thumb Code     0  basic.o(x$fpl$basic)
    _fneg                                    0x0800d6cf   Thumb Code     6  basic.o(x$fpl$basic)
    _dabs                                    0x0800d6d5   Thumb Code     6  basic.o(x$fpl$basic)
    _fabs                                    0x0800d6db   Thumb Code     6  basic.o(x$fpl$basic)
    __aeabi_d2f                              0x0800d6e1   Thumb Code     0  d2f.o(x$fpl$d2f)
    _d2f                                     0x0800d6e1   Thumb Code    98  d2f.o(x$fpl$d2f)
    __aeabi_dadd                             0x0800d745   Thumb Code     0  daddsub_clz.o(x$fpl$dadd)
    _dadd                                    0x0800d745   Thumb Code   332  daddsub_clz.o(x$fpl$dadd)
    __fpl_dcheck_NaN1                        0x0800d895   Thumb Code    10  dcheck1.o(x$fpl$dcheck1)
    __fpl_dcmp_Inf                           0x0800d8a5   Thumb Code    24  dcmpi.o(x$fpl$dcmpinf)
    __aeabi_ddiv                             0x0800d8bd   Thumb Code     0  ddiv.o(x$fpl$ddiv)
    _ddiv                                    0x0800d8bd   Thumb Code   552  ddiv.o(x$fpl$ddiv)
    __aeabi_d2iz                             0x0800db6d   Thumb Code     0  dfix.o(x$fpl$dfix)
    _dfix                                    0x0800db6d   Thumb Code    94  dfix.o(x$fpl$dfix)
    __aeabi_i2d                              0x0800dbcb   Thumb Code     0  dflt_clz.o(x$fpl$dflt)
    _dflt                                    0x0800dbcb   Thumb Code    46  dflt_clz.o(x$fpl$dflt)
    __aeabi_ui2d                             0x0800dbf9   Thumb Code     0  dflt_clz.o(x$fpl$dfltu)
    _dfltu                                   0x0800dbf9   Thumb Code    38  dflt_clz.o(x$fpl$dfltu)
    __aeabi_cdcmple                          0x0800dc21   Thumb Code     0  dleqf.o(x$fpl$dleqf)
    _dcmple                                  0x0800dc21   Thumb Code   120  dleqf.o(x$fpl$dleqf)
    __fpl_dcmple_InfNaN                      0x0800dc83   Thumb Code     0  dleqf.o(x$fpl$dleqf)
    __aeabi_dmul                             0x0800dc99   Thumb Code     0  dmul.o(x$fpl$dmul)
    _dmul                                    0x0800dc99   Thumb Code   332  dmul.o(x$fpl$dmul)
    __fpl_dnaninf                            0x0800dded   Thumb Code   156  dnaninf.o(x$fpl$dnaninf)
    __fpl_dretinf                            0x0800de89   Thumb Code    12  dretinf.o(x$fpl$dretinf)
    __aeabi_cdrcmple                         0x0800de95   Thumb Code     0  drleqf.o(x$fpl$drleqf)
    _drcmple                                 0x0800de95   Thumb Code   108  drleqf.o(x$fpl$drleqf)
    __aeabi_drsub                            0x0800df01   Thumb Code     0  daddsub_clz.o(x$fpl$drsb)
    _drsb                                    0x0800df01   Thumb Code    22  daddsub_clz.o(x$fpl$drsb)
    _dsqrt                                   0x0800df19   Thumb Code   404  dsqrt_umaal.o(x$fpl$dsqrt)
    __aeabi_dsub                             0x0800e0b1   Thumb Code     0  daddsub_clz.o(x$fpl$dsub)
    _dsub                                    0x0800e0b1   Thumb Code   464  daddsub_clz.o(x$fpl$dsub)
    __aeabi_f2d                              0x0800e285   Thumb Code     0  f2d.o(x$fpl$f2d)
    _f2d                                     0x0800e285   Thumb Code    86  f2d.o(x$fpl$f2d)
    __aeabi_fadd                             0x0800e2db   Thumb Code     0  faddsub_clz.o(x$fpl$fadd)
    _fadd                                    0x0800e2db   Thumb Code    18  faddsub_clz.o(x$fpl$fadd)
    __aeabi_fcmpeq                           0x0800e2ed   Thumb Code     0  fcmp.o(x$fpl$fcmp)
    _feq                                     0x0800e2ed   Thumb Code    14  fcmp.o(x$fpl$fcmp)
    _fneq                                    0x0800e2fb   Thumb Code    14  fcmp.o(x$fpl$fcmp)
    __aeabi_fcmpgt                           0x0800e309   Thumb Code     0  fcmp.o(x$fpl$fcmp)
    _fgr                                     0x0800e309   Thumb Code    14  fcmp.o(x$fpl$fcmp)
    __aeabi_fcmpge                           0x0800e317   Thumb Code     0  fcmp.o(x$fpl$fcmp)
    _fgeq                                    0x0800e317   Thumb Code    14  fcmp.o(x$fpl$fcmp)
    __aeabi_fcmple                           0x0800e325   Thumb Code     0  fcmp.o(x$fpl$fcmp)
    _fleq                                    0x0800e325   Thumb Code    14  fcmp.o(x$fpl$fcmp)
    __aeabi_fcmplt                           0x0800e333   Thumb Code     0  fcmp.o(x$fpl$fcmp)
    _fls                                     0x0800e333   Thumb Code    14  fcmp.o(x$fpl$fcmp)
    __fpl_fcmp_Inf                           0x0800e341   Thumb Code    24  fcmpi.o(x$fpl$fcmpinf)
    __aeabi_cfcmpeq                          0x0800e359   Thumb Code     0  feqf.o(x$fpl$feqf)
    _fcmpeq                                  0x0800e359   Thumb Code    48  feqf.o(x$fpl$feqf)
    __aeabi_f2iz                             0x0800e389   Thumb Code     0  ffix.o(x$fpl$ffix)
    _ffix                                    0x0800e389   Thumb Code    14  ffix.o(x$fpl$ffix)
    __aeabi_f2uiz                            0x0800e397   Thumb Code     0  ffixu.o(x$fpl$ffixu)
    _ffixu                                   0x0800e397   Thumb Code    14  ffixu.o(x$fpl$ffixu)
    __aeabi_i2f                              0x0800e3a5   Thumb Code     0  fflt_clz.o(x$fpl$fflt)
    _fflt                                    0x0800e3a5   Thumb Code    14  fflt_clz.o(x$fpl$fflt)
    __aeabi_ui2f                             0x0800e3b3   Thumb Code     0  fflt_clz.o(x$fpl$ffltu)
    _ffltu                                   0x0800e3b3   Thumb Code    14  fflt_clz.o(x$fpl$ffltu)
    _fcmpge                                  0x0800e3c1   Thumb Code    48  fgeqf.o(x$fpl$fgeqf)
    __aeabi_cfcmple                          0x0800e3f1   Thumb Code     0  fleqf.o(x$fpl$fleqf)
    _fcmple                                  0x0800e3f1   Thumb Code    48  fleqf.o(x$fpl$fleqf)
    __fpl_fcmple_InfNaN                      0x0800e409   Thumb Code     0  fleqf.o(x$fpl$fleqf)
    __aeabi_fmul                             0x0800e421   Thumb Code     0  fmul.o(x$fpl$fmul)
    _fmul                                    0x0800e421   Thumb Code    18  fmul.o(x$fpl$fmul)
    __fpl_fnaninf                            0x0800e433   Thumb Code   140  fnaninf.o(x$fpl$fnaninf)
    _fp_init                                 0x0800e4bf   Thumb Code    10  fpinit.o(x$fpl$fpinit)
    __fplib_config_fpu_vfp                   0x0800e4c7   Thumb Code     0  fpinit.o(x$fpl$fpinit)
    __fplib_config_pureend_doubles           0x0800e4c7   Thumb Code     0  fpinit.o(x$fpl$fpinit)
    __fpl_fretinf                            0x0800e4c9   Thumb Code    10  fretinf.o(x$fpl$fretinf)
    __aeabi_fsub                             0x0800e4d3   Thumb Code     0  faddsub_clz.o(x$fpl$fsub)
    _fsub                                    0x0800e4d3   Thumb Code    18  faddsub_clz.o(x$fpl$fsub)
    __fpl_return_NaN                         0x0800e4e5   Thumb Code   100  retnan.o(x$fpl$retnan)
    __ARM_scalbn                             0x0800e549   Thumb Code    92  scalbn.o(x$fpl$scalbn)
    __fpl_cmpreturn                          0x0800e5a5   Thumb Code    48  trapv.o(x$fpl$trapveneer)
    __I$use$fp                               0x0800e5d4   Number         0  usenofp.o(x$fpl$usenofp)
    AHBPrescTable                            0x0800e764   Data          16  system_stm32f4xx.o(.constdata)
    APBPrescTable                            0x0800e774   Data           8  system_stm32f4xx.o(.constdata)
    CRC8_TAB                                 0x0800e77c   Data         256  crc.o(.constdata)
    wCRC_Table                               0x0800e87c   Data         512  crc.o(.constdata)
    __mathlib_zero                           0x0800ebe8   Data           8  qnan.o(.constdata)
    sinTable_f32                             0x0800ed80   Data        2052  arm_common_tables.o(.rodata.sinTable_f32)
    Region$$Table$$Base                      0x0800f584   Number         0  anon$$obj.o(Region$$Table)
    Region$$Table$$Limit                     0x0800f5a4   Number         0  anon$$obj.o(Region$$Table)
    defaultTaskHandle                        0x20000000   Data           4  freertos.o(.data)
    IMUTaskHandle                            0x20000004   Data           4  freertos.o(.data)
    LEDTaskHandle                            0x20000008   Data           4  freertos.o(.data)
    MotorTaskHandle                          0x2000000c   Data           4  freertos.o(.data)
    ChassisTaskHandle                        0x20000010   Data           4  freertos.o(.data)
    RCTaskHandle                             0x20000014   Data           4  freertos.o(.data)
    ErrorTaskHandle                          0x20000018   Data           4  freertos.o(.data)
    GimbalTaskHandle                         0x2000001c   Data           4  freertos.o(.data)
    ShooterTaskHandle                        0x20000020   Data           4  freertos.o(.data)
    VisionTaskHandle                         0x20000024   Data           4  freertos.o(.data)
    JudgeTaskHandle                          0x20000028   Data           4  freertos.o(.data)
    DetectTaskHandle                         0x2000002c   Data           4  freertos.o(.data)
    BeepTaskHandle                           0x20000030   Data           4  freertos.o(.data)
    SuperCapTaskHandle                       0x20000034   Data           4  freertos.o(.data)
    uwTickFreq                               0x2000003c   Data           1  stm32f4xx_hal.o(.data)
    uwTickPrio                               0x20000040   Data           4  stm32f4xx_hal.o(.data)
    uwTick                                   0x20000044   Data           4  stm32f4xx_hal.o(.data)
    SystemCoreClock                          0x20000048   Data           4  system_stm32f4xx.o(.data)
    pxCurrentTCB                             0x2000004c   Data           4  tasks.o(.data)
    CRC_INIT                                 0x200000b4   Data           2  crc.o(.data)
    Judge_Data_TF                            0x200000b6   Data           1  judge.o(.data)
    GameResult                               0x200000b7   Data           1  judge.o(.data)
    DartRemainingTime                        0x200000b8   Data           1  judge.o(.data)
    BuffMusk                                 0x200000b9   Data           1  judge.o(.data)
    AerialRobotEnergy                        0x200000ba   Data           1  judge.o(.data)
    RobotHurt                                0x200000bb   Data           1  judge.o(.data)
    shootNum                                 0x200000bc   Data           2  judge.o(.data)
    RefereeWarning                           0x200000be   Data           2  judge.o(.data)
    EventData                                0x200000c0   Data           4  judge.o(.data)
    SupplyProjectileAction                   0x200000c4   Data           4  judge.o(.data)
    RfidStatus                               0x200000c8   Data           4  judge.o(.data)
    FrameHeader                              0x200000cc   Data           5  judge.o(.data)
    BulletRemaining                          0x200000d1   Data           6  judge.o(.data)
    DartClientCmd                            0x200000d7   Data           6  judge.o(.data)
    ShootData                                0x200000dd   Data           7  judge.o(.data)
    debugVisionInterval                      0x200000e4   Data           4  user_can.o(.data)
    BMI088_ACCEL_SEN                         0x200000ec   Data           4  bmi088driver.o(.data)
    BMI088_GYRO_SEN                          0x200000f0   Data           4  bmi088driver.o(.data)
    gyro_update_flag                         0x20000120   Data           1  user_imu.o(.data)
    accel_update_flag                        0x20000121   Data           1  user_imu.o(.data)
    accel_temp_update_flag                   0x20000122   Data           1  user_imu.o(.data)
    mag_update_flag                          0x20000123   Data           1  user_imu.o(.data)
    imu_start_dma_flag                       0x20000124   Data           1  user_imu.o(.data)
    accel_temp_dma_tx_buf                    0x20000127   Data           4  user_imu.o(.data)
    accel_temp_dma_rx_buf                    0x20000134   Data           4  user_imu.o(.data)
    gyro_dma_tx_buf                          0x20000138   Data           8  user_imu.o(.data)
    gyro_dma_rx_buf                          0x20000140   Data           8  user_imu.o(.data)
    accel_dma_tx_buf                         0x20000148   Data           9  user_imu.o(.data)
    gyro_scale_factor                        0x20000154   Data          36  user_imu.o(.data)
    accel_scale_factor                       0x20000178   Data          36  user_imu.o(.data)
    mag_scale_factor                         0x2000019c   Data          36  user_imu.o(.data)
    temp                                     0x200001c0   Data           4  gimbal.o(.data)
    hcan1                                    0x20000434   Data          40  can.o(.bss)
    hcan2                                    0x2000045c   Data          40  can.o(.bss)
    hi2c3                                    0x20000484   Data          84  i2c.o(.bss)
    hspi1                                    0x200004d8   Data          88  spi.o(.bss)
    hdma_spi1_rx                             0x20000530   Data          96  spi.o(.bss)
    hdma_spi1_tx                             0x20000590   Data          96  spi.o(.bss)
    htim1                                    0x200005f0   Data          72  tim.o(.bss)
    htim4                                    0x20000638   Data          72  tim.o(.bss)
    htim5                                    0x20000680   Data          72  tim.o(.bss)
    htim8                                    0x200006c8   Data          72  tim.o(.bss)
    htim10                                   0x20000710   Data          72  tim.o(.bss)
    huart1                                   0x20000758   Data          68  usart.o(.bss)
    huart2                                   0x2000079c   Data          68  usart.o(.bss)
    huart3                                   0x200007e0   Data          68  usart.o(.bss)
    huart6                                   0x20000824   Data          68  usart.o(.bss)
    hdma_usart6_tx                           0x20000868   Data          96  usart.o(.bss)
    hpcd_USB_OTG_FS                          0x200008c8   Data        1032  usb_otg.o(.bss)
    htim2                                    0x20000cd0   Data          72  stm32f4xx_hal_timebase_tim.o(.bss)
    detectList                               0x20004a08   Data         280  detect.o(.bss)
    judgeQueue                               0x20004b20   Data          20  judge.o(.bss)
    GameState                                0x20004b34   Data          11  judge.o(.bss)
    GameRobotHP                              0x20004b3f   Data          32  judge.o(.bss)
    GameRobotStat                            0x20004b5f   Data          27  judge.o(.bss)
    PowerHeatData                            0x20004b7a   Data          16  judge.o(.bss)
    GameRobotPos                             0x20004b8a   Data          16  judge.o(.bss)
    judgeQueueBuf                            0x20004b9a   Data        1320  judge.o(.bss)
    line                                     0x200050c4   Data          16  judge.o(.bss)
    rect                                     0x200050d4   Data          16  judge.o(.bss)
    circle                                   0x200050e4   Data          16  judge.o(.bss)
    oval                                     0x200050f4   Data          16  judge.o(.bss)
    arc                                      0x20005104   Data          20  judge.o(.bss)
    text                                     0x20005118   Data          48  judge.o(.bss)
    floatShape                               0x20005148   Data          20  judge.o(.bss)
    intShape                                 0x2000515c   Data          20  judge.o(.bss)
    usart6RxBuf                              0x20005170   Data        1536  judge.o(.bss)
    noteQueue                                0x20005770   Data          20  beep.o(.bss)
    noteQueueBuf                             0x20005784   Data         200  beep.o(.bss)
    cap                                      0x2000584c   Data          48  super_cap.o(.bss)
    can_state                                0x2000587c   Data          10  user_can.o(.bss)
    INS_angle                                0x200058e0   Data          12  user_imu.o(.bss)
    accel_dma_rx_buf                         0x200058ec   Data           9  user_imu.o(.bss)
    bmi088_real_data                         0x200058f8   Data          36  user_imu.o(.bss)
    gyro_offset                              0x2000591c   Data          12  user_imu.o(.bss)
    gyro_cali_offset                         0x20005928   Data          12  user_imu.o(.bss)
    accel_offset                             0x20005934   Data          12  user_imu.o(.bss)
    ist8310_real_data                        0x20005940   Data          16  user_imu.o(.bss)
    mag_offset                               0x20005950   Data          12  user_imu.o(.bss)
    imu_temp_pid                             0x2000595c   Data          40  user_imu.o(.bss)
    chassis                                  0x20005984   Data         872  chassis.o(.bss)
    gimbal                                   0x20005cec   Data        2688  gimbal.o(.bss)
    shooter                                  0x2000676c   Data         808  shooter.o(.bss)
    visionRecv                               0x20006a94   Data          12  vision.o(.bss)
    rcInfo                                   0x20006aa0   Data          22  rc.o(.bss)
    usart3RxBuf                              0x20006ab6   Data          30  rc.o(.bss)
    keyList                                  0x20006ad4   Data        5328  rc.o(.bss)
    UART1_RxBuff                             0x20007fa4   Data         128  user_uart.o(.bss)
    UART1_TxBuff                             0x20008024   Data         128  user_uart.o(.bss)
    UART1                                    0x200080a4   Data          84  user_uart.o(.bss)
    __libspace_start                         0x200080f8   Data          96  libspace.o(.bss)
    __temporary_stack_top$libspace           0x20008158   Data           0  libspace.o(.bss)



==============================================================================

Memory Map of the image

  Image Entry point : 0x08000189

  Load Region LR_IROM1 (Base: 0x08000000, Size: 0x0000f784, Max: 0x00100000, ABSOLUTE, COMPRESSED[0x0000f610])

    Execution Region ER_IROM1 (Base: 0x08000000, Size: 0x0000f5a4, Max: 0x00100000, ABSOLUTE)

    Base Addr    Size         Type   Attr      Idx    E Section Name        Object

    0x08000000   0x00000188   Data   RO            3    RESET               startup_stm32f407xx.o
    0x08000188   0x00000008   Code   RO         9406  * !!!main             c_w.l(__main.o)
    0x08000190   0x00000034   Code   RO         9945    !!!scatter          c_w.l(__scatter.o)
    0x080001c4   0x0000005a   Code   RO         9943    !!dczerorl2         c_w.l(__dczerorl2.o)
    0x0800021e   0x00000002   PAD
    0x08000220   0x0000001c   Code   RO         9947    !!handler_zi        c_w.l(__scatter_zi.o)
    0x0800023c   0x00000000   Code   RO         9391    .ARM.Collect$$_printf_percent$$00000000  c_w.l(_printf_percent.o)
    0x0800023c   0x00000006   Code   RO         9389    .ARM.Collect$$_printf_percent$$00000009  c_w.l(_printf_d.o)
    0x08000242   0x00000004   Code   RO         9620    .ARM.Collect$$_printf_percent$$00000017  c_w.l(_printf_percent_end.o)
    0x08000246   0x00000002   Code   RO         9878    .ARM.Collect$$libinit$$00000000  c_w.l(libinit.o)
    0x08000248   0x00000004   Code   RO         9623    .ARM.Collect$$libinit$$00000001  c_w.l(libinit2.o)
    0x0800024c   0x00000000   Code   RO         9626    .ARM.Collect$$libinit$$00000004  c_w.l(libinit2.o)
    0x0800024c   0x00000000   Code   RO         9629    .ARM.Collect$$libinit$$0000000A  c_w.l(libinit2.o)
    0x0800024c   0x00000000   Code   RO         9631    .ARM.Collect$$libinit$$0000000C  c_w.l(libinit2.o)
    0x0800024c   0x00000000   Code   RO         9633    .ARM.Collect$$libinit$$0000000E  c_w.l(libinit2.o)
    0x0800024c   0x00000000   Code   RO         9636    .ARM.Collect$$libinit$$00000011  c_w.l(libinit2.o)
    0x0800024c   0x00000000   Code   RO         9638    .ARM.Collect$$libinit$$00000013  c_w.l(libinit2.o)
    0x0800024c   0x00000000   Code   RO         9640    .ARM.Collect$$libinit$$00000015  c_w.l(libinit2.o)
    0x0800024c   0x00000000   Code   RO         9642    .ARM.Collect$$libinit$$00000017  c_w.l(libinit2.o)
    0x0800024c   0x00000000   Code   RO         9644    .ARM.Collect$$libinit$$00000019  c_w.l(libinit2.o)
    0x0800024c   0x00000000   Code   RO         9646    .ARM.Collect$$libinit$$0000001B  c_w.l(libinit2.o)
    0x0800024c   0x00000000   Code   RO         9648    .ARM.Collect$$libinit$$0000001D  c_w.l(libinit2.o)
    0x0800024c   0x00000000   Code   RO         9650    .ARM.Collect$$libinit$$0000001F  c_w.l(libinit2.o)
    0x0800024c   0x00000000   Code   RO         9652    .ARM.Collect$$libinit$$00000021  c_w.l(libinit2.o)
    0x0800024c   0x00000000   Code   RO         9654    .ARM.Collect$$libinit$$00000023  c_w.l(libinit2.o)
    0x0800024c   0x00000000   Code   RO         9656    .ARM.Collect$$libinit$$00000025  c_w.l(libinit2.o)
    0x0800024c   0x00000000   Code   RO         9660    .ARM.Collect$$libinit$$0000002C  c_w.l(libinit2.o)
    0x0800024c   0x00000000   Code   RO         9662    .ARM.Collect$$libinit$$0000002E  c_w.l(libinit2.o)
    0x0800024c   0x00000000   Code   RO         9664    .ARM.Collect$$libinit$$00000030  c_w.l(libinit2.o)
    0x0800024c   0x00000000   Code   RO         9666    .ARM.Collect$$libinit$$00000032  c_w.l(libinit2.o)
    0x0800024c   0x00000002   Code   RO         9667    .ARM.Collect$$libinit$$00000033  c_w.l(libinit2.o)
    0x0800024e   0x00000002   Code   RO         9940    .ARM.Collect$$libshutdown$$00000000  c_w.l(libshutdown.o)
    0x08000250   0x00000000   Code   RO         9896    .ARM.Collect$$libshutdown$$00000002  c_w.l(libshutdown2.o)
    0x08000250   0x00000000   Code   RO         9898    .ARM.Collect$$libshutdown$$00000004  c_w.l(libshutdown2.o)
    0x08000250   0x00000000   Code   RO         9901    .ARM.Collect$$libshutdown$$00000007  c_w.l(libshutdown2.o)
    0x08000250   0x00000000   Code   RO         9904    .ARM.Collect$$libshutdown$$0000000A  c_w.l(libshutdown2.o)
    0x08000250   0x00000000   Code   RO         9906    .ARM.Collect$$libshutdown$$0000000C  c_w.l(libshutdown2.o)
    0x08000250   0x00000000   Code   RO         9909    .ARM.Collect$$libshutdown$$0000000F  c_w.l(libshutdown2.o)
    0x08000250   0x00000002   Code   RO         9910    .ARM.Collect$$libshutdown$$00000010  c_w.l(libshutdown2.o)
    0x08000252   0x00000000   Code   RO         9580    .ARM.Collect$$rtentry$$00000000  c_w.l(__rtentry.o)
    0x08000252   0x00000000   Code   RO         9757    .ARM.Collect$$rtentry$$00000002  c_w.l(__rtentry2.o)
    0x08000252   0x00000006   Code   RO         9769    .ARM.Collect$$rtentry$$00000004  c_w.l(__rtentry4.o)
    0x08000258   0x00000000   Code   RO         9759    .ARM.Collect$$rtentry$$00000009  c_w.l(__rtentry2.o)
    0x08000258   0x00000004   Code   RO         9760    .ARM.Collect$$rtentry$$0000000A  c_w.l(__rtentry2.o)
    0x0800025c   0x00000000   Code   RO         9762    .ARM.Collect$$rtentry$$0000000C  c_w.l(__rtentry2.o)
    0x0800025c   0x00000008   Code   RO         9763    .ARM.Collect$$rtentry$$0000000D  c_w.l(__rtentry2.o)
    0x08000264   0x00000002   Code   RO         9883    .ARM.Collect$$rtexit$$00000000  c_w.l(rtexit.o)
    0x08000266   0x00000000   Code   RO         9916    .ARM.Collect$$rtexit$$00000002  c_w.l(rtexit2.o)
    0x08000266   0x00000004   Code   RO         9917    .ARM.Collect$$rtexit$$00000003  c_w.l(rtexit2.o)
    0x0800026a   0x00000006   Code   RO         9918    .ARM.Collect$$rtexit$$00000004  c_w.l(rtexit2.o)
    0x08000270   0x000000be   Code   RO         6265    .emb_text           port.o
    0x0800032e   0x00000002   PAD
    0x08000330   0x00000040   Code   RO            4    .text               startup_stm32f407xx.o
    0x08000370   0x000000ee   Code   RO         9357    .text               c_w.l(lludivv7m.o)
    0x0800045e   0x00000002   PAD
    0x08000460   0x00000028   Code   RO         9361    .text               c_w.l(noretval__2sprintf.o)
    0x08000488   0x0000004e   Code   RO         9365    .text               c_w.l(_printf_pad.o)
    0x080004d6   0x00000002   PAD
    0x080004d8   0x00000078   Code   RO         9367    .text               c_w.l(_printf_dec.o)
    0x08000550   0x00000138   Code   RO         9381    .text               c_w.l(__printf_flags_wp.o)
    0x08000688   0x0000003e   Code   RO         9392    .text               c_w.l(strlen.o)
    0x080006c6   0x0000008a   Code   RO         9394    .text               c_w.l(rt_memcpy_v6.o)
    0x08000750   0x00000064   Code   RO         9396    .text               c_w.l(rt_memcpy_w.o)
    0x080007b4   0x0000004e   Code   RO         9402    .text               c_w.l(rt_memclr_w.o)
    0x08000802   0x00000006   Code   RO         9404    .text               c_w.l(heapauxi.o)
    0x08000808   0x00000016   Code   RO         9610    .text               c_w.l(_rserrno.o)
    0x0800081e   0x000000b2   Code   RO         9612    .text               c_w.l(_printf_intcommon.o)
    0x080008d0   0x00000030   Code   RO         9616    .text               c_w.l(_printf_char_common.o)
    0x08000900   0x0000000a   Code   RO         9618    .text               c_w.l(_sputc.o)
    0x0800090a   0x00000002   PAD
    0x0800090c   0x00000008   Code   RO         9753    .text               c_w.l(libspace.o)
    0x08000914   0x00000008   Code   RO         9781    .text               c_w.l(rt_errno_addr_intlibspace.o)
    0x0800091c   0x00000002   Code   RO         9848    .text               c_w.l(use_no_semi.o)
    0x0800091e   0x00000000   Code   RO         9850    .text               c_w.l(indicate_semi.o)
    0x0800091e   0x0000004a   Code   RO         9851    .text               c_w.l(sys_stackheap_outer.o)
    0x08000968   0x00000012   Code   RO         9857    .text               c_w.l(exit.o)
    0x0800097a   0x00000002   PAD
    0x0800097c   0x0000000c   Code   RO         9881    .text               c_w.l(sys_exit.o)
    0x08000988   0x000000a8   Code   RO         9179    .text.arm_cos_f32   arm_cortexM4l_math.lib(arm_cos_f32.o)
    0x08000a30   0x000000a0   Code   RO         9189    .text.arm_sin_f32   arm_cortexM4l_math.lib(arm_sin_f32.o)
    0x08000ad0   0x00000004   Code   RO         7338    i.AHRS_asinf        ahrs_middleware.o
    0x08000ad4   0x00000004   Code   RO         7339    i.AHRS_atan2f       ahrs_middleware.o
    0x08000ad8   0x00000020   Code   RO         7340    i.AHRS_cosf         ahrs_middleware.o
    0x08000af8   0x0000001a   Code   RO         9091    i.AHRS_fabs         AHRS.lib(ahrs.o)
    0x08000b12   0x00000002   PAD
    0x08000b14   0x00000014   Code   RO         7341    i.AHRS_get_height   ahrs_middleware.o
    0x08000b28   0x0000000e   Code   RO         7342    i.AHRS_get_latitude  ahrs_middleware.o
    0x08000b36   0x00000002   PAD
    0x08000b38   0x0000029c   Code   RO         9092    i.AHRS_init         AHRS.lib(ahrs.o)
    0x08000dd4   0x00000014   Code   RO         7343    i.AHRS_invSqrt      ahrs_middleware.o
    0x08000de8   0x00000020   Code   RO         7344    i.AHRS_sinf         ahrs_middleware.o
    0x08000e08   0x0000013a   Code   RO         9093    i.AHRS_update       AHRS.lib(ahrs.o)
    0x08000f42   0x00000002   PAD
    0x08000f44   0x00000028   Code   RO         6547    i.Append_CRC16_Check_Sum  crc.o
    0x08000f6c   0x00000020   Code   RO         6548    i.Append_CRC8_Check_Sum  crc.o
    0x08000f8c   0x00000010   Code   RO         7711    i.BMI088_ACCEL_NS_H  bmi088middleware.o
    0x08000f9c   0x00000010   Code   RO         7712    i.BMI088_ACCEL_NS_L  bmi088middleware.o
    0x08000fac   0x00000002   Code   RO         7713    i.BMI088_GPIO_init  bmi088middleware.o
    0x08000fae   0x00000002   PAD
    0x08000fb0   0x00000010   Code   RO         7714    i.BMI088_GYRO_NS_H  bmi088middleware.o
    0x08000fc0   0x00000010   Code   RO         7715    i.BMI088_GYRO_NS_L  bmi088middleware.o
    0x08000fd0   0x00000080   Code   RO         7497    i.BMI088_accel_read_over  bmi088driver.o
    0x08001050   0x00000002   Code   RO         7716    i.BMI088_com_init   bmi088middleware.o
    0x08001052   0x00000004   Code   RO         7717    i.BMI088_delay_ms   bmi088middleware.o
    0x08001056   0x00000004   Code   RO         7718    i.BMI088_delay_us   bmi088middleware.o
    0x0800105a   0x00000002   PAD
    0x0800105c   0x00000060   Code   RO         7498    i.BMI088_gyro_read_over  bmi088driver.o
    0x080010bc   0x0000002e   Code   RO         7499    i.BMI088_init       bmi088driver.o
    0x080010ea   0x00000002   PAD
    0x080010ec   0x00000158   Code   RO         7500    i.BMI088_read       bmi088driver.o
    0x08001244   0x00000024   Code   RO         7503    i.BMI088_read_muli_reg  bmi088driver.o
    0x08001268   0x00000016   Code   RO         7504    i.BMI088_read_single_reg  bmi088driver.o
    0x0800127e   0x00000002   PAD
    0x08001280   0x00000020   Code   RO         7719    i.BMI088_read_write_byte  bmi088middleware.o
    0x080012a0   0x0000002e   Code   RO         7505    i.BMI088_temperature_read_over  bmi088driver.o
    0x080012ce   0x00000012   Code   RO         7506    i.BMI088_write_single_reg  bmi088driver.o
    0x080012e0   0x00000030   Code   RO         7007    i.Beep_Play         beep.o
    0x08001310   0x00000038   Code   RO         7008    i.Beep_PlayNotes    beep.o
    0x08001348   0x00000002   Code   RO          755    i.BusFault_Handler  stm32f4xx_it.o
    0x0800134a   0x00000002   PAD
    0x0800134c   0x0000000c   Code   RO          756    i.CAN1_RX0_IRQHandler  stm32f4xx_it.o
    0x08001358   0x000000fc   Code   RO         7189    i.CAN1_Rx0Callback  user_can.o
    0x08001454   0x0000000c   Code   RO          757    i.CAN1_TX_IRQHandler  stm32f4xx_it.o
    0x08001460   0x0000000c   Code   RO          758    i.CAN2_RX0_IRQHandler  stm32f4xx_it.o
    0x0800146c   0x000000a0   Code   RO         7190    i.CAN2_Rx0Callback  user_can.o
    0x0800150c   0x0000000c   Code   RO          759    i.CAN2_TX_IRQHandler  stm32f4xx_it.o
    0x08001518   0x0000011c   Code   RO         7139    i.Cap_AnalysisData  super_cap.o
    0x08001634   0x0000008c   Code   RO         8316    i.Chassis_GetModeText  chassis.o
    0x080016c0   0x00000034   Code   RO         8317    i.Chassis_GetOutputRatio  chassis.o
    0x080016f4   0x00000084   Code   RO         8322    i.Chassis_RockerCtrl  chassis.o
    0x08001778   0x0000028c   Code   RO         8324    i.Chassis_SwitchMode_KeyCallback  chassis.o
    0x08001a04   0x00000190   Code   RO         8326    i.Chassis_UI_Init   chassis.o
    0x08001b94   0x00000018   Code   RO         8327    i.Chassis_UpdateSlope  chassis.o
    0x08001bac   0x00000094   Code   RO         8328    i.Chassis_UpdateSpeedLimit  chassis.o
    0x08001c40   0x000002c4   Code   RO         8025    i.DMA2_Stream2_IRQHandler  user_imu.o
    0x08001f04   0x0000000c   Code   RO          760    i.DMA2_Stream6_IRQHandler  stm32f4xx_it.o
    0x08001f10   0x00000028   Code   RO         1659    i.DMA_CalcBaseAndBitshift  stm32f4xx_hal_dma.o
    0x08001f38   0x00000054   Code   RO         1660    i.DMA_CheckFifoParam  stm32f4xx_hal_dma.o
    0x08001f8c   0x00000028   Code   RO         1661    i.DMA_SetConfig     stm32f4xx_hal_dma.o
    0x08001fb4   0x00000002   Code   RO          761    i.DebugMon_Handler  stm32f4xx_it.o
    0x08001fb6   0x00000002   PAD
    0x08001fb8   0x0000001c   Code   RO         6604    i.Detect_Update     detect.o
    0x08001fd4   0x00000006   Code   RO          762    i.EXTI0_IRQHandler  stm32f4xx_it.o
    0x08001fda   0x00000006   Code   RO          763    i.EXTI3_IRQHandler  stm32f4xx_it.o
    0x08001fe0   0x00000006   Code   RO          764    i.EXTI4_IRQHandler  stm32f4xx_it.o
    0x08001fe6   0x00000006   Code   RO          765    i.EXTI9_5_IRQHandler  stm32f4xx_it.o
    0x08001fec   0x00000004   Code   RO           13    i.Error_Handler     main.o
    0x08001ff0   0x0000004c   Code   RO         6342    i.Filter_AverCalc   filter.o
    0x0800203c   0x0000002c   Code   RO         6549    i.Get_CRC16_Check_Sum  crc.o
    0x08002068   0x00000020   Code   RO         6550    i.Get_CRC8_Check_Sum  crc.o
    0x08002088   0x000000cc   Code   RO         8452    i.Gimbal_MouseCtrl  gimbal.o
    0x08002154   0x000000bc   Code   RO         8455    i.Gimbal_RockerCtrl  gimbal.o
    0x08002210   0x00000080   Code   RO         8459    i.Gimbal_UpdataAngle  gimbal.o
    0x08002290   0x0000007c   Code   RO         8460    i.Gimbal_VisionCtrl  gimbal.o
    0x0800230c   0x0000007e   Code   RO         6704    i.Graph_DrawCircle  graphics.o
    0x0800238a   0x0000008a   Code   RO         6707    i.Graph_DrawLine    graphics.o
    0x08002414   0x00000090   Code   RO         6710    i.Graph_DrawText    graphics.o
    0x080024a4   0x0000001e   Code   RO         6715    i.Graph_SetLine     graphics.o
    0x080024c2   0x00000040   Code   RO         6718    i.Graph_SetText     graphics.o
    0x08002502   0x000000c8   Code   RO          968    i.HAL_CAN_AddTxMessage  stm32f4xx_hal_can.o
    0x080025ca   0x00000002   Code   RO          972    i.HAL_CAN_ErrorCallback  stm32f4xx_hal_can.o
    0x080025cc   0x000000e8   Code   RO          975    i.HAL_CAN_GetRxMessage  stm32f4xx_hal_can.o
    0x080026b4   0x000001fc   Code   RO          979    i.HAL_CAN_IRQHandler  stm32f4xx_hal_can.o
    0x080028b0   0x0000011a   Code   RO          980    i.HAL_CAN_Init      stm32f4xx_hal_can.o
    0x080029ca   0x00000002   PAD
    0x080029cc   0x0000011c   Code   RO          401    i.HAL_CAN_MspInit   can.o
    0x08002ae8   0x00000002   Code   RO          987    i.HAL_CAN_RxFifo0FullCallback  stm32f4xx_hal_can.o
    0x08002aea   0x00000002   PAD
    0x08002aec   0x0000005c   Code   RO         7192    i.HAL_CAN_RxFifo0MsgPendingCallback  user_can.o
    0x08002b48   0x00000002   Code   RO          989    i.HAL_CAN_RxFifo1FullCallback  stm32f4xx_hal_can.o
    0x08002b4a   0x00000002   Code   RO          990    i.HAL_CAN_RxFifo1MsgPendingCallback  stm32f4xx_hal_can.o
    0x08002b4c   0x00000002   Code   RO          991    i.HAL_CAN_SleepCallback  stm32f4xx_hal_can.o
    0x08002b4e   0x00000002   Code   RO          994    i.HAL_CAN_TxMailbox0AbortCallback  stm32f4xx_hal_can.o
    0x08002b50   0x00000002   Code   RO          995    i.HAL_CAN_TxMailbox0CompleteCallback  stm32f4xx_hal_can.o
    0x08002b52   0x00000002   Code   RO          996    i.HAL_CAN_TxMailbox1AbortCallback  stm32f4xx_hal_can.o
    0x08002b54   0x00000002   Code   RO          997    i.HAL_CAN_TxMailbox1CompleteCallback  stm32f4xx_hal_can.o
    0x08002b56   0x00000002   Code   RO          998    i.HAL_CAN_TxMailbox2AbortCallback  stm32f4xx_hal_can.o
    0x08002b58   0x00000002   Code   RO          999    i.HAL_CAN_TxMailbox2CompleteCallback  stm32f4xx_hal_can.o
    0x08002b5a   0x00000002   Code   RO         1001    i.HAL_CAN_WakeUpFromRxMsgCallback  stm32f4xx_hal_can.o
    0x08002b5c   0x00000092   Code   RO         1662    i.HAL_DMA_Abort     stm32f4xx_hal_dma.o
    0x08002bee   0x00000024   Code   RO         1663    i.HAL_DMA_Abort_IT  stm32f4xx_hal_dma.o
    0x08002c12   0x00000002   PAD
    0x08002c14   0x000001a0   Code   RO         1667    i.HAL_DMA_IRQHandler  stm32f4xx_hal_dma.o
    0x08002db4   0x000000d4   Code   RO         1668    i.HAL_DMA_Init      stm32f4xx_hal_dma.o
    0x08002e88   0x0000006e   Code   RO         1672    i.HAL_DMA_Start_IT  stm32f4xx_hal_dma.o
    0x08002ef6   0x00000002   PAD
    0x08002ef8   0x00000024   Code   RO         2081    i.HAL_Delay         stm32f4xx_hal.o
    0x08002f1c   0x00000078   Code   RO         8026    i.HAL_GPIO_EXTI_Callback  user_imu.o
    0x08002f94   0x00000018   Code   RO         1554    i.HAL_GPIO_EXTI_IRQHandler  stm32f4xx_hal_gpio.o
    0x08002fac   0x000001f0   Code   RO         1555    i.HAL_GPIO_Init     stm32f4xx_hal_gpio.o
    0x0800319c   0x0000000a   Code   RO         1557    i.HAL_GPIO_ReadPin  stm32f4xx_hal_gpio.o
    0x080031a6   0x00000010   Code   RO         1558    i.HAL_GPIO_TogglePin  stm32f4xx_hal_gpio.o
    0x080031b6   0x0000000a   Code   RO         1559    i.HAL_GPIO_WritePin  stm32f4xx_hal_gpio.o
    0x080031c0   0x0000000c   Code   RO         2087    i.HAL_GetTick       stm32f4xx_hal.o
    0x080031cc   0x00000188   Code   RO         2343    i.HAL_I2C_Init      stm32f4xx_hal_i2c.o
    0x08003354   0x000001f8   Code   RO         2361    i.HAL_I2C_Mem_Read  stm32f4xx_hal_i2c.o
    0x0800354c   0x00000130   Code   RO         2364    i.HAL_I2C_Mem_Write  stm32f4xx_hal_i2c.o
    0x0800367c   0x00000094   Code   RO          474    i.HAL_I2C_MspInit   i2c.o
    0x08003710   0x00000010   Code   RO         2093    i.HAL_IncTick       stm32f4xx_hal.o
    0x08003720   0x00000034   Code   RO         2094    i.HAL_Init          stm32f4xx_hal.o
    0x08003754   0x00000074   Code   RO          927    i.HAL_InitTick      stm32f4xx_hal_timebase_tim.o
    0x080037c8   0x00000038   Code   RO          903    i.HAL_MspInit       stm32f4xx_hal_msp.o
    0x08003800   0x0000001a   Code   RO         1944    i.HAL_NVIC_EnableIRQ  stm32f4xx_hal_cortex.o
    0x0800381a   0x00000002   PAD
    0x0800381c   0x00000040   Code   RO         1950    i.HAL_NVIC_SetPriority  stm32f4xx_hal_cortex.o
    0x0800385c   0x00000024   Code   RO         1951    i.HAL_NVIC_SetPriorityGrouping  stm32f4xx_hal_cortex.o
    0x08003880   0x00000024   Code   RO         1952    i.HAL_NVIC_SystemReset  stm32f4xx_hal_cortex.o
    0x080038a4   0x000000e2   Code   RO         4455    i.HAL_PCD_Init      stm32f4xx_hal_pcd.o
    0x08003986   0x00000002   PAD
    0x08003988   0x00000074   Code   RO          714    i.HAL_PCD_MspInit   usb_otg.o
    0x080039fc   0x00000134   Code   RO         1201    i.HAL_RCC_ClockConfig  stm32f4xx_hal_rcc.o
    0x08003b30   0x00000040   Code   RO         1205    i.HAL_RCC_GetClockConfig  stm32f4xx_hal_rcc.o
    0x08003b70   0x00000020   Code   RO         1208    i.HAL_RCC_GetPCLK1Freq  stm32f4xx_hal_rcc.o
    0x08003b90   0x00000020   Code   RO         1209    i.HAL_RCC_GetPCLK2Freq  stm32f4xx_hal_rcc.o
    0x08003bb0   0x00000064   Code   RO         1210    i.HAL_RCC_GetSysClockFreq  stm32f4xx_hal_rcc.o
    0x08003c14   0x0000036c   Code   RO         1213    i.HAL_RCC_OscConfig  stm32f4xx_hal_rcc.o
    0x08003f80   0x000000bc   Code   RO         2793    i.HAL_SPI_Init      stm32f4xx_hal_spi.o
    0x0800403c   0x000000d8   Code   RO          516    i.HAL_SPI_MspInit   spi.o
    0x08004114   0x000001e2   Code   RO         2802    i.HAL_SPI_TransmitReceive  stm32f4xx_hal_spi.o
    0x080042f6   0x00000002   Code   RO         3810    i.HAL_TIMEx_BreakCallback  stm32f4xx_hal_tim_ex.o
    0x080042f8   0x00000002   Code   RO         3811    i.HAL_TIMEx_CommutCallback  stm32f4xx_hal_tim_ex.o
    0x080042fa   0x00000054   Code   RO         3813    i.HAL_TIMEx_ConfigBreakDeadTime  stm32f4xx_hal_tim_ex.o
    0x0800434e   0x00000002   PAD
    0x08004350   0x00000090   Code   RO         3829    i.HAL_TIMEx_MasterConfigSynchronization  stm32f4xx_hal_tim_ex.o
    0x080043e0   0x0000005a   Code   RO         3106    i.HAL_TIM_Base_Init  stm32f4xx_hal_tim.o
    0x0800443a   0x00000002   PAD
    0x0800443c   0x00000058   Code   RO          558    i.HAL_TIM_Base_MspInit  tim.o
    0x08004494   0x00000080   Code   RO         3111    i.HAL_TIM_Base_Start_IT  stm32f4xx_hal_tim.o
    0x08004514   0x000000dc   Code   RO         3115    i.HAL_TIM_ConfigClockSource  stm32f4xx_hal_tim.o
    0x080045f0   0x000000a4   Code   RO         3127    i.HAL_TIM_Encoder_Init  stm32f4xx_hal_tim.o
    0x08004694   0x00000090   Code   RO          560    i.HAL_TIM_Encoder_MspInit  tim.o
    0x08004724   0x00000002   Code   RO         3140    i.HAL_TIM_IC_CaptureCallback  stm32f4xx_hal_tim.o
    0x08004726   0x00000166   Code   RO         3154    i.HAL_TIM_IRQHandler  stm32f4xx_hal_tim.o
    0x0800488c   0x000000e0   Code   RO          561    i.HAL_TIM_MspPostInit  tim.o
    0x0800496c   0x00000002   Code   RO         3157    i.HAL_TIM_OC_DelayElapsedCallback  stm32f4xx_hal_tim.o
    0x0800496e   0x000000cc   Code   RO         3178    i.HAL_TIM_PWM_ConfigChannel  stm32f4xx_hal_tim.o
    0x08004a3a   0x0000005a   Code   RO         3181    i.HAL_TIM_PWM_Init  stm32f4xx_hal_tim.o
    0x08004a94   0x00000044   Code   RO          563    i.HAL_TIM_PWM_MspInit  tim.o
    0x08004ad8   0x00000002   Code   RO         3184    i.HAL_TIM_PWM_PulseFinishedCallback  stm32f4xx_hal_tim.o
    0x08004ada   0x00000002   PAD
    0x08004adc   0x000000c8   Code   RO         3186    i.HAL_TIM_PWM_Start  stm32f4xx_hal_tim.o
    0x08004ba4   0x0000007c   Code   RO         3189    i.HAL_TIM_PWM_Stop  stm32f4xx_hal_tim.o
    0x08004c20   0x0000000e   Code   RO           14    i.HAL_TIM_PeriodElapsedCallback  main.o
    0x08004c2e   0x00000002   Code   RO         3197    i.HAL_TIM_TriggerCallback  stm32f4xx_hal_tim.o
    0x08004c30   0x00000002   Code   RO         4088    i.HAL_UARTEx_RxEventCallback  stm32f4xx_hal_uart.o
    0x08004c32   0x00000002   Code   RO         4102    i.HAL_UART_ErrorCallback  stm32f4xx_hal_uart.o
    0x08004c34   0x00000268   Code   RO         4105    i.HAL_UART_IRQHandler  stm32f4xx_hal_uart.o
    0x08004e9c   0x00000062   Code   RO         4106    i.HAL_UART_Init     stm32f4xx_hal_uart.o
    0x08004efe   0x00000002   PAD
    0x08004f00   0x0000019c   Code   RO          654    i.HAL_UART_MspInit  usart.o
    0x0800509c   0x00000002   Code   RO         4112    i.HAL_UART_RxCpltCallback  stm32f4xx_hal_uart.o
    0x0800509e   0x00000002   PAD
    0x080050a0   0x0000008c   Code   RO         4115    i.HAL_UART_Transmit_DMA  stm32f4xx_hal_uart.o
    0x0800512c   0x0000003e   Code   RO         4116    i.HAL_UART_Transmit_IT  stm32f4xx_hal_uart.o
    0x0800516a   0x00000002   Code   RO         4117    i.HAL_UART_TxCpltCallback  stm32f4xx_hal_uart.o
    0x0800516c   0x00000002   Code   RO         4118    i.HAL_UART_TxHalfCpltCallback  stm32f4xx_hal_uart.o
    0x0800516e   0x00000002   Code   RO          766    i.HardFault_Handler  stm32f4xx_it.o
    0x08005170   0x0000002e   Code   RO         2385    i.I2C_IsAcknowledgeFailed  stm32f4xx_hal_i2c.o
    0x0800519e   0x00000002   PAD
    0x080051a0   0x000000fc   Code   RO         2395    i.I2C_RequestMemoryRead  stm32f4xx_hal_i2c.o
    0x0800529c   0x000000a8   Code   RO         2396    i.I2C_RequestMemoryWrite  stm32f4xx_hal_i2c.o
    0x08005344   0x0000004c   Code   RO         2400    i.I2C_WaitOnBTFFlagUntilTimeout  stm32f4xx_hal_i2c.o
    0x08005390   0x00000068   Code   RO         2401    i.I2C_WaitOnFlagUntilTimeout  stm32f4xx_hal_i2c.o
    0x080053f8   0x00000096   Code   RO         2402    i.I2C_WaitOnMasterAddressFlagUntilTimeout  stm32f4xx_hal_i2c.o
    0x0800548e   0x00000066   Code   RO         2403    i.I2C_WaitOnRXNEFlagUntilTimeout  stm32f4xx_hal_i2c.o
    0x080054f4   0x0000004c   Code   RO         2404    i.I2C_WaitOnTXEFlagUntilTimeout  stm32f4xx_hal_i2c.o
    0x08005540   0x0000000c   Code   RO         6830    i.JUDGE_GetChassisPowerLimit  judge.o
    0x0800554c   0x0000000c   Code   RO         6834    i.JUDGE_GetPowerBuffer  judge.o
    0x08005558   0x00000014   Code   RO         6835    i.JUDGE_GetRemainHeat  judge.o
    0x0800556c   0x00000014   Code   RO         6837    i.JUDGE_GetSelfColor  judge.o
    0x08005580   0x0000000c   Code   RO         6839    i.JUDGE_GetShootSpeedLimit  judge.o
    0x0800558c   0x00000010   Code   RO         6840    i.JUDGE_GetShooterOutputState  judge.o
    0x0800559c   0x0000000c   Code   RO         6843    i.JUDGE_IsValid     judge.o
    0x080055a8   0x00000088   Code   RO         6845    i.JUDGE_SendGraphStruct  judge.o
    0x08005630   0x00000094   Code   RO         6846    i.JUDGE_SendTextStruct  judge.o
    0x080056c4   0x0000004c   Code   RO         8899    i.LASER_SetPositionStart  user_laser.o
    0x08005710   0x00000028   Code   RO         8903    i.Laser_Init        user_laser.o
    0x08005738   0x0000004c   Code   RO         8908    i.Laser_OpenLight   user_laser.o
    0x08005784   0x00000054   Code   RO         8910    i.Laser_SetFreq     user_laser.o
    0x080057d8   0x0000005c   Code   RO         8912    i.Laser_SetRange    user_laser.o
    0x08005834   0x00000050   Code   RO         8913    i.Laser_SetSolution  user_laser.o
    0x08005884   0x00000044   Code   RO          402    i.MX_CAN1_Init      can.o
    0x080058c8   0x00000044   Code   RO          403    i.MX_CAN2_Init      can.o
    0x0800590c   0x0000004c   Code   RO          449    i.MX_DMA_Init       dma.o
    0x08005958   0x00000148   Code   RO          272    i.MX_FREERTOS_Init  freertos.o
    0x08005aa0   0x000001e4   Code   RO          248    i.MX_GPIO_Init      gpio.o
    0x08005c84   0x00000040   Code   RO          475    i.MX_I2C3_Init      i2c.o
    0x08005cc4   0x00000048   Code   RO          517    i.MX_SPI1_Init      spi.o
    0x08005d0c   0x00000064   Code   RO          564    i.MX_TIM10_Init     tim.o
    0x08005d70   0x000000d0   Code   RO          565    i.MX_TIM1_Init      tim.o
    0x08005e40   0x00000070   Code   RO          566    i.MX_TIM4_Init      tim.o
    0x08005eb0   0x00000064   Code   RO          567    i.MX_TIM5_Init      tim.o
    0x08005f14   0x0000006c   Code   RO          568    i.MX_TIM8_Init      tim.o
    0x08005f80   0x00000038   Code   RO          655    i.MX_USART1_UART_Init  usart.o
    0x08005fb8   0x00000038   Code   RO          656    i.MX_USART2_UART_Init  usart.o
    0x08005ff0   0x00000044   Code   RO          657    i.MX_USART3_UART_Init  usart.o
    0x08006034   0x00000038   Code   RO          658    i.MX_USART6_UART_Init  usart.o
    0x0800606c   0x00000038   Code   RO          715    i.MX_USB_OTG_FS_PCD_Init  usb_otg.o
    0x080060a4   0x00000002   Code   RO          767    i.MemManage_Handler  stm32f4xx_it.o
    0x080060a6   0x00000032   Code   RO         7076    i.Motor_CalcAngle   moto.o
    0x080060d8   0x0000000e   Code   RO         7078    i.Motor_Update      moto.o
    0x080060e6   0x00000002   Code   RO          768    i.NMI_Handler       stm32f4xx_it.o
    0x080060e8   0x00000026   Code   RO         6451    i.PID_CascadeCalc   pid.o
    0x0800610e   0x00000002   PAD
    0x08006110   0x0000001c   Code   RO         6452    i.PID_Clear         pid.o
    0x0800612c   0x0000001c   Code   RO         6453    i.PID_Init          pid.o
    0x08006148   0x00000006   Code   RO         6455    i.PID_SetMaxOutput  pid.o
    0x0800614e   0x00000002   PAD
    0x08006150   0x000000cc   Code   RO         6456    i.PID_SingleCalc    pid.o
    0x0800621c   0x00000028   Code   RO         6382    i.Queue_Dequeue     myqueue.o
    0x08006244   0x0000004c   Code   RO         6384    i.Queue_Enqueue     myqueue.o
    0x08006290   0x00000010   Code   RO         6387    i.Queue_IsEmpty     myqueue.o
    0x080062a0   0x0000001c   Code   RO         6388    i.Queue_IsFull      myqueue.o
    0x080062bc   0x000001dc   Code   RO         8795    i.RC_UpdateKeys     rc.o
    0x08006498   0x00001274   Code   RO         7880    i.SPI1_DMA_enable   bsp_spi.o
    0x0800770c   0x000000f0   Code   RO         7881    i.SPI1_DMA_init     bsp_spi.o
    0x080077fc   0x00000058   Code   RO         2831    i.SPI_EndRxTxTransaction  stm32f4xx_hal_spi.o
    0x08007854   0x000000b8   Code   RO         2836    i.SPI_WaitFlagStateUntilTimeout  stm32f4xx_hal_spi.o
    0x0800790c   0x00000024   Code   RO         8590    i.Shooter_InquireBulletState  shooter.o
    0x08007930   0x000000dc   Code   RO         8592    i.Shooter_RockerCtrl  shooter.o
    0x08007a0c   0x0000021c   Code   RO         8595    i.Shooter_UI_Init   shooter.o
    0x08007c28   0x00000020   Code   RO         8596    i.Shooter_UpdateFricSpeed  shooter.o
    0x08007c48   0x00000006   Code   RO         6499    i.Slope_GetVal      slope.o
    0x08007c4e   0x0000007e   Code   RO         6501    i.Slope_NextVal     slope.o
    0x08007ccc   0x00000006   Code   RO         6502    i.Slope_SetStep     slope.o
    0x08007cd2   0x00000006   Code   RO         6503    i.Slope_SetTarget   slope.o
    0x08007cd8   0x00000008   Code   RO          273    i.StartDefaultTask  freertos.o
    0x08007ce0   0x0000002c   Code   RO         6266    i.SysTick_Handler   port.o
    0x08007d0c   0x00000094   Code   RO           15    i.SystemClock_Config  main.o
    0x08007da0   0x00000010   Code   RO         5000    i.SystemInit        system_stm32f4xx.o
    0x08007db0   0x0000000c   Code   RO          769    i.TIM2_IRQHandler   stm32f4xx_it.o
    0x08007dbc   0x0000000c   Code   RO          770    i.TIM5_IRQHandler   stm32f4xx_it.o
    0x08007dc8   0x000000c8   Code   RO         3199    i.TIM_Base_SetConfig  stm32f4xx_hal_tim.o
    0x08007e90   0x0000001a   Code   RO         3200    i.TIM_CCxChannelCmd  stm32f4xx_hal_tim.o
    0x08007eaa   0x00000014   Code   RO         3210    i.TIM_ETR_SetConfig  stm32f4xx_hal_tim.o
    0x08007ebe   0x00000010   Code   RO         3211    i.TIM_ITRx_SetConfig  stm32f4xx_hal_tim.o
    0x08007ece   0x00000002   PAD
    0x08007ed0   0x00000060   Code   RO         3212    i.TIM_OC1_SetConfig  stm32f4xx_hal_tim.o
    0x08007f30   0x0000006c   Code   RO         3213    i.TIM_OC2_SetConfig  stm32f4xx_hal_tim.o
    0x08007f9c   0x00000068   Code   RO         3214    i.TIM_OC3_SetConfig  stm32f4xx_hal_tim.o
    0x08008004   0x00000050   Code   RO         3215    i.TIM_OC4_SetConfig  stm32f4xx_hal_tim.o
    0x08008054   0x00000022   Code   RO         3217    i.TIM_TI1_ConfigInputStage  stm32f4xx_hal_tim.o
    0x08008076   0x00000024   Code   RO         3219    i.TIM_TI2_ConfigInputStage  stm32f4xx_hal_tim.o
    0x0800809a   0x00000002   PAD
    0x0800809c   0x0000003c   Code   RO         7010    i.Task_Beep_Callback  beep.o
    0x080080d8   0x00000190   Code   RO         7079    i.Task_CANMotors_Callback  moto.o
    0x08008268   0x00000294   Code   RO         8329    i.Task_Chassis_Callback  chassis.o
    0x080084fc   0x00000058   Code   RO         6605    i.Task_Detect_Callback  detect.o
    0x08008554   0x00000118   Code   RO         8463    i.Task_Gimbal_Callback  gimbal.o
    0x0800866c   0x0000002c   Code   RO         6848    i.Task_Judge_Callback  judge.o
    0x08008698   0x0000007c   Code   RO         8796    i.Task_RC_Callback  rc.o
    0x08008714   0x0000011c   Code   RO         8597    i.Task_Shooter_Callback  shooter.o
    0x08008830   0x00000050   Code   RO         8696    i.Task_VisionSendInfo_Callback  vision.o
    0x08008880   0x00000010   Code   RO         4119    i.UART_DMAAbortOnError  stm32f4xx_hal_uart.o
    0x08008890   0x0000004a   Code   RO         4120    i.UART_DMAError     stm32f4xx_hal_uart.o
    0x080088da   0x00000042   Code   RO         4125    i.UART_DMATransmitCplt  stm32f4xx_hal_uart.o
    0x0800891c   0x0000000a   Code   RO         4127    i.UART_DMATxHalfCplt  stm32f4xx_hal_uart.o
    0x08008926   0x0000004e   Code   RO         4129    i.UART_EndRxTransfer  stm32f4xx_hal_uart.o
    0x08008974   0x0000001c   Code   RO         4130    i.UART_EndTxTransfer  stm32f4xx_hal_uart.o
    0x08008990   0x00000088   Code   RO         9034    i.UART_PutChar      user_uart.o
    0x08008a18   0x000000c0   Code   RO         4131    i.UART_Receive_IT   stm32f4xx_hal_uart.o
    0x08008ad8   0x0000010c   Code   RO         4132    i.UART_SetConfig    stm32f4xx_hal_uart.o
    0x08008be4   0x0000000c   Code   RO          771    i.USART1_IRQHandler  stm32f4xx_it.o
    0x08008bf0   0x0000000c   Code   RO          772    i.USART2_IRQHandler  stm32f4xx_it.o
    0x08008bfc   0x0000000c   Code   RO          773    i.USART3_IRQHandler  stm32f4xx_it.o
    0x08008c08   0x0000000c   Code   RO          774    i.USART6_IRQHandler  stm32f4xx_it.o
    0x08008c14   0x00000074   Code   RO         4707    i.USB_CoreInit      stm32f4xx_ll_usb.o
    0x08008c88   0x00000040   Code   RO         4708    i.USB_CoreReset     stm32f4xx_ll_usb.o
    0x08008cc8   0x0000001c   Code   RO         4713    i.USB_DevDisconnect  stm32f4xx_ll_usb.o
    0x08008ce4   0x00000174   Code   RO         4714    i.USB_DevInit       stm32f4xx_ll_usb.o
    0x08008e58   0x0000000c   Code   RO         4715    i.USB_DisableGlobalInt  stm32f4xx_ll_usb.o
    0x08008e64   0x00000028   Code   RO         4724    i.USB_FlushRxFifo   stm32f4xx_ll_usb.o
    0x08008e8c   0x0000002c   Code   RO         4725    i.USB_FlushTxFifo   stm32f4xx_ll_usb.o
    0x08008eb8   0x0000005c   Code   RO         4743    i.USB_SetCurrentMode  stm32f4xx_ll_usb.o
    0x08008f14   0x0000001e   Code   RO         7193    i.USER_CAN_GetCapData  user_can.o
    0x08008f32   0x00000032   Code   RO         7194    i.USER_CAN_SendCapData  user_can.o
    0x08008f64   0x00000070   Code   RO         7195    i.USER_CAN_SendVisionBuf  user_can.o
    0x08008fd4   0x0000007c   Code   RO         7196    i.USER_CAN_SetMotorCurrent  user_can.o
    0x08009050   0x00000002   Code   RO          775    i.UsageFault_Handler  stm32f4xx_it.o
    0x08009052   0x00000002   PAD
    0x08009054   0x00000030   Code   RO         8030    i.User_Imu_GetRoll  user_imu.o
    0x08009084   0x00000030   Code   RO         8031    i.User_Imu_GetYaw   user_imu.o
    0x080090b4   0x00000024   Code   RO         8032    i.User_Imu_Get_X_Gyro  user_imu.o
    0x080090d8   0x00000024   Code   RO         8034    i.User_Imu_Get_Z_Gyro  user_imu.o
    0x080090fc   0x00000060   Code   RO         8698    i.Vision_ParseData  vision.o
    0x0800915c   0x0000007c   Code   RO         8702    i.Vision_SendInfo   vision.o
    0x080091d8   0x00000030   Code   RO         9716    i.__ARM_fpclassify  m_wm.l(fpclassify.o)
    0x08009208   0x00000026   Code   RO         9718    i.__ARM_fpclassifyf  m_wm.l(fpclassifyf.o)
    0x0800922e   0x00000020   Code   RO         1957    i.__NVIC_SetPriority  stm32f4xx_hal_cortex.o
    0x0800924e   0x00000002   PAD
    0x08009250   0x00000358   Code   RO         9454    i.__hardfp_acos     m_wm.l(acos.o)
    0x080095a8   0x0000012c   Code   RO         9480    i.__hardfp_asinf    m_wm.l(asinf.o)
    0x080096d4   0x00000250   Code   RO         9492    i.__hardfp_atan2f   m_wm.l(atan2f.o)
    0x08009924   0x00000004   PAD
    0x08009928   0x000000c8   Code   RO         9504    i.__hardfp_cos      m_wm.l(cos.o)
    0x080099f0   0x00000c50   Code   RO         9516    i.__hardfp_pow      m_wm.l(pow.o)
    0x0800a640   0x000000c8   Code   RO         9530    i.__hardfp_sin      m_wm.l(sin.o)
    0x0800a708   0x0000007a   Code   RO         9542    i.__hardfp_sqrt     m_wm.l(sqrt.o)
    0x0800a782   0x0000003a   Code   RO         9554    i.__hardfp_sqrtf    m_wm.l(sqrtf.o)
    0x0800a7bc   0x00000004   PAD
    0x0800a7c0   0x00000438   Code   RO         9737    i.__ieee754_rem_pio2  m_wm.l(rred.o)
    0x0800abf8   0x00000170   Code   RO         9693    i.__kernel_cos      m_wm.l(cos_i.o)
    0x0800ad68   0x000000f8   Code   RO         9734    i.__kernel_poly     m_wm.l(poly.o)
    0x0800ae60   0x00000130   Code   RO         9745    i.__kernel_sin      m_wm.l(sin_i.o)
    0x0800af90   0x00000030   Code   RO         9696    i.__mathlib_dbl_divzero  m_wm.l(dunder.o)
    0x0800afc0   0x00000014   Code   RO         9697    i.__mathlib_dbl_infnan  m_wm.l(dunder.o)
    0x0800afd4   0x00000014   Code   RO         9698    i.__mathlib_dbl_infnan2  m_wm.l(dunder.o)
    0x0800afe8   0x00000020   Code   RO         9699    i.__mathlib_dbl_invalid  m_wm.l(dunder.o)
    0x0800b008   0x00000020   Code   RO         9700    i.__mathlib_dbl_overflow  m_wm.l(dunder.o)
    0x0800b028   0x00000020   Code   RO         9702    i.__mathlib_dbl_underflow  m_wm.l(dunder.o)
    0x0800b048   0x00000006   Code   RO         9721    i.__mathlib_flt_infnan  m_wm.l(funder.o)
    0x0800b04e   0x00000006   Code   RO         9722    i.__mathlib_flt_infnan2  m_wm.l(funder.o)
    0x0800b054   0x00000010   Code   RO         9723    i.__mathlib_flt_invalid  m_wm.l(funder.o)
    0x0800b064   0x00000010   Code   RO         9726    i.__mathlib_flt_underflow  m_wm.l(funder.o)
    0x0800b074   0x0000000e   Code   RO         9379    i._is_digit         c_w.l(__printf_wp.o)
    0x0800b082   0x00000002   PAD
    0x0800b084   0x000001d0   Code   RO         9094    i.accel_comple_filter  AHRS.lib(ahrs.o)
    0x0800b254   0x0000018c   Code   RO         9095    i.accel_update_kp_ki  AHRS.lib(ahrs.o)
    0x0800b3e0   0x0000016c   Code   RO         9096    i.angle_to_quat     AHRS.lib(ahrs.o)
    0x0800b54c   0x00000128   Code   RO         7507    i.bmi088_accel_init  bmi088driver.o
    0x0800b674   0x000002c0   Code   RO         7508    i.bmi088_accel_self_test  bmi088driver.o
    0x0800b934   0x000000dc   Code   RO         7509    i.bmi088_gyro_init  bmi088driver.o
    0x0800ba10   0x000000ca   Code   RO         7510    i.bmi088_gyro_self_test  bmi088driver.o
    0x0800bada   0x00000002   PAD
    0x0800badc   0x00000034   Code   RO         7813    i.delay_us          bsp_delay.o
    0x0800bb10   0x00000018   Code   RO         9712    i.fabs              m_wm.l(fabs.o)
    0x0800bb28   0x000000e8   Code   RO         9097    i.get_angle         AHRS.lib(ahrs.o)
    0x0800bc10   0x000000ec   Code   RO         8041    i.imu_cali_slove    user_imu.o
    0x0800bcfc   0x000000fc   Code   RO         8042    i.imu_cmd_spi_dma   user_imu.o
    0x0800bdf8   0x0000000c   Code   RO         7849    i.imu_pwm_set       bsp_imu_pwm.o
    0x0800be04   0x00000080   Code   RO         8043    i.imu_temp_control  user_imu.o
    0x0800be84   0x0000000c   Code   RO         5829    i.inHandlerMode     cmsis_os.o
    0x0800be90   0x00000002   Code   RO         7946    i.ist8310_GPIO_init  ist8310driver_middleware.o
    0x0800be92   0x00000002   PAD
    0x0800be94   0x00000024   Code   RO         7948    i.ist8310_IIC_read_single_reg  ist8310driver_middleware.o
    0x0800beb8   0x00000024   Code   RO         7950    i.ist8310_IIC_write_single_reg  ist8310driver_middleware.o
    0x0800bedc   0x00000010   Code   RO         7951    i.ist8310_RST_H     ist8310driver_middleware.o
    0x0800beec   0x00000010   Code   RO         7952    i.ist8310_RST_L     ist8310driver_middleware.o
    0x0800befc   0x00000002   Code   RO         7953    i.ist8310_com_init  ist8310driver_middleware.o
    0x0800befe   0x00000004   Code   RO         7954    i.ist8310_delay_ms  ist8310driver_middleware.o
    0x0800bf02   0x00000002   PAD
    0x0800bf04   0x00000080   Code   RO         7911    i.ist8310_init      ist8310driver.o
    0x0800bf84   0x00000048   Code   RO         8044    i.loop_fp32_constrain  user_imu.o
    0x0800bfcc   0x00000056   Code   RO           16    i.main              main.o
    0x0800c022   0x0000000c   Code   RO         5831    i.makeFreeRtosPriority  cmsis_os.o
    0x0800c02e   0x0000000e   Code   RO         5833    i.osDelay           cmsis_os.o
    0x0800c03c   0x0000000a   Code   RO         5836    i.osKernelStart     cmsis_os.o
    0x0800c046   0x00000054   Code   RO         5870    i.osThreadCreate    cmsis_os.o
    0x0800c09a   0x00000002   PAD
    0x0800c09c   0x00000034   Code   RO         5874    i.osThreadResume    cmsis_os.o
    0x0800c0d0   0x0000000a   Code   RO         5877    i.osThreadSuspend   cmsis_os.o
    0x0800c0da   0x00000002   PAD
    0x0800c0dc   0x00000024   Code   RO         7011    i.os_BeepCallback   beep.o
    0x0800c100   0x0000000c   Code   RO         8330    i.os_ChassisCallback  chassis.o
    0x0800c10c   0x00000010   Code   RO         6606    i.os_DetectCallback  detect.o
    0x0800c11c   0x000000a8   Code   RO         8869    i.os_ErrorCallback  userfreertos.o
    0x0800c1c4   0x0000000c   Code   RO         8464    i.os_GimbalCallback  gimbal.o
    0x0800c1d0   0x0000026c   Code   RO         8045    i.os_IMUCallback    user_imu.o
    0x0800c43c   0x00000020   Code   RO         6850    i.os_JudgeCallback  judge.o
    0x0800c45c   0x00000020   Code   RO         8870    i.os_LEDCallback    userfreertos.o
    0x0800c47c   0x00000010   Code   RO         7080    i.os_MotorCallback  moto.o
    0x0800c48c   0x0000000c   Code   RO         8798    i.os_RCCallback     rc.o
    0x0800c498   0x00000020   Code   RO         8598    i.os_ShooterCallback  shooter.o
    0x0800c4b8   0x000000c0   Code   RO         7140    i.os_SuperCapCallback  super_cap.o
    0x0800c578   0x00000010   Code   RO         8706    i.os_VisionCallback  vision.o
    0x0800c588   0x00000020   Code   RO         5501    i.pcTaskGetName     tasks.o
    0x0800c5a8   0x00000070   Code   RO         5502    i.prvAddCurrentTaskToDelayedList  tasks.o
    0x0800c618   0x000000d0   Code   RO         5503    i.prvAddNewTaskToReadyList  tasks.o
    0x0800c6e8   0x00000034   Code   RO         5504    i.prvDeleteTCB      tasks.o
    0x0800c71c   0x0000004c   Code   RO         6198    i.prvHeapInit       heap_4.o
    0x0800c768   0x00000060   Code   RO         5505    i.prvIdleTask       tasks.o
    0x0800c7c8   0x00000098   Code   RO         5506    i.prvInitialiseNewTask  tasks.o
    0x0800c860   0x0000004c   Code   RO         6199    i.prvInsertBlockIntoFreeList  heap_4.o
    0x0800c8ac   0x00000020   Code   RO         5507    i.prvResetNextTaskUnblockTime  tasks.o
    0x0800c8cc   0x00000058   Code   RO         5508    i.prvSearchForNameWithinSingleList  tasks.o
    0x0800c924   0x00000028   Code   RO         6267    i.prvTaskExitError  port.o
    0x0800c94c   0x00000034   Code   RO         5509    i.prvTaskIsTaskSuspended  tasks.o
    0x0800c980   0x000000dc   Code   RO         6200    i.pvPortMalloc      heap_4.o
    0x0800ca5c   0x0000002c   Code   RO         6268    i.pxPortInitialiseStack  port.o
    0x0800ca88   0x00000084   Code   RO         9102    i.quat_normalization  AHRS.lib(ahrs.o)
    0x0800cb0c   0x0000006e   Code   RO         9544    i.sqrt              m_wm.l(sqrt.o)
    0x0800cb7a   0x0000003e   Code   RO         9556    i.sqrtf             m_wm.l(sqrtf.o)
    0x0800cbb8   0x00000068   Code   RO         5511    i.ulTaskNotifyTake  tasks.o
    0x0800cc20   0x0000007a   Code   RO         9103    i.update_w          AHRS.lib(ahrs.o)
    0x0800cc9a   0x00000026   Code   RO         5138    i.uxListRemove      list.o
    0x0800ccc0   0x00000014   Code   RO          287    i.vApplicationGetIdleTaskMemory  freertos.o
    0x0800ccd4   0x00000016   Code   RO         5139    i.vListInitialise   list.o
    0x0800ccea   0x00000006   Code   RO         5140    i.vListInitialiseItem  list.o
    0x0800ccf0   0x00000030   Code   RO         5141    i.vListInsert       list.o
    0x0800cd20   0x00000018   Code   RO         5142    i.vListInsertEnd    list.o
    0x0800cd38   0x00000040   Code   RO         6270    i.vPortEnterCritical  port.o
    0x0800cd78   0x00000028   Code   RO         6271    i.vPortExitCritical  port.o
    0x0800cda0   0x00000064   Code   RO         6201    i.vPortFree         heap_4.o
    0x0800ce04   0x00000024   Code   RO         6272    i.vPortSetupTimerInterrupt  port.o
    0x0800ce28   0x00000054   Code   RO         6273    i.vPortValidateInterruptPriority  port.o
    0x0800ce7c   0x0000004c   Code   RO         5517    i.vTaskDelay        tasks.o
    0x0800cec8   0x000000b4   Code   RO         5522    i.vTaskNotifyGiveFromISR  tasks.o
    0x0800cf7c   0x0000007c   Code   RO         5528    i.vTaskResume       tasks.o
    0x0800cff8   0x0000006c   Code   RO         5530    i.vTaskStartScheduler  tasks.o
    0x0800d064   0x000000bc   Code   RO         5531    i.vTaskSuspend      tasks.o
    0x0800d120   0x00000010   Code   RO         5532    i.vTaskSuspendAll   tasks.o
    0x0800d130   0x0000005c   Code   RO         5533    i.vTaskSwitchContext  tasks.o
    0x0800d18c   0x000000f4   Code   RO         6274    i.xPortStartScheduler  port.o
    0x0800d280   0x0000005a   Code   RO         5536    i.xTaskCreate       tasks.o
    0x0800d2da   0x00000056   Code   RO         5537    i.xTaskCreateStatic  tasks.o
    0x0800d330   0x000000e0   Code   RO         5538    i.xTaskGenericNotify  tasks.o
    0x0800d410   0x00000084   Code   RO         5541    i.xTaskGetHandle    tasks.o
    0x0800d494   0x0000001c   Code   RO         5542    i.xTaskGetSchedulerState  tasks.o
    0x0800d4b0   0x000000cc   Code   RO         5545    i.xTaskIncrementTick  tasks.o
    0x0800d57c   0x000000c4   Code   RO         5551    i.xTaskResumeAll    tasks.o
    0x0800d640   0x00000088   Code   RO         5552    i.xTaskResumeFromISR  tasks.o
    0x0800d6c8   0x00000018   Code   RO         9668    x$fpl$basic         fz_wm.l(basic.o)
    0x0800d6e0   0x00000062   Code   RO         9408    x$fpl$d2f           fz_wm.l(d2f.o)
    0x0800d742   0x00000002   PAD
    0x0800d744   0x00000150   Code   RO         9410    x$fpl$dadd          fz_wm.l(daddsub_clz.o)
    0x0800d894   0x00000010   Code   RO         9834    x$fpl$dcheck1       fz_wm.l(dcheck1.o)
    0x0800d8a4   0x00000018   Code   RO         9836    x$fpl$dcmpinf       fz_wm.l(dcmpi.o)
    0x0800d8bc   0x000002b0   Code   RO         9417    x$fpl$ddiv          fz_wm.l(ddiv.o)
    0x0800db6c   0x0000005e   Code   RO         9838    x$fpl$dfix          fz_wm.l(dfix.o)
    0x0800dbca   0x0000002e   Code   RO         9421    x$fpl$dflt          fz_wm.l(dflt_clz.o)
    0x0800dbf8   0x00000026   Code   RO         9420    x$fpl$dfltu         fz_wm.l(dflt_clz.o)
    0x0800dc1e   0x00000002   PAD
    0x0800dc20   0x00000078   Code   RO         9670    x$fpl$dleqf         fz_wm.l(dleqf.o)
    0x0800dc98   0x00000154   Code   RO         9426    x$fpl$dmul          fz_wm.l(dmul.o)
    0x0800ddec   0x0000009c   Code   RO         9672    x$fpl$dnaninf       fz_wm.l(dnaninf.o)
    0x0800de88   0x0000000c   Code   RO         9674    x$fpl$dretinf       fz_wm.l(dretinf.o)
    0x0800de94   0x0000006c   Code   RO         9676    x$fpl$drleqf        fz_wm.l(drleqf.o)
    0x0800df00   0x00000016   Code   RO         9411    x$fpl$drsb          fz_wm.l(daddsub_clz.o)
    0x0800df16   0x00000002   PAD
    0x0800df18   0x00000198   Code   RO         9678    x$fpl$dsqrt         fz_wm.l(dsqrt_umaal.o)
    0x0800e0b0   0x000001d4   Code   RO         9412    x$fpl$dsub          fz_wm.l(daddsub_clz.o)
    0x0800e284   0x00000056   Code   RO         9428    x$fpl$f2d           fz_wm.l(f2d.o)
    0x0800e2da   0x00000012   Code   RO         9430    x$fpl$fadd          fz_wm.l(faddsub_clz.o)
    0x0800e2ec   0x00000054   Code   RO         9436    x$fpl$fcmp          fz_wm.l(fcmp.o)
    0x0800e340   0x00000018   Code   RO         9842    x$fpl$fcmpinf       fz_wm.l(fcmpi.o)
    0x0800e358   0x00000030   Code   RO         9680    x$fpl$feqf          fz_wm.l(feqf.o)
    0x0800e388   0x0000000e   Code   RO         9438    x$fpl$ffix          fz_wm.l(ffix.o)
    0x0800e396   0x0000000e   Code   RO         9442    x$fpl$ffixu         fz_wm.l(ffixu.o)
    0x0800e3a4   0x0000000e   Code   RO         9447    x$fpl$fflt          fz_wm.l(fflt_clz.o)
    0x0800e3b2   0x0000000e   Code   RO         9446    x$fpl$ffltu         fz_wm.l(fflt_clz.o)
    0x0800e3c0   0x00000030   Code   RO         9682    x$fpl$fgeqf         fz_wm.l(fgeqf.o)
    0x0800e3f0   0x00000030   Code   RO         9684    x$fpl$fleqf         fz_wm.l(fleqf.o)
    0x0800e420   0x00000012   Code   RO         9450    x$fpl$fmul          fz_wm.l(fmul.o)
    0x0800e432   0x0000008c   Code   RO         9686    x$fpl$fnaninf       fz_wm.l(fnaninf.o)
    0x0800e4be   0x0000000a   Code   RO         9844    x$fpl$fpinit        fz_wm.l(fpinit.o)
    0x0800e4c8   0x0000000a   Code   RO         9688    x$fpl$fretinf       fz_wm.l(fretinf.o)
    0x0800e4d2   0x00000012   Code   RO         9431    x$fpl$fsub          fz_wm.l(faddsub_clz.o)
    0x0800e4e4   0x00000064   Code   RO         9879    x$fpl$retnan        fz_wm.l(retnan.o)
    0x0800e548   0x0000005c   Code   RO         9690    x$fpl$scalbn        fz_wm.l(scalbn.o)
    0x0800e5a4   0x00000030   Code   RO         9911    x$fpl$trapveneer    fz_wm.l(trapv.o)
    0x0800e5d4   0x00000000   Code   RO         9692    x$fpl$usenofp       fz_wm.l(usenofp.o)
    0x0800e5d4   0x00000188   Data   RO          289    .constdata          freertos.o
    0x0800e75c   0x00000008   Data   RO         1674    .constdata          stm32f4xx_hal_dma.o
    0x0800e764   0x00000010   Data   RO         5001    .constdata          system_stm32f4xx.o
    0x0800e774   0x00000008   Data   RO         5002    .constdata          system_stm32f4xx.o
    0x0800e77c   0x00000300   Data   RO         6554    .constdata          crc.o
    0x0800ea7c   0x00000014   Data   RO         7013    .constdata          beep.o
    0x0800ea90   0x00000012   Data   RO         7515    .constdata          bmi088driver.o
    0x0800eaa2   0x0000000c   Data   RO         7914    .constdata          ist8310driver.o
    0x0800eaae   0x00000002   PAD
    0x0800eab0   0x0000000c   Data   RO         8600    .constdata          shooter.o
    0x0800eabc   0x0000000c   Data   RO         9104    .constdata          AHRS.lib(ahrs.o)
    0x0800eac8   0x00000011   Data   RO         9382    .constdata          c_w.l(__printf_flags_wp.o)
    0x0800ead9   0x00000007   PAD
    0x0800eae0   0x00000050   Data   RO         9457    .constdata          m_wm.l(acos.o)
    0x0800eb30   0x00000088   Data   RO         9519    .constdata          m_wm.l(pow.o)
    0x0800ebb8   0x00000030   Data   RO         9694    .constdata          m_wm.l(cos_i.o)
    0x0800ebe8   0x00000008   Data   RO         9736    .constdata          m_wm.l(qnan.o)
    0x0800ebf0   0x000000c8   Data   RO         9739    .constdata          m_wm.l(rred.o)
    0x0800ecb8   0x00000028   Data   RO         9746    .constdata          m_wm.l(sin_i.o)
    0x0800ece0   0x000000a0   Data   RO          290    .conststring        freertos.o
    0x0800ed80   0x00000804   Data   RO         9285    .rodata.sinTable_f32  arm_cortexM4l_math.lib(arm_common_tables.o)
    0x0800f584   0x00000020   Data   RO         9941    Region$$Table       anon$$obj.o


    Execution Region RW_IRAM1 (Base: 0x20000000, Size: 0x0000c158, Max: 0x0001c000, ABSOLUTE, COMPRESSED[0x0000006c])

    Base Addr    Size         Type   Attr      Idx    E Section Name        Object

    0x20000000   0x00000038   Data   RW          291    .data               freertos.o
    0x20000038   0x00000004   Data   RW          405    .data               can.o
    0x2000003c   0x0000000c   Data   RW         2101    .data               stm32f4xx_hal.o
    0x20000048   0x00000004   Data   RW         5003    .data               system_stm32f4xx.o
    0x2000004c   0x0000003c   Data   RW         5554    .data               tasks.o
    0x20000088   0x00000020   Data   RW         6207    .data               heap_4.o
    0x200000a8   0x0000000c   Data   RW         6275    .data               port.o
    0x200000b4   0x00000002   Data   RW         6555    .data               crc.o
    0x200000b6   0x0000002e   Data   RW         6852    .data               judge.o
    0x200000e4   0x00000008   Data   RW         7198    .data               user_can.o
    0x200000ec   0x0000002c   Data   RW         7516    .data               bmi088driver.o
    0x20000118   0x00000008   Data   RW         7814    .data               bsp_delay.o
    0x20000120   0x000000a0   Data   RW         8051    .data               user_imu.o
    0x200001c0   0x00000004   Data   RW         8466    .data               gimbal.o
    0x200001c4   0x00000001   Data   RW         8601    .data               shooter.o
    0x200001c5   0x00000003   PAD
    0x200001c8   0x00000008   Data   RW         8800    .data               rc.o
    0x200001d0   0x00000010   Data   RW         9105    .data               AHRS.lib(ahrs.o)
    0x200001e0   0x00000254   Zero   RW          288    .bss                freertos.o
    0x20000434   0x00000050   Zero   RW          404    .bss                can.o
    0x20000484   0x00000054   Zero   RW          476    .bss                i2c.o
    0x200004d8   0x00000118   Zero   RW          518    .bss                spi.o
    0x200005f0   0x00000168   Zero   RW          569    .bss                tim.o
    0x20000758   0x00000170   Zero   RW          659    .bss                usart.o
    0x200008c8   0x00000408   Zero   RW          716    .bss                usb_otg.o
    0x20000cd0   0x00000048   Zero   RW          930    .bss                stm32f4xx_hal_timebase_tim.o
    0x20000d18   0x000000f0   Zero   RW         5553    .bss                tasks.o
    0x20000e08   0x00003c00   Zero   RW         6206    .bss                heap_4.o
    0x20004a08   0x00000118   Zero   RW         6607    .bss                detect.o
    0x20004b20   0x00000c50   Zero   RW         6851    .bss                judge.o
    0x20005770   0x000000dc   Zero   RW         7012    .bss                beep.o
    0x2000584c   0x00000030   Zero   RW         7141    .bss                super_cap.o
    0x2000587c   0x0000000a   Zero   RW         7197    .bss                user_can.o
    0x20005886   0x00000002   PAD
    0x20005888   0x000000fc   Zero   RW         8047    .bss                user_imu.o
    0x20005984   0x00000368   Zero   RW         8331    .bss                chassis.o
    0x20005cec   0x00000a80   Zero   RW         8465    .bss                gimbal.o
    0x2000676c   0x00000328   Zero   RW         8599    .bss                shooter.o
    0x20006a94   0x0000000c   Zero   RW         8707    .bss                vision.o
    0x20006aa0   0x00001504   Zero   RW         8799    .bss                rc.o
    0x20007fa4   0x00000154   Zero   RW         9035    .bss                user_uart.o
    0x200080f8   0x00000060   Zero   RW         9754    .bss                c_w.l(libspace.o)
    0x20008158   0x00002000   Zero   RW            2    HEAP                startup_stm32f407xx.o
    0x2000a158   0x00002000   Zero   RW            1    STACK               startup_stm32f407xx.o


    Execution Region RW_IRAM2 (Base: 0x2001c000, Size: 0x00000000, Max: 0x00004000, ABSOLUTE)

    **** No section assigned to this execution region ****


==============================================================================

Image component sizes


      Code (inc. data)   RO Data    RW Data    ZI Data      Debug   Object Name

       126          6          0          0          0       4752   ahrs_middleware.o
       200         24         20          0        220       3561   beep.o
      2158         32         18         44          0     590299   bmi088driver.o
       108         28          0          0          0       9936   bmi088middleware.o
        52          4          0          8          0        827   bsp_delay.o
        12          4          0          0          0        478   bsp_imu_pwm.o
      4964         74          0          0          0       2378   bsp_spi.o
       420         40          0          4         80       2362   can.o
      2220        418          0          0        872       8719   chassis.o
       194          6          0          0          0      29996   cmsis_os.o
       148         16        768          2          0       3207   crc.o
       132         10          0          0        280       6065   detect.o
        76          4          0          0          0        734   dma.o
         0          0          0          0          0      16788   event_groups.o
        76          4          0          0          0       1514   filter.o
       356         18        552         56        596       3512   freertos.o
       936        114          0          4       2688       4777   gimbal.o
       484         30          0          0          0       1199   gpio.o
       502          0          0          0          0      10984   graphics.o
       472         24          0         32      15360       7295   heap_4.o
       212         32          0          0         84       1621   i2c.o
       128          6         12          0          0       1791   ist8310driver.o
       112         22          0          0          0       3635   ist8310driver_middleware.o
       464         56          0         46       3152      15742   judge.o
       138          0          0          0          0       3438   list.o
       252          8          0          0          0     757048   main.o
       480         20          0          0          0       2734   moto.o
       160          0          0          0          0       3256   myqueue.o
       304         18          0          0          0       3853   pid.o
       786         82          0         12          0      11641   port.o
       612         26          0          8       5380       5447   rc.o
      1144        200         12          1        808       5199   shooter.o
       144          0          0          0          0       2865   slope.o
       288         28          0          0        280       1759   spi.o
        64         26        392          0      16384        828   startup_stm32f407xx.o
       116         18          0         12          0       8590   stm32f4xx_hal.o
      1246          0          0          0          0      11437   stm32f4xx_hal_can.o
       194         24          0          0          0      33661   stm32f4xx_hal_cortex.o
      1084         16          8          0          0       7194   stm32f4xx_hal_dma.o
       556         52          0          0          0       4027   stm32f4xx_hal_gpio.o
      2174         52          0          0          0      12746   stm32f4xx_hal_i2c.o
        56          4          0          0          0        802   stm32f4xx_hal_msp.o
       226          0          0          0          0       1703   stm32f4xx_hal_pcd.o
      1412         86          0          0          0       5777   stm32f4xx_hal_rcc.o
       942         12          0          0          0       4825   stm32f4xx_hal_spi.o
      2306        146          0          0          0      17594   stm32f4xx_hal_tim.o
       232         28          0          0          0       3189   stm32f4xx_hal_tim_ex.o
       116         14          0          0         72       1347   stm32f4xx_hal_timebase_tim.o
      1658         30          0          0          0      12685   stm32f4xx_hal_uart.o
       168         66          0          0          0       9267   stm32f4xx_it.o
       768         28          0          0          0       7185   stm32f4xx_ll_usb.o
         0          0          0          0          0        392   stream_buffer.o
       476         60          0          0         48       2943   super_cap.o
        16          4         24          4          0       1055   system_stm32f4xx.o
      2808        202          0         60        240      29731   tasks.o
      1152        120          0          0        360       6342   tim.o
       648         84          0          0        368       3728   usart.o
       172         14          0          0       1032       1657   usb_otg.o
       820         70          0          8         10       5967   user_can.o
      2304        208          0        160        252      12239   user_imu.o
       448         26          0          0          0       3557   user_laser.o
       136          8          0          0        340       1829   user_uart.o
       200         26          0          0          0       1108   userfreertos.o
       316         30          0          0         12       4281   vision.o

    ----------------------------------------------------------------------
     41736       2808       1840        464      48920    1747098   Object Totals
         0          0         32          0          0          0   (incl. Generated)
        62          0          2          3          2          0   (incl. Padding)

    ----------------------------------------------------------------------

      Code (inc. data)   RO Data    RW Data    ZI Data      Debug   Library Member Name

      2718         84         12         16          0       9922   ahrs.o
         0          0       2052          0          0       4961   arm_common_tables.o
       168          0          0          0          0        957   arm_cos_f32.o
       160          0          0          0          0        952   arm_sin_f32.o
        90          0          0          0          0          0   __dczerorl2.o
         8          0          0          0          0         68   __main.o
       312          4         17          0          0         92   __printf_flags_wp.o
        14          0          0          0          0         68   __printf_wp.o
         0          0          0          0          0          0   __rtentry.o
        12          0          0          0          0          0   __rtentry2.o
         6          0          0          0          0          0   __rtentry4.o
        52          8          0          0          0          0   __scatter.o
        28          0          0          0          0          0   __scatter_zi.o
        48          6          0          0          0         96   _printf_char_common.o
         6          0          0          0          0          0   _printf_d.o
       120         16          0          0          0         92   _printf_dec.o
       178          0          0          0          0         88   _printf_intcommon.o
        78          0          0          0          0        108   _printf_pad.o
         0          0          0          0          0          0   _printf_percent.o
         4          0          0          0          0          0   _printf_percent_end.o
        22          0          0          0          0        100   _rserrno.o
        10          0          0          0          0         68   _sputc.o
        18          0          0          0          0         80   exit.o
         6          0          0          0          0        152   heapauxi.o
         0          0          0          0          0          0   indicate_semi.o
         2          0          0          0          0          0   libinit.o
         6          0          0          0          0          0   libinit2.o
         2          0          0          0          0          0   libshutdown.o
         2          0          0          0          0          0   libshutdown2.o
         8          4          0          0         96         68   libspace.o
       238          0          0          0          0        100   lludivv7m.o
        40          6          0          0          0         84   noretval__2sprintf.o
         8          4          0          0          0         68   rt_errno_addr_intlibspace.o
        78          0          0          0          0         80   rt_memclr_w.o
       138          0          0          0          0         68   rt_memcpy_v6.o
       100          0          0          0          0         80   rt_memcpy_w.o
         2          0          0          0          0          0   rtexit.o
        10          0          0          0          0          0   rtexit2.o
        62          0          0          0          0         76   strlen.o
        12          4          0          0          0         68   sys_exit.o
        74          0          0          0          0         80   sys_stackheap_outer.o
         2          0          0          0          0         68   use_no_semi.o
        24          0          0          0          0        164   basic.o
        98          4          0          0          0        140   d2f.o
       826         16          0          0          0        492   daddsub_clz.o
        16          4          0          0          0        116   dcheck1.o
        24          0          0          0          0        116   dcmpi.o
       688        140          0          0          0        256   ddiv.o
        94          4          0          0          0        140   dfix.o
        84          0          0          0          0        232   dflt_clz.o
       120          4          0          0          0        140   dleqf.o
       340         12          0          0          0        152   dmul.o
       156          4          0          0          0        140   dnaninf.o
        12          0          0          0          0        116   dretinf.o
       108          0          0          0          0        128   drleqf.o
       408         56          0          0          0        168   dsqrt_umaal.o
        86          4          0          0          0        132   f2d.o
        36          0          0          0          0        232   faddsub_clz.o
        84          0          0          0          0        244   fcmp.o
        24          0          0          0          0        116   fcmpi.o
        48          4          0          0          0        132   feqf.o
        14          0          0          0          0        116   ffix.o
        14          0          0          0          0        116   ffixu.o
        28          0          0          0          0        232   fflt_clz.o
        48          4          0          0          0        132   fgeqf.o
        48          4          0          0          0        132   fleqf.o
        18          0          0          0          0        116   fmul.o
       140          4          0          0          0        132   fnaninf.o
        10          0          0          0          0        116   fpinit.o
        10          0          0          0          0        116   fretinf.o
       100          0          0          0          0        116   retnan.o
        92          0          0          0          0        116   scalbn.o
        48          0          0          0          0        116   trapv.o
         0          0          0          0          0          0   usenofp.o
       856        118         80          0          0        288   acos.o
       300         42          0          0          0        176   asinf.o
       592         90          0          0          0        184   atan2f.o
       200         20          0          0          0        164   cos.o
       368         46         48          0          0        200   cos_i.o
       184         44          0          0          0        744   dunder.o
        24          0          0          0          0        124   fabs.o
        48          0          0          0          0        124   fpclassify.o
        38          0          0          0          0        116   fpclassifyf.o
        44         12          0          0          0        464   funder.o
       248          0          0          0          0        152   poly.o
      3152        296        136          0          0        352   pow.o
         0          0          8          0          0          0   qnan.o
      1080        142        200          0          0        188   rred.o
       200         20          0          0          0        164   sin.o
       304         24         40          0          0        208   sin_i.o
       232          0          0          0          0        296   sqrt.o
       120          0          0          0          0        272   sqrtf.o

    ----------------------------------------------------------------------
     16708       1258       2600         16         96      27772   Library Totals
        30          4          7          0          0          0   (incl. Padding)

    ----------------------------------------------------------------------

      Code (inc. data)   RO Data    RW Data    ZI Data      Debug   Library Name

      2718         84         12         16          0       9922   AHRS.lib
       328          0       2052          0          0       6870   arm_cortexM4l_math.lib
      1796         52         17          0         96       1852   c_w.l
      3846        264          0          0          0       4912   fz_wm.l
      7990        854        512          0          0       4216   m_wm.l

    ----------------------------------------------------------------------
     16708       1258       2600         16         96      27772   Library Totals

    ----------------------------------------------------------------------

==============================================================================


      Code (inc. data)   RO Data    RW Data    ZI Data      Debug   

     58444       4066       4440        480      49016    1732418   Grand Totals
     58444       4066       4440        108      49016    1732418   ELF Image Totals (compressed)
     58444       4066       4440        108          0          0   ROM Totals

==============================================================================

    Total RO  Size (Code + RO Data)                62884 (  61.41kB)
    Total RW  Size (RW Data + ZI Data)             49496 (  48.34kB)
    Total ROM Size (Code + RO Data + RW Data)      62992 (  61.52kB)

==============================================================================

