Component: ARM Compiler 5.06 update 6 (build 750) Tool: armlink [4d35ed]

==============================================================================

Section Cross References

    startup_stm32f407xx.o(STACK) refers (Special) to heapauxi.o(.text) for __use_two_region_memory
    startup_stm32f407xx.o(HEAP) refers (Special) to heapauxi.o(.text) for __use_two_region_memory
    startup_stm32f407xx.o(RESET) refers (Special) to heapauxi.o(.text) for __use_two_region_memory
    startup_stm32f407xx.o(RESET) refers to startup_stm32f407xx.o(STACK) for __initial_sp
    startup_stm32f407xx.o(RESET) refers to startup_stm32f407xx.o(.text) for Reset_Handler
    startup_stm32f407xx.o(RESET) refers to stm32f4xx_it.o(i.NMI_Handler) for NMI_Handler
    startup_stm32f407xx.o(RESET) refers to stm32f4xx_it.o(i.HardFault_Handler) for HardFault_Handler
    startup_stm32f407xx.o(RESET) refers to stm32f4xx_it.o(i.MemManage_Handler) for MemManage_Handler
    startup_stm32f407xx.o(RESET) refers to stm32f4xx_it.o(i.BusFault_Handler) for BusFault_Handler
    startup_stm32f407xx.o(RESET) refers to stm32f4xx_it.o(i.UsageFault_Handler) for UsageFault_Handler
    startup_stm32f407xx.o(RESET) refers to port.o(.emb_text) for SVC_Handler
    startup_stm32f407xx.o(RESET) refers to stm32f4xx_it.o(i.DebugMon_Handler) for DebugMon_Handler
    startup_stm32f407xx.o(RESET) refers to port.o(i.SysTick_Handler) for SysTick_Handler
    startup_stm32f407xx.o(RESET) refers to stm32f4xx_it.o(i.EXTI0_IRQHandler) for EXTI0_IRQHandler
    startup_stm32f407xx.o(RESET) refers to stm32f4xx_it.o(i.EXTI3_IRQHandler) for EXTI3_IRQHandler
    startup_stm32f407xx.o(RESET) refers to stm32f4xx_it.o(i.EXTI4_IRQHandler) for EXTI4_IRQHandler
    startup_stm32f407xx.o(RESET) refers to stm32f4xx_it.o(i.CAN1_TX_IRQHandler) for CAN1_TX_IRQHandler
    startup_stm32f407xx.o(RESET) refers to stm32f4xx_it.o(i.CAN1_RX0_IRQHandler) for CAN1_RX0_IRQHandler
    startup_stm32f407xx.o(RESET) refers to stm32f4xx_it.o(i.EXTI9_5_IRQHandler) for EXTI9_5_IRQHandler
    startup_stm32f407xx.o(RESET) refers to stm32f4xx_it.o(i.TIM2_IRQHandler) for TIM2_IRQHandler
    startup_stm32f407xx.o(RESET) refers to stm32f4xx_it.o(i.USART1_IRQHandler) for USART1_IRQHandler
    startup_stm32f407xx.o(RESET) refers to stm32f4xx_it.o(i.USART2_IRQHandler) for USART2_IRQHandler
    startup_stm32f407xx.o(RESET) refers to stm32f4xx_it.o(i.USART3_IRQHandler) for USART3_IRQHandler
    startup_stm32f407xx.o(RESET) refers to stm32f4xx_it.o(i.TIM5_IRQHandler) for TIM5_IRQHandler
    startup_stm32f407xx.o(RESET) refers to user_imu.o(i.DMA2_Stream2_IRQHandler) for DMA2_Stream2_IRQHandler
    startup_stm32f407xx.o(RESET) refers to stm32f4xx_it.o(i.CAN2_TX_IRQHandler) for CAN2_TX_IRQHandler
    startup_stm32f407xx.o(RESET) refers to stm32f4xx_it.o(i.CAN2_RX0_IRQHandler) for CAN2_RX0_IRQHandler
    startup_stm32f407xx.o(RESET) refers to stm32f4xx_it.o(i.OTG_FS_IRQHandler) for OTG_FS_IRQHandler
    startup_stm32f407xx.o(RESET) refers to stm32f4xx_it.o(i.DMA2_Stream6_IRQHandler) for DMA2_Stream6_IRQHandler
    startup_stm32f407xx.o(RESET) refers to stm32f4xx_it.o(i.USART6_IRQHandler) for USART6_IRQHandler
    startup_stm32f407xx.o(.text) refers (Special) to heapauxi.o(.text) for __use_two_region_memory
    startup_stm32f407xx.o(.text) refers to system_stm32f4xx.o(i.SystemInit) for SystemInit
    startup_stm32f407xx.o(.text) refers to __main.o(!!!main) for __main
    startup_stm32f407xx.o(.text) refers to startup_stm32f407xx.o(HEAP) for Heap_Mem
    startup_stm32f407xx.o(.text) refers to startup_stm32f407xx.o(STACK) for Stack_Mem
    main.o(i.HAL_TIM_PeriodElapsedCallback) refers to stm32f4xx_hal.o(i.HAL_IncTick) for HAL_IncTick
    main.o(i.SystemClock_Config) refers to rt_memclr_w.o(.text) for __aeabi_memclr4
    main.o(i.SystemClock_Config) refers to stm32f4xx_hal_rcc.o(i.HAL_RCC_OscConfig) for HAL_RCC_OscConfig
    main.o(i.SystemClock_Config) refers to stm32f4xx_hal_rcc.o(i.HAL_RCC_ClockConfig) for HAL_RCC_ClockConfig
    main.o(i.main) refers to stm32f4xx_hal.o(i.HAL_Init) for HAL_Init
    main.o(i.main) refers to main.o(i.SystemClock_Config) for SystemClock_Config
    main.o(i.main) refers to gpio.o(i.MX_GPIO_Init) for MX_GPIO_Init
    main.o(i.main) refers to dma.o(i.MX_DMA_Init) for MX_DMA_Init
    main.o(i.main) refers to can.o(i.MX_CAN1_Init) for MX_CAN1_Init
    main.o(i.main) refers to can.o(i.MX_CAN2_Init) for MX_CAN2_Init
    main.o(i.main) refers to i2c.o(i.MX_I2C3_Init) for MX_I2C3_Init
    main.o(i.main) refers to spi.o(i.MX_SPI1_Init) for MX_SPI1_Init
    main.o(i.main) refers to tim.o(i.MX_TIM4_Init) for MX_TIM4_Init
    main.o(i.main) refers to tim.o(i.MX_TIM5_Init) for MX_TIM5_Init
    main.o(i.main) refers to tim.o(i.MX_TIM10_Init) for MX_TIM10_Init
    main.o(i.main) refers to usart.o(i.MX_USART1_UART_Init) for MX_USART1_UART_Init
    main.o(i.main) refers to usart.o(i.MX_USART2_UART_Init) for MX_USART2_UART_Init
    main.o(i.main) refers to usart.o(i.MX_USART3_UART_Init) for MX_USART3_UART_Init
[...]
    __ARM_scalbn                             0x0801000d   Thumb Code    92  scalbn.o(x$fpl$scalbn)
    __fpl_cmpreturn                          0x08010069   Thumb Code    48  trapv.o(x$fpl$trapveneer)
    __I$use$fp                               0x08010098   Number         0  usenofp.o(x$fpl$usenofp)
    AHBPrescTable                            0x08010228   Data          16  system_stm32f4xx.o(.constdata)
    APBPrescTable                            0x08010238   Data           8  system_stm32f4xx.o(.constdata)
    CRC8_TAB                                 0x08010240   Data         256  crc.o(.constdata)
    wCRC_Table                               0x08010340   Data         512  crc.o(.constdata)
    __mathlib_zero                           0x080106b8   Data           8  qnan.o(.constdata)
    sinTable_f32                             0x08010850   Data        2052  arm_common_tables.o(.rodata.sinTable_f32)
    Region$$Table$$Base                      0x08011054   Number         0  anon$$obj.o(Region$$Table)
    Region$$Table$$Limit                     0x08011074   Number         0  anon$$obj.o(Region$$Table)
    defaultTaskHandle                        0x20000000   Data           4  freertos.o(.data)
    IMUTaskHandle                            0x20000004   Data           4  freertos.o(.data)
    LEDTaskHandle                            0x20000008   Data           4  freertos.o(.data)
    MotorTaskHandle                          0x2000000c   Data           4  freertos.o(.data)
    ChassisTaskHandle                        0x20000010   Data           4  freertos.o(.data)
    RCTaskHandle                             0x20000014   Data           4  freertos.o(.data)
    ErrorTaskHandle                          0x20000018   Data           4  freertos.o(.data)
    GimbalTaskHandle                         0x2000001c   Data           4  freertos.o(.data)
    ShooterTaskHandle                        0x20000020   Data           4  freertos.o(.data)
    VisionTaskHandle                         0x20000024   Data           4  freertos.o(.data)
    JudgeTaskHandle                          0x20000028   Data           4  freertos.o(.data)
    DetectTaskHandle                         0x2000002c   Data           4  freertos.o(.data)
    BeepTaskHandle                           0x20000030   Data           4  freertos.o(.data)
    SuperCapTaskHandle                       0x20000034   Data           4  freertos.o(.data)
    FS_Desc                                  0x2000003c   Data          28  usbd_desc.o(.data)
    USBD_LangIDDesc                          0x20000058   Data           4  usbd_desc.o(.data)
    USBD_FS_DeviceDesc                       0x2000005c   Data          18  usbd_desc.o(.data)
    USBD_StringSerial                        0x20000070   Data          26  usbd_desc.o(.data)
    USBD_Interface_fops_FS                   0x2000008c   Data          20  usbd_cdc_if.o(.data)
    uwTickFreq                               0x200000a0   Data           1  stm32f4xx_hal.o(.data)
    uwTickPrio                               0x200000a4   Data           4  stm32f4xx_hal.o(.data)
    uwTick                                   0x200000a8   Data           4  stm32f4xx_hal.o(.data)
    SystemCoreClock                          0x200000ac   Data           4  system_stm32f4xx.o(.data)
    pxCurrentTCB                             0x200000b0   Data           4  tasks.o(.data)
    CRC_INIT                                 0x20000118   Data           2  crc.o(.data)
    Judge_Data_TF                            0x2000011a   Data           1  judge.o(.data)
    GameResult                               0x2000011b   Data           1  judge.o(.data)
    DartRemainingTime                        0x2000011c   Data           1  judge.o(.data)
    BuffMusk                                 0x2000011d   Data           1  judge.o(.data)
    AerialRobotEnergy                        0x2000011e   Data           1  judge.o(.data)
    RobotHurt                                0x2000011f   Data           1  judge.o(.data)
    shootNum                                 0x20000120   Data           2  judge.o(.data)
    RefereeWarning                           0x20000122   Data           2  judge.o(.data)
    EventData                                0x20000124   Data           4  judge.o(.data)
    SupplyProjectileAction                   0x20000128   Data           4  judge.o(.data)
    RfidStatus                               0x2000012c   Data           4  judge.o(.data)
    FrameHeader                              0x20000130   Data           5  judge.o(.data)
    BulletRemaining                          0x20000135   Data           6  judge.o(.data)
    DartClientCmd                            0x2000013b   Data           6  judge.o(.data)
    ShootData                                0x20000141   Data           7  judge.o(.data)
    debugVisionInterval                      0x20000148   Data           4  user_can.o(.data)
    BMI088_ACCEL_SEN                         0x20000150   Data           4  bmi088driver.o(.data)
    BMI088_GYRO_SEN                          0x20000154   Data           4  bmi088driver.o(.data)
    gyro_update_flag                         0x20000184   Data           1  user_imu.o(.data)
    accel_update_flag                        0x20000185   Data           1  user_imu.o(.data)
    accel_temp_update_flag                   0x20000186   Data           1  user_imu.o(.data)
    mag_update_flag                          0x20000187   Data           1  user_imu.o(.data)
    imu_start_dma_flag                       0x20000188   Data           1  user_imu.o(.data)
    accel_temp_dma_tx_buf                    0x2000018b   Data           4  user_imu.o(.data)
    accel_temp_dma_rx_buf                    0x20000198   Data           4  user_imu.o(.data)
    gyro_dma_tx_buf                          0x2000019c   Data           8  user_imu.o(.data)
    gyro_dma_rx_buf                          0x200001a4   Data           8  user_imu.o(.data)
    accel_dma_tx_buf                         0x200001ac   Data           9  user_imu.o(.data)
    gyro_scale_factor                        0x200001b8   Data          36  user_imu.o(.data)
    accel_scale_factor                       0x200001dc   Data          36  user_imu.o(.data)
    mag_scale_factor                         0x20000200   Data          36  user_imu.o(.data)
    temp                                     0x20000224   Data           4  gimbal.o(.data)
    USBD_CDC                                 0x20000310   Data          56  usbd_cdc.o(.data)
    hcan1                                    0x200005ac   Data          40  can.o(.bss)
    hcan2                                    0x200005d4   Data          40  can.o(.bss)
    hi2c3                                    0x200005fc   Data          84  i2c.o(.bss)
    hspi1                                    0x20000650   Data          88  spi.o(.bss)
    hdma_spi1_rx                             0x200006a8   Data          96  spi.o(.bss)
    hdma_spi1_tx                             0x20000708   Data          96  spi.o(.bss)
    htim1                                    0x20000768   Data          72  tim.o(.bss)
    htim4                                    0x200007b0   Data          72  tim.o(.bss)
    htim5                                    0x200007f8   Data          72  tim.o(.bss)
    htim10                                   0x20000840   Data          72  tim.o(.bss)
    huart1                                   0x20000888   Data          68  usart.o(.bss)
    huart2                                   0x200008cc   Data          68  usart.o(.bss)
    huart3                                   0x20000910   Data          68  usart.o(.bss)
    huart6                                   0x20000954   Data          68  usart.o(.bss)
    hdma_usart6_tx                           0x20000998   Data          96  usart.o(.bss)
    hUsbDeviceFS                             0x200009f8   Data         720  usb_device.o(.bss)
    hpcd_USB_OTG_FS                          0x20000ee8   Data        1032  usbd_conf.o(.bss)
    USBD_StrDesc                             0x200012f0   Data         512  usbd_desc.o(.bss)
    UserRxBufferFS                           0x200014f0   Data        2048  usbd_cdc_if.o(.bss)
    UserTxBufferFS                           0x20001cf0   Data        2048  usbd_cdc_if.o(.bss)
    htim2                                    0x200024f0   Data          72  stm32f4xx_hal_timebase_tim.o(.bss)
    detectList                               0x20006228   Data         280  detect.o(.bss)
    judgeQueue                               0x20006340   Data          20  judge.o(.bss)
    GameState                                0x20006354   Data          11  judge.o(.bss)
    GameRobotHP                              0x2000635f   Data          32  judge.o(.bss)
    GameRobotStat                            0x2000637f   Data          27  judge.o(.bss)
    PowerHeatData                            0x2000639a   Data          16  judge.o(.bss)
    GameRobotPos                             0x200063aa   Data          16  judge.o(.bss)
    judgeQueueBuf                            0x200063ba   Data        1320  judge.o(.bss)
    line                                     0x200068e4   Data          16  judge.o(.bss)
    rect                                     0x200068f4   Data          16  judge.o(.bss)
    circle                                   0x20006904   Data          16  judge.o(.bss)
    oval                                     0x20006914   Data          16  judge.o(.bss)
    arc                                      0x20006924   Data          20  judge.o(.bss)
    text                                     0x20006938   Data          48  judge.o(.bss)
    floatShape                               0x20006968   Data          20  judge.o(.bss)
    intShape                                 0x2000697c   Data          20  judge.o(.bss)
    usart6RxBuf                              0x20006990   Data        1536  judge.o(.bss)
    noteQueue                                0x20006f90   Data          20  beep.o(.bss)
    noteQueueBuf                             0x20006fa4   Data         200  beep.o(.bss)
    cap                                      0x2000706c   Data          48  super_cap.o(.bss)
    can_state                                0x2000709c   Data          10  user_can.o(.bss)
    INS_angle                                0x20007100   Data          12  user_imu.o(.bss)
    accel_dma_rx_buf                         0x2000710c   Data           9  user_imu.o(.bss)
    bmi088_real_data                         0x20007118   Data          36  user_imu.o(.bss)
    gyro_offset                              0x2000713c   Data          12  user_imu.o(.bss)
    gyro_cali_offset                         0x20007148   Data          12  user_imu.o(.bss)
    accel_offset                             0x20007154   Data          12  user_imu.o(.bss)
    ist8310_real_data                        0x20007160   Data          16  user_imu.o(.bss)
    mag_offset                               0x20007170   Data          12  user_imu.o(.bss)
    imu_temp_pid                             0x2000717c   Data          40  user_imu.o(.bss)
    chassis                                  0x200071a4   Data         872  chassis.o(.bss)
    gimbal                                   0x2000750c   Data        2688  gimbal.o(.bss)
    shooter                                  0x20007f8c   Data         664  shooter.o(.bss)
    visionRecv                               0x20008224   Data          12  vision.o(.bss)
    rcInfo                                   0x20008230   Data          22  rc.o(.bss)
    usart3RxBuf                              0x20008246   Data          30  rc.o(.bss)
    keyList                                  0x20008264   Data        5328  rc.o(.bss)
    __libspace_start                         0x20009734   Data          96  libspace.o(.bss)
    __temporary_stack_top$libspace           0x20009794   Data           0  libspace.o(.bss)



==============================================================================

Memory Map of the image

  Image Entry point : 0x08000189

  Load Region LR_IROM1 (Base: 0x08000000, Size: 0x000113cc, Max: 0x00100000, ABSOLUTE, COMPRESSED[0x0001119c])

    Execution Region ER_IROM1 (Base: 0x08000000, Size: 0x00011074, Max: 0x00100000, ABSOLUTE)

    Base Addr    Size         Type   Attr      Idx    E Section Name        Object

    0x08000000   0x00000188   Data   RO            3    RESET               startup_stm32f407xx.o
    0x08000188   0x00000008   Code   RO        10052  * !!!main             c_w.l(__main.o)
    0x08000190   0x00000034   Code   RO        10591    !!!scatter          c_w.l(__scatter.o)
    0x080001c4   0x0000005a   Code   RO        10589    !!dczerorl2         c_w.l(__dczerorl2.o)
    0x0800021e   0x00000002   PAD
    0x08000220   0x0000001c   Code   RO        10593    !!handler_zi        c_w.l(__scatter_zi.o)
    0x0800023c   0x00000000   Code   RO        10037    .ARM.Collect$$_printf_percent$$00000000  c_w.l(_printf_percent.o)
    0x0800023c   0x00000006   Code   RO        10035    .ARM.Collect$$_printf_percent$$00000009  c_w.l(_printf_d.o)
    0x08000242   0x00000004   Code   RO        10266    .ARM.Collect$$_printf_percent$$00000017  c_w.l(_printf_percent_end.o)
    0x08000246   0x00000002   Code   RO        10524    .ARM.Collect$$libinit$$00000000  c_w.l(libinit.o)
    0x08000248   0x00000004   Code   RO        10269    .ARM.Collect$$libinit$$00000001  c_w.l(libinit2.o)
    0x0800024c   0x00000000   Code   RO        10272    .ARM.Collect$$libinit$$00000004  c_w.l(libinit2.o)
    0x0800024c   0x00000000   Code   RO        10275    .ARM.Collect$$libinit$$0000000A  c_w.l(libinit2.o)
    0x0800024c   0x00000000   Code   RO        10277    .ARM.Collect$$libinit$$0000000C  c_w.l(libinit2.o)
    0x0800024c   0x00000000   Code   RO        10279    .ARM.Collect$$libinit$$0000000E  c_w.l(libinit2.o)
    0x0800024c   0x00000000   Code   RO        10282    .ARM.Collect$$libinit$$00000011  c_w.l(libinit2.o)
    0x0800024c   0x00000000   Code   RO        10284    .ARM.Collect$$libinit$$00000013  c_w.l(libinit2.o)
    0x0800024c   0x00000000   Code   RO        10286    .ARM.Collect$$libinit$$00000015  c_w.l(libinit2.o)
    0x0800024c   0x00000000   Code   RO        10288    .ARM.Collect$$libinit$$00000017  c_w.l(libinit2.o)
    0x0800024c   0x00000000   Code   RO        10290    .ARM.Collect$$libinit$$00000019  c_w.l(libinit2.o)
    0x0800024c   0x00000000   Code   RO        10292    .ARM.Collect$$libinit$$0000001B  c_w.l(libinit2.o)
    0x0800024c   0x00000000   Code   RO        10294    .ARM.Collect$$libinit$$0000001D  c_w.l(libinit2.o)
    0x0800024c   0x00000000   Code   RO        10296    .ARM.Collect$$libinit$$0000001F  c_w.l(libinit2.o)
    0x0800024c   0x00000000   Code   RO        10298    .ARM.Collect$$libinit$$00000021  c_w.l(libinit2.o)
    0x0800024c   0x00000000   Code   RO        10300    .ARM.Collect$$libinit$$00000023  c_w.l(libinit2.o)
    0x0800024c   0x00000000   Code   RO        10302    .ARM.Collect$$libinit$$00000025  c_w.l(libinit2.o)
    0x0800024c   0x00000000   Code   RO        10306    .ARM.Collect$$libinit$$0000002C  c_w.l(libinit2.o)
    0x0800024c   0x00000000   Code   RO        10308    .ARM.Collect$$libinit$$0000002E  c_w.l(libinit2.o)
    0x0800024c   0x00000000   Code   RO        10310    .ARM.Collect$$libinit$$00000030  c_w.l(libinit2.o)
    0x0800024c   0x00000000   Code   RO        10312    .ARM.Collect$$libinit$$00000032  c_w.l(libinit2.o)
    0x0800024c   0x00000002   Code   RO        10313    .ARM.Collect$$libinit$$00000033  c_w.l(libinit2.o)
    0x0800024e   0x00000002   Code   RO        10586    .ARM.Collect$$libshutdown$$00000000  c_w.l(libshutdown.o)
    0x08000250   0x00000000   Code   RO        10542    .ARM.Collect$$libshutdown$$00000002  c_w.l(libshutdown2.o)
    0x08000250   0x00000000   Code   RO        10544    .ARM.Collect$$libshutdown$$00000004  c_w.l(libshutdown2.o)
    0x08000250   0x00000000   Code   RO        10547    .ARM.Collect$$libshutdown$$00000007  c_w.l(libshutdown2.o)
    0x08000250   0x00000000   Code   RO        10550    .ARM.Collect$$libshutdown$$0000000A  c_w.l(libshutdown2.o)
    0x08000250   0x00000000   Code   RO        10552    .ARM.Collect$$libshutdown$$0000000C  c_w.l(libshutdown2.o)
    0x08000250   0x00000000   Code   RO        10555    .ARM.Collect$$libshutdown$$0000000F  c_w.l(libshutdown2.o)
    0x08000250   0x00000002   Code   RO        10556    .ARM.Collect$$libshutdown$$00000010  c_w.l(libshutdown2.o)
    0x08000252   0x00000000   Code   RO        10226    .ARM.Collect$$rtentry$$00000000  c_w.l(__rtentry.o)
    0x08000252   0x00000000   Code   RO        10403    .ARM.Collect$$rtentry$$00000002  c_w.l(__rtentry2.o)
    0x08000252   0x00000006   Code   RO        10415    .ARM.Collect$$rtentry$$00000004  c_w.l(__rtentry4.o)
    0x08000258   0x00000000   Code   RO        10405    .ARM.Collect$$rtentry$$00000009  c_w.l(__rtentry2.o)
    0x08000258   0x00000004   Code   RO        10406    .ARM.Collect$$rtentry$$0000000A  c_w.l(__rtentry2.o)
    0x0800025c   0x00000000   Code   RO        10408    .ARM.Collect$$rtentry$$0000000C  c_w.l(__rtentry2.o)
    0x0800025c   0x00000008   Code   RO        10409    .ARM.Collect$$rtentry$$0000000D  c_w.l(__rtentry2.o)
    0x08000264   0x00000002   Code   RO        10529    .ARM.Collect$$rtexit$$00000000  c_w.l(rtexit.o)
    0x08000266   0x00000000   Code   RO        10562    .ARM.Collect$$rtexit$$00000002  c_w.l(rtexit2.o)
    0x08000266   0x00000004   Code   RO        10563    .ARM.Collect$$rtexit$$00000003  c_w.l(rtexit2.o)
    0x0800026a   0x00000006   Code   RO        10564    .ARM.Collect$$rtexit$$00000004  c_w.l(rtexit2.o)
    0x08000270   0x000000be   Code   RO         6621    .emb_text           port.o
    0x0800032e   0x00000002   PAD
    0x08000330   0x00000040   Code   RO            4    .text               startup_stm32f407xx.o
    0x08000370   0x000000ee   Code   RO        10003    .text               c_w.l(lludivv7m.o)
    0x0800045e   0x00000002   PAD
    0x08000460   0x00000028   Code   RO        10007    .text               c_w.l(noretval__2sprintf.o)
    0x08000488   0x0000004e   Code   RO        10011    .text               c_w.l(_printf_pad.o)
    0x080004d6   0x00000002   PAD
    0x080004d8   0x00000078   Code   RO        10013    .text               c_w.l(_printf_dec.o)
    0x08000550   0x00000138   Code   RO        10027    .text               c_w.l(__printf_flags_wp.o)
    0x08000688   0x0000003e   Code   RO        10038    .text               c_w.l(strlen.o)
    0x080006c6   0x0000008a   Code   RO        10040    .text               c_w.l(rt_memcpy_v6.o)
    0x08000750   0x00000064   Code   RO        10042    .text               c_w.l(rt_memcpy_w.o)
    0x080007b4   0x0000004e   Code   RO        10048    .text               c_w.l(rt_memclr_w.o)
    0x08000802   0x00000006   Code   RO        10050    .text               c_w.l(heapauxi.o)
    0x08000808   0x00000016   Code   RO        10256    .text               c_w.l(_rserrno.o)
    0x0800081e   0x000000b2   Code   RO        10258    .text               c_w.l(_printf_intcommon.o)
    0x080008d0   0x00000030   Code   RO        10262    .text               c_w.l(_printf_char_common.o)
    0x08000900   0x0000000a   Code   RO        10264    .text               c_w.l(_sputc.o)
    0x0800090a   0x00000002   PAD
    0x0800090c   0x00000008   Code   RO        10399    .text               c_w.l(libspace.o)
    0x08000914   0x00000008   Code   RO        10427    .text               c_w.l(rt_errno_addr_intlibspace.o)
    0x0800091c   0x00000002   Code   RO        10494    .text               c_w.l(use_no_semi.o)
    0x0800091e   0x00000000   Code   RO        10496    .text               c_w.l(indicate_semi.o)
    0x0800091e   0x0000004a   Code   RO        10497    .text               c_w.l(sys_stackheap_outer.o)
    0x08000968   0x00000012   Code   RO        10503    .text               c_w.l(exit.o)
    0x0800097a   0x00000002   PAD
    0x0800097c   0x0000000c   Code   RO        10527    .text               c_w.l(sys_exit.o)
    0x08000988   0x000000a8   Code   RO         9825    .text.arm_cos_f32   arm_cortexM4l_math.lib(arm_cos_f32.o)
    0x08000a30   0x000000a0   Code   RO         9835    .text.arm_sin_f32   arm_cortexM4l_math.lib(arm_sin_f32.o)
    0x08000ad0   0x00000004   Code   RO         7617    i.AHRS_asinf        ahrs_middleware.o
    0x08000ad4   0x00000004   Code   RO         7618    i.AHRS_atan2f       ahrs_middleware.o
    0x08000ad8   0x00000020   Code   RO         7619    i.AHRS_cosf         ahrs_middleware.o
    0x08000af8   0x0000001a   Code   RO         9737    i.AHRS_fabs         AHRS.lib(ahrs.o)
    0x08000b12   0x00000002   PAD
    0x08000b14   0x00000014   Code   RO         7620    i.AHRS_get_height   ahrs_middleware.o
    0x08000b28   0x0000000e   Code   RO         7621    i.AHRS_get_latitude  ahrs_middleware.o
    0x08000b36   0x00000002   PAD
    0x08000b38   0x0000029c   Code   RO         9738    i.AHRS_init         AHRS.lib(ahrs.o)
    0x08000dd4   0x00000014   Code   RO         7622    i.AHRS_invSqrt      ahrs_middleware.o
    0x08000de8   0x00000020   Code   RO         7623    i.AHRS_sinf         ahrs_middleware.o
    0x08000e08   0x0000013a   Code   RO         9739    i.AHRS_update       AHRS.lib(ahrs.o)
    0x08000f42   0x00000002   PAD
    0x08000f44   0x00000028   Code   RO         6903    i.Append_CRC16_Check_Sum  crc.o
    0x08000f6c   0x00000020   Code   RO         6904    i.Append_CRC8_Check_Sum  crc.o
    0x08000f8c   0x00000010   Code   RO         7990    i.BMI088_ACCEL_NS_H  bmi088middleware.o
    0x08000f9c   0x00000010   Code   RO         7991    i.BMI088_ACCEL_NS_L  bmi088middleware.o
    0x08000fac   0x00000002   Code   RO         7992    i.BMI088_GPIO_init  bmi088middleware.o
    0x08000fae   0x00000002   PAD
    0x08000fb0   0x00000010   Code   RO         7993    i.BMI088_GYRO_NS_H  bmi088middleware.o
    0x08000fc0   0x00000010   Code   RO         7994    i.BMI088_GYRO_NS_L  bmi088middleware.o
    0x08000fd0   0x00000080   Code   RO         7776    i.BMI088_accel_read_over  bmi088driver.o
    0x08001050   0x00000002   Code   RO         7995    i.BMI088_com_init   bmi088middleware.o
    0x08001052   0x00000004   Code   RO         7996    i.BMI088_delay_ms   bmi088middleware.o
    0x08001056   0x00000004   Code   RO         7997    i.BMI088_delay_us   bmi088middleware.o
    0x0800105a   0x00000002   PAD
    0x0800105c   0x00000060   Code   RO         7777    i.BMI088_gyro_read_over  bmi088driver.o
    0x080010bc   0x0000002e   Code   RO         7778    i.BMI088_init       bmi088driver.o
    0x080010ea   0x00000002   PAD
    0x080010ec   0x00000158   Code   RO         7779    i.BMI088_read       bmi088driver.o
    0x08001244   0x00000024   Code   RO         7782    i.BMI088_read_muli_reg  bmi088driver.o
    0x08001268   0x00000016   Code   RO         7783    i.BMI088_read_single_reg  bmi088driver.o
    0x0800127e   0x00000002   PAD
    0x08001280   0x00000020   Code   RO         7998    i.BMI088_read_write_byte  bmi088middleware.o
    0x080012a0   0x0000002e   Code   RO         7784    i.BMI088_temperature_read_over  bmi088driver.o
    0x080012ce   0x00000012   Code   RO         7785    i.BMI088_write_single_reg  bmi088driver.o
    0x080012e0   0x00000030   Code   RO         7360    i.Beep_Play         beep.o
    0x08001310   0x00000038   Code   RO         7361    i.Beep_PlayNotes    beep.o
    0x08001348   0x00000002   Code   RO         1105    i.BusFault_Handler  stm32f4xx_it.o
    0x0800134a   0x00000002   PAD
    0x0800134c   0x0000000c   Code   RO         1106    i.CAN1_RX0_IRQHandler  stm32f4xx_it.o
    0x08001358   0x000000fc   Code   RO         7538    i.CAN1_Rx0Callback  user_can.o
    0x08001454   0x0000000c   Code   RO         1107    i.CAN1_TX_IRQHandler  stm32f4xx_it.o
    0x08001460   0x0000000c   Code   RO         1108    i.CAN2_RX0_IRQHandler  stm32f4xx_it.o
    0x0800146c   0x000000a0   Code   RO         7539    i.CAN2_Rx0Callback  user_can.o
    0x0800150c   0x0000000c   Code   RO         1109    i.CAN2_TX_IRQHandler  stm32f4xx_it.o
    0x08001518   0x00000004   Code   RO         1048    i.CDC_Control_FS    usbd_cdc_if.o
    0x0800151c   0x00000004   Code   RO         1049    i.CDC_DeInit_FS     usbd_cdc_if.o
    0x08001520   0x00000024   Code   RO         1050    i.CDC_Init_FS       usbd_cdc_if.o
    0x08001544   0x00000018   Code   RO         1051    i.CDC_Receive_FS    usbd_cdc_if.o
    0x0800155c   0x00000004   Code   RO         1052    i.CDC_TransmitCplt_FS  usbd_cdc_if.o
    0x08001560   0x0000011c   Code   RO         7492    i.Cap_AnalysisData  super_cap.o
    0x0800167c   0x0000008c   Code   RO         8599    i.Chassis_GetModeText  chassis.o
    0x08001708   0x00000034   Code   RO         8600    i.Chassis_GetOutputRatio  chassis.o
    0x0800173c   0x00000084   Code   RO         8605    i.Chassis_RockerCtrl  chassis.o
    0x080017c0   0x0000028c   Code   RO         8607    i.Chassis_SwitchMode_KeyCallback  chassis.o
    0x08001a4c   0x00000190   Code   RO         8609    i.Chassis_UI_Init   chassis.o
    0x08001bdc   0x00000018   Code   RO         8610    i.Chassis_UpdateSlope  chassis.o
    0x08001bf4   0x00000094   Code   RO         8611    i.Chassis_UpdateSpeedLimit  chassis.o
    0x08001c88   0x000002c4   Code   RO         8304    i.DMA2_Stream2_IRQHandler  user_imu.o
    0x08001f4c   0x0000000c   Code   RO         1110    i.DMA2_Stream6_IRQHandler  stm32f4xx_it.o
    0x08001f58   0x00000028   Code   RO         2346    i.DMA_CalcBaseAndBitshift  stm32f4xx_hal_dma.o
    0x08001f80   0x00000054   Code   RO         2347    i.DMA_CheckFifoParam  stm32f4xx_hal_dma.o
    0x08001fd4   0x00000028   Code   RO         2348    i.DMA_SetConfig     stm32f4xx_hal_dma.o
    0x08001ffc   0x00000002   Code   RO         1111    i.DebugMon_Handler  stm32f4xx_it.o
    0x08001ffe   0x00000002   PAD
    0x08002000   0x0000001c   Code   RO         6960    i.Detect_Update     detect.o
    0x0800201c   0x00000006   Code   RO         1112    i.EXTI0_IRQHandler  stm32f4xx_it.o
    0x08002022   0x00000006   Code   RO         1113    i.EXTI3_IRQHandler  stm32f4xx_it.o
    0x08002028   0x00000006   Code   RO         1114    i.EXTI4_IRQHandler  stm32f4xx_it.o
    0x0800202e   0x00000006   Code   RO         1115    i.EXTI9_5_IRQHandler  stm32f4xx_it.o
    0x08002034   0x00000004   Code   RO           13    i.Error_Handler     main.o
    0x08002038   0x0000004c   Code   RO         6698    i.Filter_AverCalc   filter.o
    0x08002084   0x0000002c   Code   RO         6905    i.Get_CRC16_Check_Sum  crc.o
    0x080020b0   0x00000020   Code   RO         6906    i.Get_CRC8_Check_Sum  crc.o
    0x080020d0   0x000000cc   Code   RO         8735    i.Gimbal_MouseCtrl  gimbal.o
    0x0800219c   0x000000bc   Code   RO         8738    i.Gimbal_RockerCtrl  gimbal.o
    0x08002258   0x00000080   Code   RO         8742    i.Gimbal_UpdataAngle  gimbal.o
    0x080022d8   0x0000007c   Code   RO         8743    i.Gimbal_VisionCtrl  gimbal.o
    0x08002354   0x0000007e   Code   RO         7060    i.Graph_DrawCircle  graphics.o
    0x080023d2   0x0000008a   Code   RO         7063    i.Graph_DrawLine    graphics.o
    0x0800245c   0x00000090   Code   RO         7066    i.Graph_DrawText    graphics.o
    0x080024ec   0x0000001e   Code   RO         7071    i.Graph_SetLine     graphics.o
    0x0800250a   0x00000040   Code   RO         7074    i.Graph_SetText     graphics.o
    0x0800254a   0x000000c8   Code   RO         3021    i.HAL_CAN_AddTxMessage  stm32f4xx_hal_can.o
    0x08002612   0x00000002   Code   RO         3025    i.HAL_CAN_ErrorCallback  stm32f4xx_hal_can.o
    0x08002614   0x000000e8   Code   RO         3028    i.HAL_CAN_GetRxMessage  stm32f4xx_hal_can.o
    0x080026fc   0x000001fc   Code   RO         3032    i.HAL_CAN_IRQHandler  stm32f4xx_hal_can.o
    0x080028f8   0x0000011a   Code   RO         3033    i.HAL_CAN_Init      stm32f4xx_hal_can.o
    0x08002a12   0x00000002   PAD
    0x08002a14   0x0000011c   Code   RO          413    i.HAL_CAN_MspInit   can.o
    0x08002b30   0x00000002   Code   RO         3040    i.HAL_CAN_RxFifo0FullCallback  stm32f4xx_hal_can.o
    0x08002b32   0x00000002   PAD
    0x08002b34   0x0000005c   Code   RO         7541    i.HAL_CAN_RxFifo0MsgPendingCallback  user_can.o
    0x08002b90   0x00000002   Code   RO         3042    i.HAL_CAN_RxFifo1FullCallback  stm32f4xx_hal_can.o
    0x08002b92   0x00000002   Code   RO         3043    i.HAL_CAN_RxFifo1MsgPendingCallback  stm32f4xx_hal_can.o
    0x08002b94   0x00000002   Code   RO         3044    i.HAL_CAN_SleepCallback  stm32f4xx_hal_can.o
    0x08002b96   0x00000002   Code   RO         3047    i.HAL_CAN_TxMailbox0AbortCallback  stm32f4xx_hal_can.o
    0x08002b98   0x00000002   Code   RO         3048    i.HAL_CAN_TxMailbox0CompleteCallback  stm32f4xx_hal_can.o
    0x08002b9a   0x00000002   Code   RO         3049    i.HAL_CAN_TxMailbox1AbortCallback  stm32f4xx_hal_can.o
    0x08002b9c   0x00000002   Code   RO         3050    i.HAL_CAN_TxMailbox1CompleteCallback  stm32f4xx_hal_can.o
    0x08002b9e   0x00000002   Code   RO         3051    i.HAL_CAN_TxMailbox2AbortCallback  stm32f4xx_hal_can.o
    0x08002ba0   0x00000002   Code   RO         3052    i.HAL_CAN_TxMailbox2CompleteCallback  stm32f4xx_hal_can.o
    0x08002ba2   0x00000002   Code   RO         3054    i.HAL_CAN_WakeUpFromRxMsgCallback  stm32f4xx_hal_can.o
    0x08002ba4   0x00000092   Code   RO         2349    i.HAL_DMA_Abort     stm32f4xx_hal_dma.o
    0x08002c36   0x00000024   Code   RO         2350    i.HAL_DMA_Abort_IT  stm32f4xx_hal_dma.o
    0x08002c5a   0x00000002   PAD
    0x08002c5c   0x000001a0   Code   RO         2354    i.HAL_DMA_IRQHandler  stm32f4xx_hal_dma.o
    0x08002dfc   0x000000d4   Code   RO         2355    i.HAL_DMA_Init      stm32f4xx_hal_dma.o
    0x08002ed0   0x0000006e   Code   RO         2359    i.HAL_DMA_Start_IT  stm32f4xx_hal_dma.o
    0x08002f3e   0x00000002   PAD
    0x08002f40   0x00000024   Code   RO         2768    i.HAL_Delay         stm32f4xx_hal.o
    0x08002f64   0x00000078   Code   RO         8305    i.HAL_GPIO_EXTI_Callback  user_imu.o
    0x08002fdc   0x00000018   Code   RO         2241    i.HAL_GPIO_EXTI_IRQHandler  stm32f4xx_hal_gpio.o
    0x08002ff4   0x000001f0   Code   RO         2242    i.HAL_GPIO_Init     stm32f4xx_hal_gpio.o
    0x080031e4   0x0000000a   Code   RO         2244    i.HAL_GPIO_ReadPin  stm32f4xx_hal_gpio.o
    0x080031ee   0x00000010   Code   RO         2245    i.HAL_GPIO_TogglePin  stm32f4xx_hal_gpio.o
    0x080031fe   0x0000000a   Code   RO         2246    i.HAL_GPIO_WritePin  stm32f4xx_hal_gpio.o
    0x08003208   0x0000000c   Code   RO         2774    i.HAL_GetTick       stm32f4xx_hal.o
    0x08003214   0x00000188   Code   RO         3264    i.HAL_I2C_Init      stm32f4xx_hal_i2c.o
    0x0800339c   0x000001f8   Code   RO         3282    i.HAL_I2C_Mem_Read  stm32f4xx_hal_i2c.o
    0x08003594   0x00000130   Code   RO         3285    i.HAL_I2C_Mem_Write  stm32f4xx_hal_i2c.o
    0x080036c4   0x00000094   Code   RO          486    i.HAL_I2C_MspInit   i2c.o
    0x08003758   0x00000010   Code   RO         2780    i.HAL_IncTick       stm32f4xx_hal.o
    0x08003768   0x00000034   Code   RO         2781    i.HAL_Init          stm32f4xx_hal.o
    0x0800379c   0x00000074   Code   RO         1283    i.HAL_InitTick      stm32f4xx_hal_timebase_tim.o
    0x08003810   0x00000038   Code   RO         1259    i.HAL_MspInit       stm32f4xx_hal_msp.o
    0x08003848   0x0000001a   Code   RO         2631    i.HAL_NVIC_EnableIRQ  stm32f4xx_hal_cortex.o
    0x08003862   0x00000002   PAD
    0x08003864   0x00000040   Code   RO         2637    i.HAL_NVIC_SetPriority  stm32f4xx_hal_cortex.o
    0x080038a4   0x00000024   Code   RO         2638    i.HAL_NVIC_SetPriorityGrouping  stm32f4xx_hal_cortex.o
    0x080038c8   0x00000024   Code   RO         2639    i.HAL_NVIC_SystemReset  stm32f4xx_hal_cortex.o
    0x080038ec   0x00000002   Code   RO         1549    i.HAL_PCDEx_LPM_Callback  stm32f4xx_hal_pcd_ex.o
    0x080038ee   0x00000008   Code   RO         1550    i.HAL_PCDEx_SetRxFiFo  stm32f4xx_hal_pcd_ex.o
    0x080038f6   0x00000044   Code   RO         1551    i.HAL_PCDEx_SetTxFiFo  stm32f4xx_hal_pcd_ex.o
    0x0800393a   0x00000008   Code   RO          755    i.HAL_PCD_ConnectCallback  usbd_conf.o
    0x08003942   0x00000012   Code   RO          756    i.HAL_PCD_DataInStageCallback  usbd_conf.o
    0x08003954   0x00000014   Code   RO          757    i.HAL_PCD_DataOutStageCallback  usbd_conf.o
    0x08003968   0x00000008   Code   RO          758    i.HAL_PCD_DisconnectCallback  usbd_conf.o
    0x08003970   0x0000004c   Code   RO         1331    i.HAL_PCD_EP_Close  stm32f4xx_hal_pcd.o
    0x080039bc   0x0000005c   Code   RO         1332    i.HAL_PCD_EP_ClrStall  stm32f4xx_hal_pcd.o
    0x08003a18   0x00000012   Code   RO         1334    i.HAL_PCD_EP_GetRxCount  stm32f4xx_hal_pcd.o
    0x08003a2a   0x00000060   Code   RO         1335    i.HAL_PCD_EP_Open   stm32f4xx_hal_pcd.o
    0x08003a8a   0x00000048   Code   RO         1336    i.HAL_PCD_EP_Receive  stm32f4xx_hal_pcd.o
    0x08003ad2   0x00000074   Code   RO         1337    i.HAL_PCD_EP_SetStall  stm32f4xx_hal_pcd.o
    0x08003b46   0x00000040   Code   RO         1338    i.HAL_PCD_EP_Transmit  stm32f4xx_hal_pcd.o
    0x08003b86   0x00000002   PAD
    0x08003b88   0x00000434   Code   RO         1340    i.HAL_PCD_IRQHandler  stm32f4xx_hal_pcd.o
    0x08003fbc   0x00000008   Code   RO          759    i.HAL_PCD_ISOINIncompleteCallback  usbd_conf.o
    0x08003fc4   0x00000008   Code   RO          760    i.HAL_PCD_ISOOUTIncompleteCallback  usbd_conf.o
    0x08003fcc   0x000000e2   Code   RO         1343    i.HAL_PCD_Init      stm32f4xx_hal_pcd.o
    0x080040ae   0x00000002   PAD
    0x080040b0   0x00000084   Code   RO          762    i.HAL_PCD_MspInit   usbd_conf.o
    0x08004134   0x0000002c   Code   RO          763    i.HAL_PCD_ResetCallback  usbd_conf.o
    0x08004160   0x00000008   Code   RO          764    i.HAL_PCD_ResumeCallback  usbd_conf.o
    0x08004168   0x00000008   Code   RO          765    i.HAL_PCD_SOFCallback  usbd_conf.o
    0x08004170   0x00000028   Code   RO         1349    i.HAL_PCD_SetAddress  stm32f4xx_hal_pcd.o
    0x08004198   0x0000000e   Code   RO          766    i.HAL_PCD_SetupStageCallback  usbd_conf.o
    0x080041a6   0x00000042   Code   RO         1351    i.HAL_PCD_Start     stm32f4xx_hal_pcd.o
    0x080041e8   0x00000030   Code   RO          767    i.HAL_PCD_SuspendCallback  usbd_conf.o
    0x08004218   0x00000134   Code   RO         1888    i.HAL_RCC_ClockConfig  stm32f4xx_hal_rcc.o
    0x0800434c   0x00000040   Code   RO         1892    i.HAL_RCC_GetClockConfig  stm32f4xx_hal_rcc.o
    0x0800438c   0x0000000c   Code   RO         1893    i.HAL_RCC_GetHCLKFreq  stm32f4xx_hal_rcc.o
    0x08004398   0x00000020   Code   RO         1895    i.HAL_RCC_GetPCLK1Freq  stm32f4xx_hal_rcc.o
    0x080043b8   0x00000020   Code   RO         1896    i.HAL_RCC_GetPCLK2Freq  stm32f4xx_hal_rcc.o
    0x080043d8   0x00000064   Code   RO         1897    i.HAL_RCC_GetSysClockFreq  stm32f4xx_hal_rcc.o
    0x0800443c   0x0000036c   Code   RO         1900    i.HAL_RCC_OscConfig  stm32f4xx_hal_rcc.o
    0x080047a8   0x000000bc   Code   RO         3714    i.HAL_SPI_Init      stm32f4xx_hal_spi.o
    0x08004864   0x000000d8   Code   RO          528    i.HAL_SPI_MspInit   spi.o
    0x0800493c   0x000001e2   Code   RO         3723    i.HAL_SPI_TransmitReceive  stm32f4xx_hal_spi.o
    0x08004b1e   0x00000002   Code   RO         4731    i.HAL_TIMEx_BreakCallback  stm32f4xx_hal_tim_ex.o
    0x08004b20   0x00000002   Code   RO         4732    i.HAL_TIMEx_CommutCallback  stm32f4xx_hal_tim_ex.o
    0x08004b22   0x00000054   Code   RO         4734    i.HAL_TIMEx_ConfigBreakDeadTime  stm32f4xx_hal_tim_ex.o
    0x08004b76   0x00000002   PAD
    0x08004b78   0x00000090   Code   RO         4750    i.HAL_TIMEx_MasterConfigSynchronization  stm32f4xx_hal_tim_ex.o
    0x08004c08   0x0000005a   Code   RO         4027    i.HAL_TIM_Base_Init  stm32f4xx_hal_tim.o
    0x08004c62   0x00000002   PAD
    0x08004c64   0x00000058   Code   RO          570    i.HAL_TIM_Base_MspInit  tim.o
    0x08004cbc   0x00000080   Code   RO         4032    i.HAL_TIM_Base_Start_IT  stm32f4xx_hal_tim.o
    0x08004d3c   0x000000dc   Code   RO         4036    i.HAL_TIM_ConfigClockSource  stm32f4xx_hal_tim.o
    0x08004e18   0x00000002   Code   RO         4061    i.HAL_TIM_IC_CaptureCallback  stm32f4xx_hal_tim.o
    0x08004e1a   0x00000166   Code   RO         4075    i.HAL_TIM_IRQHandler  stm32f4xx_hal_tim.o
    0x08004f80   0x000000e0   Code   RO          571    i.HAL_TIM_MspPostInit  tim.o
    0x08005060   0x00000002   Code   RO         4078    i.HAL_TIM_OC_DelayElapsedCallback  stm32f4xx_hal_tim.o
    0x08005062   0x000000cc   Code   RO         4099    i.HAL_TIM_PWM_ConfigChannel  stm32f4xx_hal_tim.o
    0x0800512e   0x0000005a   Code   RO         4102    i.HAL_TIM_PWM_Init  stm32f4xx_hal_tim.o
    0x08005188   0x00000044   Code   RO          573    i.HAL_TIM_PWM_MspInit  tim.o
    0x080051cc   0x00000002   Code   RO         4105    i.HAL_TIM_PWM_PulseFinishedCallback  stm32f4xx_hal_tim.o
    0x080051ce   0x00000002   PAD
    0x080051d0   0x000000c8   Code   RO         4107    i.HAL_TIM_PWM_Start  stm32f4xx_hal_tim.o
    0x08005298   0x0000007c   Code   RO         4110    i.HAL_TIM_PWM_Stop  stm32f4xx_hal_tim.o
    0x08005314   0x0000000e   Code   RO           14    i.HAL_TIM_PeriodElapsedCallback  main.o
    0x08005322   0x00000002   Code   RO         4118    i.HAL_TIM_TriggerCallback  stm32f4xx_hal_tim.o
    0x08005324   0x00000002   Code   RO         5009    i.HAL_UARTEx_RxEventCallback  stm32f4xx_hal_uart.o
    0x08005326   0x00000002   Code   RO         5023    i.HAL_UART_ErrorCallback  stm32f4xx_hal_uart.o
    0x08005328   0x00000268   Code   RO         5026    i.HAL_UART_IRQHandler  stm32f4xx_hal_uart.o
    0x08005590   0x00000062   Code   RO         5027    i.HAL_UART_Init     stm32f4xx_hal_uart.o
    0x080055f2   0x00000002   PAD
    0x080055f4   0x0000019c   Code   RO          648    i.HAL_UART_MspInit  usart.o
    0x08005790   0x00000002   Code   RO         5033    i.HAL_UART_RxCpltCallback  stm32f4xx_hal_uart.o
    0x08005792   0x00000002   PAD
    0x08005794   0x0000008c   Code   RO         5036    i.HAL_UART_Transmit_DMA  stm32f4xx_hal_uart.o
    0x08005820   0x00000002   Code   RO         5038    i.HAL_UART_TxCpltCallback  stm32f4xx_hal_uart.o
    0x08005822   0x00000002   Code   RO         5039    i.HAL_UART_TxHalfCpltCallback  stm32f4xx_hal_uart.o
    0x08005824   0x00000002   Code   RO         1116    i.HardFault_Handler  stm32f4xx_it.o
    0x08005826   0x0000002e   Code   RO         3306    i.I2C_IsAcknowledgeFailed  stm32f4xx_hal_i2c.o
    0x08005854   0x000000fc   Code   RO         3316    i.I2C_RequestMemoryRead  stm32f4xx_hal_i2c.o
    0x08005950   0x000000a8   Code   RO         3317    i.I2C_RequestMemoryWrite  stm32f4xx_hal_i2c.o
    0x080059f8   0x0000004c   Code   RO         3321    i.I2C_WaitOnBTFFlagUntilTimeout  stm32f4xx_hal_i2c.o
    0x08005a44   0x00000068   Code   RO         3322    i.I2C_WaitOnFlagUntilTimeout  stm32f4xx_hal_i2c.o
    0x08005aac   0x00000096   Code   RO         3323    i.I2C_WaitOnMasterAddressFlagUntilTimeout  stm32f4xx_hal_i2c.o
    0x08005b42   0x00000066   Code   RO         3324    i.I2C_WaitOnRXNEFlagUntilTimeout  stm32f4xx_hal_i2c.o
    0x08005ba8   0x0000004c   Code   RO         3325    i.I2C_WaitOnTXEFlagUntilTimeout  stm32f4xx_hal_i2c.o
    0x08005bf4   0x00000038   Code   RO          962    i.IntToUnicode      usbd_desc.o
    0x08005c2c   0x0000000c   Code   RO         7183    i.JUDGE_GetChassisPowerLimit  judge.o
    0x08005c38   0x0000000c   Code   RO         7187    i.JUDGE_GetPowerBuffer  judge.o
    0x08005c44   0x00000014   Code   RO         7188    i.JUDGE_GetRemainHeat  judge.o
    0x08005c58   0x00000014   Code   RO         7190    i.JUDGE_GetSelfColor  judge.o
    0x08005c6c   0x0000000c   Code   RO         7192    i.JUDGE_GetShootSpeedLimit  judge.o
    0x08005c78   0x00000010   Code   RO         7193    i.JUDGE_GetShooterOutputState  judge.o
    0x08005c88   0x0000000c   Code   RO         7196    i.JUDGE_IsValid     judge.o
    0x08005c94   0x00000088   Code   RO         7198    i.JUDGE_SendGraphStruct  judge.o
    0x08005d1c   0x00000094   Code   RO         7199    i.JUDGE_SendTextStruct  judge.o
    0x08005db0   0x00000044   Code   RO          414    i.MX_CAN1_Init      can.o
    0x08005df4   0x00000044   Code   RO          415    i.MX_CAN2_Init      can.o
    0x08005e38   0x0000004c   Code   RO          461    i.MX_DMA_Init       dma.o
    0x08005e84   0x00000148   Code   RO          284    i.MX_FREERTOS_Init  freertos.o
    0x08005fcc   0x00000208   Code   RO          260    i.MX_GPIO_Init      gpio.o
    0x080061d4   0x00000040   Code   RO          487    i.MX_I2C3_Init      i2c.o
    0x08006214   0x00000048   Code   RO          529    i.MX_SPI1_Init      spi.o
    0x0800625c   0x00000064   Code   RO          574    i.MX_TIM10_Init     tim.o
    0x080062c0   0x000000d0   Code   RO          575    i.MX_TIM1_Init      tim.o
    0x08006390   0x00000070   Code   RO          576    i.MX_TIM4_Init      tim.o
    0x08006400   0x00000064   Code   RO          577    i.MX_TIM5_Init      tim.o
    0x08006464   0x00000038   Code   RO          649    i.MX_USART1_UART_Init  usart.o
    0x0800649c   0x00000038   Code   RO          650    i.MX_USART2_UART_Init  usart.o
    0x080064d4   0x00000044   Code   RO          651    i.MX_USART3_UART_Init  usart.o
    0x08006518   0x00000038   Code   RO          652    i.MX_USART6_UART_Init  usart.o
    0x08006550   0x00000054   Code   RO          707    i.MX_USB_DEVICE_Init  usb_device.o
    0x080065a4   0x00000002   Code   RO         1117    i.MemManage_Handler  stm32f4xx_it.o
    0x080065a6   0x00000032   Code   RO         7429    i.Motor_CalcAngle   moto.o
    0x080065d8   0x0000000e   Code   RO         7431    i.Motor_Update      moto.o
    0x080065e6   0x00000002   Code   RO         1118    i.NMI_Handler       stm32f4xx_it.o
    0x080065e8   0x0000000c   Code   RO         1119    i.OTG_FS_IRQHandler  stm32f4xx_it.o
    0x080065f4   0x000000cc   Code   RO         1355    i.PCD_EP_OutXfrComplete_int  stm32f4xx_hal_pcd.o
    0x080066c0   0x000000a2   Code   RO         1356    i.PCD_WriteEmptyTxFifo  stm32f4xx_hal_pcd.o
    0x08006762   0x00000026   Code   RO         6807    i.PID_CascadeCalc   pid.o
    0x08006788   0x0000001c   Code   RO         6808    i.PID_Clear         pid.o
    0x080067a4   0x0000001c   Code   RO         6809    i.PID_Init          pid.o
    0x080067c0   0x00000006   Code   RO         6811    i.PID_SetMaxOutput  pid.o
    0x080067c6   0x00000002   PAD
    0x080067c8   0x000000cc   Code   RO         6812    i.PID_SingleCalc    pid.o
    0x08006894   0x00000028   Code   RO         6738    i.Queue_Dequeue     myqueue.o
    0x080068bc   0x0000004c   Code   RO         6740    i.Queue_Enqueue     myqueue.o
    0x08006908   0x00000010   Code   RO         6743    i.Queue_IsEmpty     myqueue.o
    0x08006918   0x0000001c   Code   RO         6744    i.Queue_IsFull      myqueue.o
    0x08006934   0x000001dc   Code   RO         9078    i.RC_UpdateKeys     rc.o
    0x08006b10   0x00001274   Code   RO         8159    i.SPI1_DMA_enable   bsp_spi.o
    0x08007d84   0x000000f0   Code   RO         8160    i.SPI1_DMA_init     bsp_spi.o
    0x08007e74   0x00000058   Code   RO         3752    i.SPI_EndRxTxTransaction  stm32f4xx_hal_spi.o
    0x08007ecc   0x000000b8   Code   RO         3757    i.SPI_WaitFlagStateUntilTimeout  stm32f4xx_hal_spi.o
    0x08007f84   0x0000000a   Code   RO         9501    i.SWAPBYTE          usbd_ctlreq.o
    0x08007f8e   0x00000002   PAD
    0x08007f90   0x00000024   Code   RO         8873    i.Shooter_InquireBulletState  shooter.o
    0x08007fb4   0x000000d0   Code   RO         8875    i.Shooter_RockerCtrl  shooter.o
    0x08008084   0x0000021c   Code   RO         8878    i.Shooter_UI_Init   shooter.o
    0x080082a0   0x00000020   Code   RO         8879    i.Shooter_UpdateFricSpeed  shooter.o
    0x080082c0   0x00000006   Code   RO         6855    i.Slope_GetVal      slope.o
    0x080082c6   0x0000007e   Code   RO         6857    i.Slope_NextVal     slope.o
    0x08008344   0x00000006   Code   RO         6858    i.Slope_SetStep     slope.o
    0x0800834a   0x00000006   Code   RO         6859    i.Slope_SetTarget   slope.o
    0x08008350   0x0000000c   Code   RO          285    i.StartDefaultTask  freertos.o
    0x0800835c   0x0000002c   Code   RO         6622    i.SysTick_Handler   port.o
    0x08008388   0x00000094   Code   RO           15    i.SystemClock_Config  main.o
    0x0800841c   0x00000010   Code   RO         5356    i.SystemInit        system_stm32f4xx.o
    0x0800842c   0x0000000c   Code   RO         1120    i.TIM2_IRQHandler   stm32f4xx_it.o
    0x08008438   0x0000000c   Code   RO         1121    i.TIM5_IRQHandler   stm32f4xx_it.o
    0x08008444   0x000000c8   Code   RO         4120    i.TIM_Base_SetConfig  stm32f4xx_hal_tim.o
    0x0800850c   0x0000001a   Code   RO         4121    i.TIM_CCxChannelCmd  stm32f4xx_hal_tim.o
    0x08008526   0x00000014   Code   RO         4131    i.TIM_ETR_SetConfig  stm32f4xx_hal_tim.o
    0x0800853a   0x00000010   Code   RO         4132    i.TIM_ITRx_SetConfig  stm32f4xx_hal_tim.o
    0x0800854a   0x00000002   PAD
    0x0800854c   0x00000060   Code   RO         4133    i.TIM_OC1_SetConfig  stm32f4xx_hal_tim.o
    0x080085ac   0x0000006c   Code   RO         4134    i.TIM_OC2_SetConfig  stm32f4xx_hal_tim.o
    0x08008618   0x00000068   Code   RO         4135    i.TIM_OC3_SetConfig  stm32f4xx_hal_tim.o
    0x08008680   0x00000050   Code   RO         4136    i.TIM_OC4_SetConfig  stm32f4xx_hal_tim.o
    0x080086d0   0x00000022   Code   RO         4138    i.TIM_TI1_ConfigInputStage  stm32f4xx_hal_tim.o
    0x080086f2   0x00000024   Code   RO         4140    i.TIM_TI2_ConfigInputStage  stm32f4xx_hal_tim.o
    0x08008716   0x00000002   PAD
    0x08008718   0x0000003c   Code   RO         7363    i.Task_Beep_Callback  beep.o
    0x08008754   0x00000190   Code   RO         7432    i.Task_CANMotors_Callback  moto.o
    0x080088e4   0x00000294   Code   RO         8612    i.Task_Chassis_Callback  chassis.o
    0x08008b78   0x00000058   Code   RO         6961    i.Task_Detect_Callback  detect.o
    0x08008bd0   0x00000118   Code   RO         8746    i.Task_Gimbal_Callback  gimbal.o
    0x08008ce8   0x0000002c   Code   RO         7201    i.Task_Judge_Callback  judge.o
    0x08008d14   0x0000007c   Code   RO         9079    i.Task_RC_Callback  rc.o
    0x08008d90   0x0000011c   Code   RO         8880    i.Task_Shooter_Callback  shooter.o
    0x08008eac   0x00000050   Code   RO         8979    i.Task_VisionSendInfo_Callback  vision.o
    0x08008efc   0x00000010   Code   RO         5040    i.UART_DMAAbortOnError  stm32f4xx_hal_uart.o
    0x08008f0c   0x0000004a   Code   RO         5041    i.UART_DMAError     stm32f4xx_hal_uart.o
    0x08008f56   0x00000042   Code   RO         5046    i.UART_DMATransmitCplt  stm32f4xx_hal_uart.o
    0x08008f98   0x0000000a   Code   RO         5048    i.UART_DMATxHalfCplt  stm32f4xx_hal_uart.o
    0x08008fa2   0x0000004e   Code   RO         5050    i.UART_EndRxTransfer  stm32f4xx_hal_uart.o
    0x08008ff0   0x0000001c   Code   RO         5051    i.UART_EndTxTransfer  stm32f4xx_hal_uart.o
    0x0800900c   0x000000c0   Code   RO         5052    i.UART_Receive_IT   stm32f4xx_hal_uart.o
    0x080090cc   0x0000010c   Code   RO         5053    i.UART_SetConfig    stm32f4xx_hal_uart.o
    0x080091d8   0x0000000c   Code   RO         1122    i.USART1_IRQHandler  stm32f4xx_it.o
    0x080091e4   0x0000000c   Code   RO         1123    i.USART2_IRQHandler  stm32f4xx_it.o
    0x080091f0   0x0000000c   Code   RO         1124    i.USART3_IRQHandler  stm32f4xx_it.o
    0x080091fc   0x0000000c   Code   RO         1125    i.USART6_IRQHandler  stm32f4xx_it.o
    0x08009208   0x00000062   Code   RO         9634    i.USBD_CDC_DataIn   usbd_cdc.o
    0x0800926a   0x0000002a   Code   RO         9635    i.USBD_CDC_DataOut  usbd_cdc.o
    0x08009294   0x00000048   Code   RO         9636    i.USBD_CDC_DeInit   usbd_cdc.o
    0x080092dc   0x0000002e   Code   RO         9637    i.USBD_CDC_EP0_RxReady  usbd_cdc.o
    0x0800930a   0x00000002   PAD
    0x0800930c   0x0000000c   Code   RO         9638    i.USBD_CDC_GetDeviceQualifierDescriptor  usbd_cdc.o
    0x08009318   0x0000000c   Code   RO         9639    i.USBD_CDC_GetFSCfgDesc  usbd_cdc.o
    0x08009324   0x0000000c   Code   RO         9640    i.USBD_CDC_GetHSCfgDesc  usbd_cdc.o
    0x08009330   0x0000000c   Code   RO         9641    i.USBD_CDC_GetOtherSpeedCfgDesc  usbd_cdc.o
    0x0800933c   0x000000a2   Code   RO         9642    i.USBD_CDC_Init     usbd_cdc.o
    0x080093de   0x00000028   Code   RO         9643    i.USBD_CDC_ReceivePacket  usbd_cdc.o
    0x08009406   0x0000000e   Code   RO         9644    i.USBD_CDC_RegisterInterface  usbd_cdc.o
    0x08009414   0x00000012   Code   RO         9645    i.USBD_CDC_SetRxBuffer  usbd_cdc.o
    0x08009426   0x00000016   Code   RO         9646    i.USBD_CDC_SetTxBuffer  usbd_cdc.o
    0x0800943c   0x000000be   Code   RO         9647    i.USBD_CDC_Setup    usbd_cdc.o
    0x080094fa   0x00000010   Code   RO         9363    i.USBD_ClrClassConfig  usbd_core.o
    0x0800950a   0x00000010   Code   RO         9574    i.USBD_CtlContinueRx  usbd_ioreq.o
    0x0800951a   0x00000010   Code   RO         9575    i.USBD_CtlContinueSendData  usbd_ioreq.o
    0x0800952a   0x00000016   Code   RO         9502    i.USBD_CtlError     usbd_ctlreq.o
    0x08009540   0x0000001e   Code   RO         9576    i.USBD_CtlPrepareRx  usbd_ioreq.o
    0x0800955e   0x00000016   Code   RO         9577    i.USBD_CtlReceiveStatus  usbd_ioreq.o
    0x08009574   0x0000001a   Code   RO         9578    i.USBD_CtlSendData  usbd_ioreq.o
    0x0800958e   0x00000016   Code   RO         9579    i.USBD_CtlSendStatus  usbd_ioreq.o
    0x080095a4   0x00000020   Code   RO          963    i.USBD_FS_ConfigStrDescriptor  usbd_desc.o
    0x080095c4   0x0000000c   Code   RO          964    i.USBD_FS_DeviceDescriptor  usbd_desc.o
    0x080095d0   0x00000024   Code   RO          965    i.USBD_FS_InterfaceStrDescriptor  usbd_desc.o
    0x080095f4   0x0000000c   Code   RO          966    i.USBD_FS_LangIDStrDescriptor  usbd_desc.o
    0x08009600   0x00000028   Code   RO          967    i.USBD_FS_ManufacturerStrDescriptor  usbd_desc.o
    0x08009628   0x0000002c   Code   RO          968    i.USBD_FS_ProductStrDescriptor  usbd_desc.o
    0x08009654   0x00000038   Code   RO          969    i.USBD_FS_SerialStrDescriptor  usbd_desc.o
    0x0800968c   0x000000e6   Code   RO         9503    i.USBD_GetDescriptor  usbd_ctlreq.o
    0x08009772   0x00000048   Code   RO         9504    i.USBD_GetString    usbd_ctlreq.o
    0x080097ba   0x00000018   Code   RO          768    i.USBD_Get_USB_Status  usbd_conf.o
    0x080097d2   0x00000026   Code   RO         9365    i.USBD_Init         usbd_core.o
    0x080097f8   0x00000012   Code   RO          769    i.USBD_LL_ClearStallEP  usbd_conf.o
    0x0800980a   0x00000012   Code   RO          770    i.USBD_LL_CloseEP   usbd_conf.o
    0x0800981c   0x000000a8   Code   RO         9366    i.USBD_LL_DataInStage  usbd_core.o
    0x080098c4   0x0000006c   Code   RO         9367    i.USBD_LL_DataOutStage  usbd_core.o
    0x08009930   0x00000004   Code   RO         9368    i.USBD_LL_DevConnected  usbd_core.o
    0x08009934   0x00000018   Code   RO         9369    i.USBD_LL_DevDisconnected  usbd_core.o
    0x0800994c   0x00000008   Code   RO          774    i.USBD_LL_GetRxDataSize  usbd_conf.o
    0x08009954   0x00000060   Code   RO          775    i.USBD_LL_Init      usbd_conf.o
    0x080099b4   0x00000020   Code   RO          776    i.USBD_LL_IsStallEP  usbd_conf.o
    0x080099d4   0x00000020   Code   RO         9370    i.USBD_LL_IsoINIncomplete  usbd_core.o
    0x080099f4   0x00000020   Code   RO         9371    i.USBD_LL_IsoOUTIncomplete  usbd_core.o
    0x08009a14   0x00000018   Code   RO          777    i.USBD_LL_OpenEP    usbd_conf.o
    0x08009a2c   0x00000012   Code   RO          778    i.USBD_LL_PrepareReceive  usbd_conf.o
    0x08009a3e   0x0000005a   Code   RO         9372    i.USBD_LL_Reset     usbd_core.o
    0x08009a98   0x00000014   Code   RO         9373    i.USBD_LL_Resume    usbd_core.o
    0x08009aac   0x00000020   Code   RO         9374    i.USBD_LL_SOF       usbd_core.o
    0x08009acc   0x00000006   Code   RO         9375    i.USBD_LL_SetSpeed  usbd_core.o
    0x08009ad2   0x00000012   Code   RO          779    i.USBD_LL_SetUSBAddress  usbd_conf.o
    0x08009ae4   0x00000060   Code   RO         9376    i.USBD_LL_SetupStage  usbd_core.o
    0x08009b44   0x00000012   Code   RO          780    i.USBD_LL_StallEP   usbd_conf.o
    0x08009b56   0x00000012   Code   RO          781    i.USBD_LL_Start     usbd_conf.o
    0x08009b68   0x00000012   Code   RO         9377    i.USBD_LL_Suspend   usbd_core.o
    0x08009b7a   0x00000012   Code   RO          783    i.USBD_LL_Transmit  usbd_conf.o
    0x08009b8c   0x0000002c   Code   RO         9505    i.USBD_ParseSetupRequest  usbd_ctlreq.o
    0x08009bb8   0x00000024   Code   RO         9378    i.USBD_RegisterClass  usbd_core.o
    0x08009bdc   0x00000014   Code   RO         9380    i.USBD_SetClassConfig  usbd_core.o
    0x08009bf0   0x000000bc   Code   RO         9506    i.USBD_SetConfig    usbd_ctlreq.o
    0x08009cac   0x00000004   Code   RO         9381    i.USBD_Start        usbd_core.o
    0x08009cb0   0x00000114   Code   RO         9507    i.USBD_StdDevReq    usbd_ctlreq.o
    0x08009dc4   0x00000140   Code   RO         9508    i.USBD_StdEPReq     usbd_ctlreq.o
    0x08009f04   0x00000052   Code   RO         9509    i.USBD_StdItfReq    usbd_ctlreq.o
    0x08009f56   0x00000002   Code   RO          784    i.USBD_static_free  usbd_conf.o
    0x08009f58   0x00000008   Code   RO          785    i.USBD_static_malloc  usbd_conf.o
    0x08009f60   0x00000080   Code   RO         1591    i.USB_ActivateEndpoint  stm32f4xx_ll_usb.o
    0x08009fe0   0x0000001c   Code   RO         1593    i.USB_ActivateSetup  stm32f4xx_ll_usb.o
    0x08009ffc   0x00000074   Code   RO         1595    i.USB_CoreInit      stm32f4xx_ll_usb.o
    0x0800a070   0x00000040   Code   RO         1596    i.USB_CoreReset     stm32f4xx_ll_usb.o
    0x0800a0b0   0x000000cc   Code   RO         1599    i.USB_DeactivateEndpoint  stm32f4xx_ll_usb.o
    0x0800a17c   0x0000001c   Code   RO         1600    i.USB_DevConnect    stm32f4xx_ll_usb.o
    0x0800a198   0x0000001c   Code   RO         1601    i.USB_DevDisconnect  stm32f4xx_ll_usb.o
    0x0800a1b4   0x00000174   Code   RO         1602    i.USB_DevInit       stm32f4xx_ll_usb.o
    0x0800a328   0x0000000c   Code   RO         1603    i.USB_DisableGlobalInt  stm32f4xx_ll_usb.o
    0x0800a334   0x00000118   Code   RO         1606    i.USB_EP0StartXfer  stm32f4xx_ll_usb.o
    0x0800a44c   0x00000058   Code   RO         1607    i.USB_EP0_OutStart  stm32f4xx_ll_usb.o
    0x0800a4a4   0x00000058   Code   RO         1608    i.USB_EPClearStall  stm32f4xx_ll_usb.o
    0x0800a4fc   0x00000058   Code   RO         1609    i.USB_EPSetStall    stm32f4xx_ll_usb.o
    0x0800a554   0x000001e8   Code   RO         1610    i.USB_EPStartXfer   stm32f4xx_ll_usb.o
    0x0800a73c   0x0000000c   Code   RO         1611    i.USB_EnableGlobalInt  stm32f4xx_ll_usb.o
    0x0800a748   0x00000028   Code   RO         1612    i.USB_FlushRxFifo   stm32f4xx_ll_usb.o
    0x0800a770   0x0000002c   Code   RO         1613    i.USB_FlushTxFifo   stm32f4xx_ll_usb.o
    0x0800a79c   0x0000001a   Code   RO         1615    i.USB_GetDevSpeed   stm32f4xx_ll_usb.o
    0x0800a7b6   0x00000008   Code   RO         1617    i.USB_GetMode       stm32f4xx_ll_usb.o
    0x0800a7be   0x0000000e   Code   RO         1624    i.USB_ReadDevAllInEpInterrupt  stm32f4xx_ll_usb.o
    0x0800a7cc   0x0000000e   Code   RO         1625    i.USB_ReadDevAllOutEpInterrupt  stm32f4xx_ll_usb.o
    0x0800a7da   0x00000024   Code   RO         1626    i.USB_ReadDevInEPInterrupt  stm32f4xx_ll_usb.o
    0x0800a7fe   0x00000010   Code   RO         1627    i.USB_ReadDevOutEPInterrupt  stm32f4xx_ll_usb.o
    0x0800a80e   0x00000008   Code   RO         1628    i.USB_ReadInterrupts  stm32f4xx_ll_usb.o
    0x0800a816   0x0000003e   Code   RO         1629    i.USB_ReadPacket    stm32f4xx_ll_usb.o
    0x0800a854   0x0000005c   Code   RO         1631    i.USB_SetCurrentMode  stm32f4xx_ll_usb.o
    0x0800a8b0   0x00000022   Code   RO         1632    i.USB_SetDevAddress  stm32f4xx_ll_usb.o
    0x0800a8d2   0x00000002   PAD
    0x0800a8d4   0x000000e8   Code   RO         1634    i.USB_SetTurnaroundTime  stm32f4xx_ll_usb.o
    0x0800a9bc   0x00000028   Code   RO         1637    i.USB_WritePacket   stm32f4xx_ll_usb.o
    0x0800a9e4   0x0000001e   Code   RO         7542    i.USER_CAN_GetCapData  user_can.o
    0x0800aa02   0x00000032   Code   RO         7543    i.USER_CAN_SendCapData  user_can.o
    0x0800aa34   0x00000070   Code   RO         7544    i.USER_CAN_SendVisionBuf  user_can.o
    0x0800aaa4   0x0000007c   Code   RO         7545    i.USER_CAN_SetMotorCurrent  user_can.o
    0x0800ab20   0x00000002   Code   RO         1126    i.UsageFault_Handler  stm32f4xx_it.o
    0x0800ab22   0x00000002   PAD
    0x0800ab24   0x00000030   Code   RO         8309    i.User_Imu_GetRoll  user_imu.o
    0x0800ab54   0x00000030   Code   RO         8310    i.User_Imu_GetYaw   user_imu.o
    0x0800ab84   0x00000024   Code   RO         8311    i.User_Imu_Get_X_Gyro  user_imu.o
    0x0800aba8   0x00000024   Code   RO         8313    i.User_Imu_Get_Z_Gyro  user_imu.o
    0x0800abcc   0x00000060   Code   RO         8981    i.Vision_ParseData  vision.o
    0x0800ac2c   0x0000007c   Code   RO         8985    i.Vision_SendInfo   vision.o
    0x0800aca8   0x00000030   Code   RO        10362    i.__ARM_fpclassify  m_wm.l(fpclassify.o)
    0x0800acd8   0x00000026   Code   RO        10364    i.__ARM_fpclassifyf  m_wm.l(fpclassifyf.o)
    0x0800acfe   0x00000020   Code   RO         2644    i.__NVIC_SetPriority  stm32f4xx_hal_cortex.o
    0x0800ad1e   0x00000002   PAD
    0x0800ad20   0x00000358   Code   RO        10100    i.__hardfp_acos     m_wm.l(acos.o)
    0x0800b078   0x0000012c   Code   RO        10126    i.__hardfp_asinf    m_wm.l(asinf.o)
    0x0800b1a4   0x00000250   Code   RO        10138    i.__hardfp_atan2f   m_wm.l(atan2f.o)
    0x0800b3f4   0x00000004   PAD
    0x0800b3f8   0x000000c8   Code   RO        10150    i.__hardfp_cos      m_wm.l(cos.o)
    0x0800b4c0   0x00000c50   Code   RO        10162    i.__hardfp_pow      m_wm.l(pow.o)
    0x0800c110   0x000000c8   Code   RO        10176    i.__hardfp_sin      m_wm.l(sin.o)
    0x0800c1d8   0x0000007a   Code   RO        10188    i.__hardfp_sqrt     m_wm.l(sqrt.o)
    0x0800c252   0x0000003a   Code   RO        10200    i.__hardfp_sqrtf    m_wm.l(sqrtf.o)
    0x0800c28c   0x00000004   PAD
    0x0800c290   0x00000438   Code   RO        10383    i.__ieee754_rem_pio2  m_wm.l(rred.o)
    0x0800c6c8   0x00000170   Code   RO        10339    i.__kernel_cos      m_wm.l(cos_i.o)
    0x0800c838   0x000000f8   Code   RO        10380    i.__kernel_poly     m_wm.l(poly.o)
    0x0800c930   0x00000130   Code   RO        10391    i.__kernel_sin      m_wm.l(sin_i.o)
    0x0800ca60   0x00000030   Code   RO        10342    i.__mathlib_dbl_divzero  m_wm.l(dunder.o)
    0x0800ca90   0x00000014   Code   RO        10343    i.__mathlib_dbl_infnan  m_wm.l(dunder.o)
    0x0800caa4   0x00000014   Code   RO        10344    i.__mathlib_dbl_infnan2  m_wm.l(dunder.o)
    0x0800cab8   0x00000020   Code   RO        10345    i.__mathlib_dbl_invalid  m_wm.l(dunder.o)
    0x0800cad8   0x00000020   Code   RO        10346    i.__mathlib_dbl_overflow  m_wm.l(dunder.o)
    0x0800caf8   0x00000020   Code   RO        10348    i.__mathlib_dbl_underflow  m_wm.l(dunder.o)
    0x0800cb18   0x00000006   Code   RO        10367    i.__mathlib_flt_infnan  m_wm.l(funder.o)
    0x0800cb1e   0x00000006   Code   RO        10368    i.__mathlib_flt_infnan2  m_wm.l(funder.o)
    0x0800cb24   0x00000010   Code   RO        10369    i.__mathlib_flt_invalid  m_wm.l(funder.o)
    0x0800cb34   0x00000010   Code   RO        10372    i.__mathlib_flt_underflow  m_wm.l(funder.o)
    0x0800cb44   0x0000000e   Code   RO        10025    i._is_digit         c_w.l(__printf_wp.o)
    0x0800cb52   0x00000002   PAD
    0x0800cb54   0x000001d0   Code   RO         9740    i.accel_comple_filter  AHRS.lib(ahrs.o)
    0x0800cd24   0x0000018c   Code   RO         9741    i.accel_update_kp_ki  AHRS.lib(ahrs.o)
    0x0800ceb0   0x0000016c   Code   RO         9742    i.angle_to_quat     AHRS.lib(ahrs.o)
    0x0800d01c   0x00000128   Code   RO         7786    i.bmi088_accel_init  bmi088driver.o
    0x0800d144   0x000002c0   Code   RO         7787    i.bmi088_accel_self_test  bmi088driver.o
    0x0800d404   0x000000dc   Code   RO         7788    i.bmi088_gyro_init  bmi088driver.o
    0x0800d4e0   0x000000ca   Code   RO         7789    i.bmi088_gyro_self_test  bmi088driver.o
    0x0800d5aa   0x00000002   PAD
    0x0800d5ac   0x00000034   Code   RO         8092    i.delay_us          bsp_delay.o
    0x0800d5e0   0x00000018   Code   RO        10358    i.fabs              m_wm.l(fabs.o)
    0x0800d5f8   0x000000e8   Code   RO         9743    i.get_angle         AHRS.lib(ahrs.o)
    0x0800d6e0   0x000000ec   Code   RO         8320    i.imu_cali_slove    user_imu.o
    0x0800d7cc   0x000000fc   Code   RO         8321    i.imu_cmd_spi_dma   user_imu.o
    0x0800d8c8   0x0000000c   Code   RO         8128    i.imu_pwm_set       bsp_imu_pwm.o
    0x0800d8d4   0x00000080   Code   RO         8322    i.imu_temp_control  user_imu.o
    0x0800d954   0x0000000c   Code   RO         6185    i.inHandlerMode     cmsis_os.o
    0x0800d960   0x00000002   Code   RO         8225    i.ist8310_GPIO_init  ist8310driver_middleware.o
    0x0800d962   0x00000002   PAD
    0x0800d964   0x00000024   Code   RO         8227    i.ist8310_IIC_read_single_reg  ist8310driver_middleware.o
    0x0800d988   0x00000024   Code   RO         8229    i.ist8310_IIC_write_single_reg  ist8310driver_middleware.o
    0x0800d9ac   0x00000010   Code   RO         8230    i.ist8310_RST_H     ist8310driver_middleware.o
    0x0800d9bc   0x00000010   Code   RO         8231    i.ist8310_RST_L     ist8310driver_middleware.o
    0x0800d9cc   0x00000002   Code   RO         8232    i.ist8310_com_init  ist8310driver_middleware.o
    0x0800d9ce   0x00000004   Code   RO         8233    i.ist8310_delay_ms  ist8310driver_middleware.o
    0x0800d9d2   0x00000002   PAD
    0x0800d9d4   0x00000080   Code   RO         8190    i.ist8310_init      ist8310driver.o
    0x0800da54   0x00000048   Code   RO         8323    i.loop_fp32_constrain  user_imu.o
    0x0800da9c   0x0000004a   Code   RO           16    i.main              main.o
    0x0800dae6   0x0000000c   Code   RO         6187    i.makeFreeRtosPriority  cmsis_os.o
    0x0800daf2   0x0000000e   Code   RO         6189    i.osDelay           cmsis_os.o
    0x0800db00   0x0000000a   Code   RO         6192    i.osKernelStart     cmsis_os.o
    0x0800db0a   0x00000054   Code   RO         6226    i.osThreadCreate    cmsis_os.o
    0x0800db5e   0x00000002   PAD
    0x0800db60   0x00000034   Code   RO         6230    i.osThreadResume    cmsis_os.o
    0x0800db94   0x0000000a   Code   RO         6233    i.osThreadSuspend   cmsis_os.o
    0x0800db9e   0x00000002   PAD
    0x0800dba0   0x00000024   Code   RO         7364    i.os_BeepCallback   beep.o
    0x0800dbc4   0x0000000c   Code   RO         8613    i.os_ChassisCallback  chassis.o
    0x0800dbd0   0x00000010   Code   RO         6962    i.os_DetectCallback  detect.o
    0x0800dbe0   0x000000a8   Code   RO         9152    i.os_ErrorCallback  userfreertos.o
    0x0800dc88   0x0000000c   Code   RO         8747    i.os_GimbalCallback  gimbal.o
    0x0800dc94   0x0000026c   Code   RO         8324    i.os_IMUCallback    user_imu.o
    0x0800df00   0x00000020   Code   RO         7203    i.os_JudgeCallback  judge.o
    0x0800df20   0x00000020   Code   RO         9153    i.os_LEDCallback    userfreertos.o
    0x0800df40   0x00000010   Code   RO         7433    i.os_MotorCallback  moto.o
    0x0800df50   0x0000000c   Code   RO         9081    i.os_RCCallback     rc.o
    0x0800df5c   0x00000020   Code   RO         8881    i.os_ShooterCallback  shooter.o
    0x0800df7c   0x000000c0   Code   RO         7493    i.os_SuperCapCallback  super_cap.o
    0x0800e03c   0x00000010   Code   RO         8989    i.os_VisionCallback  vision.o
    0x0800e04c   0x00000020   Code   RO         5857    i.pcTaskGetName     tasks.o
    0x0800e06c   0x00000070   Code   RO         5858    i.prvAddCurrentTaskToDelayedList  tasks.o
    0x0800e0dc   0x000000d0   Code   RO         5859    i.prvAddNewTaskToReadyList  tasks.o
    0x0800e1ac   0x00000034   Code   RO         5860    i.prvDeleteTCB      tasks.o
    0x0800e1e0   0x0000004c   Code   RO         6554    i.prvHeapInit       heap_4.o
    0x0800e22c   0x00000060   Code   RO         5861    i.prvIdleTask       tasks.o
    0x0800e28c   0x00000098   Code   RO         5862    i.prvInitialiseNewTask  tasks.o
    0x0800e324   0x0000004c   Code   RO         6555    i.prvInsertBlockIntoFreeList  heap_4.o
    0x0800e370   0x00000020   Code   RO         5863    i.prvResetNextTaskUnblockTime  tasks.o
    0x0800e390   0x00000058   Code   RO         5864    i.prvSearchForNameWithinSingleList  tasks.o
    0x0800e3e8   0x00000028   Code   RO         6623    i.prvTaskExitError  port.o
    0x0800e410   0x00000034   Code   RO         5865    i.prvTaskIsTaskSuspended  tasks.o
    0x0800e444   0x000000dc   Code   RO         6556    i.pvPortMalloc      heap_4.o
    0x0800e520   0x0000002c   Code   RO         6624    i.pxPortInitialiseStack  port.o
    0x0800e54c   0x00000084   Code   RO         9748    i.quat_normalization  AHRS.lib(ahrs.o)
    0x0800e5d0   0x0000006e   Code   RO        10190    i.sqrt              m_wm.l(sqrt.o)
    0x0800e63e   0x0000003e   Code   RO        10202    i.sqrtf             m_wm.l(sqrtf.o)
    0x0800e67c   0x00000068   Code   RO         5867    i.ulTaskNotifyTake  tasks.o
    0x0800e6e4   0x0000007a   Code   RO         9749    i.update_w          AHRS.lib(ahrs.o)
    0x0800e75e   0x00000026   Code   RO         5494    i.uxListRemove      list.o
    0x0800e784   0x00000014   Code   RO          299    i.vApplicationGetIdleTaskMemory  freertos.o
    0x0800e798   0x00000016   Code   RO         5495    i.vListInitialise   list.o
    0x0800e7ae   0x00000006   Code   RO         5496    i.vListInitialiseItem  list.o
    0x0800e7b4   0x00000030   Code   RO         5497    i.vListInsert       list.o
    0x0800e7e4   0x00000018   Code   RO         5498    i.vListInsertEnd    list.o
    0x0800e7fc   0x00000040   Code   RO         6626    i.vPortEnterCritical  port.o
    0x0800e83c   0x00000028   Code   RO         6627    i.vPortExitCritical  port.o
    0x0800e864   0x00000064   Code   RO         6557    i.vPortFree         heap_4.o
    0x0800e8c8   0x00000024   Code   RO         6628    i.vPortSetupTimerInterrupt  port.o
    0x0800e8ec   0x00000054   Code   RO         6629    i.vPortValidateInterruptPriority  port.o
    0x0800e940   0x0000004c   Code   RO         5873    i.vTaskDelay        tasks.o
    0x0800e98c   0x000000b4   Code   RO         5878    i.vTaskNotifyGiveFromISR  tasks.o
    0x0800ea40   0x0000007c   Code   RO         5884    i.vTaskResume       tasks.o
    0x0800eabc   0x0000006c   Code   RO         5886    i.vTaskStartScheduler  tasks.o
    0x0800eb28   0x000000bc   Code   RO         5887    i.vTaskSuspend      tasks.o
    0x0800ebe4   0x00000010   Code   RO         5888    i.vTaskSuspendAll   tasks.o
    0x0800ebf4   0x0000005c   Code   RO         5889    i.vTaskSwitchContext  tasks.o
    0x0800ec50   0x000000f4   Code   RO         6630    i.xPortStartScheduler  port.o
    0x0800ed44   0x0000005a   Code   RO         5892    i.xTaskCreate       tasks.o
    0x0800ed9e   0x00000056   Code   RO         5893    i.xTaskCreateStatic  tasks.o
    0x0800edf4   0x000000e0   Code   RO         5894    i.xTaskGenericNotify  tasks.o
    0x0800eed4   0x00000084   Code   RO         5897    i.xTaskGetHandle    tasks.o
    0x0800ef58   0x0000001c   Code   RO         5898    i.xTaskGetSchedulerState  tasks.o
    0x0800ef74   0x000000cc   Code   RO         5901    i.xTaskIncrementTick  tasks.o
    0x0800f040   0x000000c4   Code   RO         5907    i.xTaskResumeAll    tasks.o
    0x0800f104   0x00000088   Code   RO         5908    i.xTaskResumeFromISR  tasks.o
    0x0800f18c   0x00000018   Code   RO        10314    x$fpl$basic         fz_wm.l(basic.o)
    0x0800f1a4   0x00000062   Code   RO        10054    x$fpl$d2f           fz_wm.l(d2f.o)
    0x0800f206   0x00000002   PAD
    0x0800f208   0x00000150   Code   RO        10056    x$fpl$dadd          fz_wm.l(daddsub_clz.o)
    0x0800f358   0x00000010   Code   RO        10480    x$fpl$dcheck1       fz_wm.l(dcheck1.o)
    0x0800f368   0x00000018   Code   RO        10482    x$fpl$dcmpinf       fz_wm.l(dcmpi.o)
    0x0800f380   0x000002b0   Code   RO        10063    x$fpl$ddiv          fz_wm.l(ddiv.o)
    0x0800f630   0x0000005e   Code   RO        10484    x$fpl$dfix          fz_wm.l(dfix.o)
    0x0800f68e   0x0000002e   Code   RO        10067    x$fpl$dflt          fz_wm.l(dflt_clz.o)
    0x0800f6bc   0x00000026   Code   RO        10066    x$fpl$dfltu         fz_wm.l(dflt_clz.o)
    0x0800f6e2   0x00000002   PAD
    0x0800f6e4   0x00000078   Code   RO        10316    x$fpl$dleqf         fz_wm.l(dleqf.o)
    0x0800f75c   0x00000154   Code   RO        10072    x$fpl$dmul          fz_wm.l(dmul.o)
    0x0800f8b0   0x0000009c   Code   RO        10318    x$fpl$dnaninf       fz_wm.l(dnaninf.o)
    0x0800f94c   0x0000000c   Code   RO        10320    x$fpl$dretinf       fz_wm.l(dretinf.o)
    0x0800f958   0x0000006c   Code   RO        10322    x$fpl$drleqf        fz_wm.l(drleqf.o)
    0x0800f9c4   0x00000016   Code   RO        10057    x$fpl$drsb          fz_wm.l(daddsub_clz.o)
    0x0800f9da   0x00000002   PAD
    0x0800f9dc   0x00000198   Code   RO        10324    x$fpl$dsqrt         fz_wm.l(dsqrt_umaal.o)
    0x0800fb74   0x000001d4   Code   RO        10058    x$fpl$dsub          fz_wm.l(daddsub_clz.o)
    0x0800fd48   0x00000056   Code   RO        10074    x$fpl$f2d           fz_wm.l(f2d.o)
    0x0800fd9e   0x00000012   Code   RO        10076    x$fpl$fadd          fz_wm.l(faddsub_clz.o)
    0x0800fdb0   0x00000054   Code   RO        10082    x$fpl$fcmp          fz_wm.l(fcmp.o)
    0x0800fe04   0x00000018   Code   RO        10488    x$fpl$fcmpinf       fz_wm.l(fcmpi.o)
    0x0800fe1c   0x00000030   Code   RO        10326    x$fpl$feqf          fz_wm.l(feqf.o)
    0x0800fe4c   0x0000000e   Code   RO        10084    x$fpl$ffix          fz_wm.l(ffix.o)
    0x0800fe5a   0x0000000e   Code   RO        10088    x$fpl$ffixu         fz_wm.l(ffixu.o)
    0x0800fe68   0x0000000e   Code   RO        10093    x$fpl$fflt          fz_wm.l(fflt_clz.o)
    0x0800fe76   0x0000000e   Code   RO        10092    x$fpl$ffltu         fz_wm.l(fflt_clz.o)
    0x0800fe84   0x00000030   Code   RO        10328    x$fpl$fgeqf         fz_wm.l(fgeqf.o)
    0x0800feb4   0x00000030   Code   RO        10330    x$fpl$fleqf         fz_wm.l(fleqf.o)
    0x0800fee4   0x00000012   Code   RO        10096    x$fpl$fmul          fz_wm.l(fmul.o)
    0x0800fef6   0x0000008c   Code   RO        10332    x$fpl$fnaninf       fz_wm.l(fnaninf.o)
    0x0800ff82   0x0000000a   Code   RO        10490    x$fpl$fpinit        fz_wm.l(fpinit.o)
    0x0800ff8c   0x0000000a   Code   RO        10334    x$fpl$fretinf       fz_wm.l(fretinf.o)
    0x0800ff96   0x00000012   Code   RO        10077    x$fpl$fsub          fz_wm.l(faddsub_clz.o)
    0x0800ffa8   0x00000064   Code   RO        10525    x$fpl$retnan        fz_wm.l(retnan.o)
    0x0801000c   0x0000005c   Code   RO        10336    x$fpl$scalbn        fz_wm.l(scalbn.o)
    0x08010068   0x00000030   Code   RO        10557    x$fpl$trapveneer    fz_wm.l(trapv.o)
    0x08010098   0x00000000   Code   RO        10338    x$fpl$usenofp       fz_wm.l(usenofp.o)
    0x08010098   0x00000188   Data   RO          301    .constdata          freertos.o
    0x08010220   0x00000008   Data   RO         2361    .constdata          stm32f4xx_hal_dma.o
    0x08010228   0x00000010   Data   RO         5357    .constdata          system_stm32f4xx.o
    0x08010238   0x00000008   Data   RO         5358    .constdata          system_stm32f4xx.o
    0x08010240   0x00000300   Data   RO         6910    .constdata          crc.o
    0x08010540   0x00000024   Data   RO         7366    .constdata          beep.o
    0x08010564   0x00000012   Data   RO         7794    .constdata          bmi088driver.o
    0x08010576   0x0000000c   Data   RO         8193    .constdata          ist8310driver.o
    0x08010582   0x00000002   PAD
    0x08010584   0x0000000c   Data   RO         8883    .constdata          shooter.o
    0x08010590   0x0000000c   Data   RO         9750    .constdata          AHRS.lib(ahrs.o)
    0x0801059c   0x00000011   Data   RO        10028    .constdata          c_w.l(__printf_flags_wp.o)
    0x080105ad   0x00000003   PAD
    0x080105b0   0x00000050   Data   RO        10103    .constdata          m_wm.l(acos.o)
    0x08010600   0x00000088   Data   RO        10165    .constdata          m_wm.l(pow.o)
    0x08010688   0x00000030   Data   RO        10340    .constdata          m_wm.l(cos_i.o)
    0x080106b8   0x00000008   Data   RO        10382    .constdata          m_wm.l(qnan.o)
    0x080106c0   0x000000c8   Data   RO        10385    .constdata          m_wm.l(rred.o)
    0x08010788   0x00000028   Data   RO        10392    .constdata          m_wm.l(sin_i.o)
    0x080107b0   0x000000a0   Data   RO          302    .conststring        freertos.o
    0x08010850   0x00000804   Data   RO         9931    .rodata.sinTable_f32  arm_cortexM4l_math.lib(arm_common_tables.o)
    0x08011054   0x00000020   Data   RO        10587    Region$$Table       anon$$obj.o


    Execution Region RW_IRAM1 (Base: 0x20000000, Size: 0x0000d798, Max: 0x0001c000, ABSOLUTE, COMPRESSED[0x00000128])

    Base Addr    Size         Type   Attr      Idx    E Section Name        Object

    0x20000000   0x00000038   Data   RW          303    .data               freertos.o
    0x20000038   0x00000004   Data   RW          417    .data               can.o
    0x2000003c   0x0000001c   Data   RW          971    .data               usbd_desc.o
    0x20000058   0x00000032   Data   RW          972    .data               usbd_desc.o
    0x2000008a   0x00000002   PAD
    0x2000008c   0x00000014   Data   RW         1055    .data               usbd_cdc_if.o
    0x200000a0   0x0000000c   Data   RW         2788    .data               stm32f4xx_hal.o
    0x200000ac   0x00000004   Data   RW         5359    .data               system_stm32f4xx.o
    0x200000b0   0x0000003c   Data   RW         5910    .data               tasks.o
    0x200000ec   0x00000020   Data   RW         6563    .data               heap_4.o
    0x2000010c   0x0000000c   Data   RW         6631    .data               port.o
    0x20000118   0x00000002   Data   RW         6911    .data               crc.o
    0x2000011a   0x0000002e   Data   RW         7205    .data               judge.o
    0x20000148   0x00000008   Data   RW         7547    .data               user_can.o
    0x20000150   0x0000002c   Data   RW         7795    .data               bmi088driver.o
    0x2000017c   0x00000008   Data   RW         8093    .data               bsp_delay.o
    0x20000184   0x000000a0   Data   RW         8330    .data               user_imu.o
    0x20000224   0x00000004   Data   RW         8749    .data               gimbal.o
    0x20000228   0x00000001   Data   RW         8884    .data               shooter.o
    0x20000229   0x00000003   PAD
    0x2000022c   0x00000008   Data   RW         9083    .data               rc.o
    0x20000234   0x00000001   Data   RW         9510    .data               usbd_ctlreq.o
    0x20000235   0x00000003   PAD
    0x20000238   0x000000d7   Data   RW         9649    .data               usbd_cdc.o
    0x2000030f   0x00000001   PAD
    0x20000310   0x00000038   Data   RW         9650    .data               usbd_cdc.o
    0x20000348   0x00000010   Data   RW         9751    .data               AHRS.lib(ahrs.o)
    0x20000358   0x00000254   Zero   RW          300    .bss                freertos.o
    0x200005ac   0x00000050   Zero   RW          416    .bss                can.o
    0x200005fc   0x00000054   Zero   RW          488    .bss                i2c.o
    0x20000650   0x00000118   Zero   RW          530    .bss                spi.o
    0x20000768   0x00000120   Zero   RW          578    .bss                tim.o
    0x20000888   0x00000170   Zero   RW          653    .bss                usart.o
    0x200009f8   0x000002d0   Zero   RW          708    .bss                usb_device.o
    0x20000cc8   0x00000628   Zero   RW          786    .bss                usbd_conf.o
    0x200012f0   0x00000200   Zero   RW          970    .bss                usbd_desc.o
    0x200014f0   0x00001000   Zero   RW         1054    .bss                usbd_cdc_if.o
    0x200024f0   0x00000048   Zero   RW         1286    .bss                stm32f4xx_hal_timebase_tim.o
    0x20002538   0x000000f0   Zero   RW         5909    .bss                tasks.o
    0x20002628   0x00003c00   Zero   RW         6562    .bss                heap_4.o
    0x20006228   0x00000118   Zero   RW         6963    .bss                detect.o
    0x20006340   0x00000c50   Zero   RW         7204    .bss                judge.o
    0x20006f90   0x000000dc   Zero   RW         7365    .bss                beep.o
    0x2000706c   0x00000030   Zero   RW         7494    .bss                super_cap.o
    0x2000709c   0x0000000a   Zero   RW         7546    .bss                user_can.o
    0x200070a6   0x00000002   PAD
    0x200070a8   0x000000fc   Zero   RW         8326    .bss                user_imu.o
    0x200071a4   0x00000368   Zero   RW         8614    .bss                chassis.o
    0x2000750c   0x00000a80   Zero   RW         8748    .bss                gimbal.o
    0x20007f8c   0x00000298   Zero   RW         8882    .bss                shooter.o
    0x20008224   0x0000000c   Zero   RW         8990    .bss                vision.o
    0x20008230   0x00001504   Zero   RW         9082    .bss                rc.o
    0x20009734   0x00000060   Zero   RW        10400    .bss                c_w.l(libspace.o)
    0x20009794   0x00000004   PAD
    0x20009798   0x00002000   Zero   RW            2    HEAP                startup_stm32f407xx.o
    0x2000b798   0x00002000   Zero   RW            1    STACK               startup_stm32f407xx.o


    Execution Region RW_IRAM2 (Base: 0x2001c000, Size: 0x00000000, Max: 0x00004000, ABSOLUTE)

    **** No section assigned to this execution region ****


==============================================================================

Image component sizes


      Code (inc. data)   RO Data    RW Data    ZI Data      Debug   Object Name

       126          6          0          0          0       4696   ahrs_middleware.o
       200         24         36          0        220       3509   beep.o
      2158         32         18         44          0     590171   bmi088driver.o
       108         28          0          0          0       9856   bmi088middleware.o
        52          4          0          8          0        811   bsp_delay.o
        12          4          0          0          0        470   bsp_imu_pwm.o
      4964         74          0          0          0       2366   bsp_spi.o
       420         40          0          4         80       2326   can.o
      2220        418          0          0        872       8619   chassis.o
       194          6          0          0          0      29908   cmsis_os.o
       148         16        768          2          0       3163   crc.o
       132         10          0          0        280       6001   detect.o
        76          4          0          0          0        722   dma.o
         0          0          0          0          0      16760   event_groups.o
        76          4          0          0          0       1494   filter.o
       360         18        552         56        596       3484   freertos.o
       936        114          0          4       2688       4721   gimbal.o
       520         28          0          0          0       1203   gpio.o
       502          0          0          0          0      10924   graphics.o
       472         24          0         32      15360       7247   heap_4.o
       212         32          0          0         84       1593   i2c.o
       128          6         12          0          0       1767   ist8310driver.o
       112         22          0          0          0       3579   ist8310driver_middleware.o
       464         56          0         46       3152      15634   judge.o
       138          0          0          0          0       3402   list.o
       240          8          0          0          0     762116   main.o
       480         20          0          0          0       2698   moto.o
       160          0          0          0          0       3208   myqueue.o
       304         18          0          0          0       3801   pid.o
       786         82          0         12          0      11565   port.o
       612         26          0          8       5380       5403   rc.o
      1132        200         12          1        664       5103   shooter.o
       144          0          0          0          0       2821   slope.o
       288         28          0          0        280       1731   spi.o
        64         26        392          0      16384        820   startup_stm32f407xx.o
       116         18          0         12          0       8542   stm32f4xx_hal.o
      1246          0          0          0          0      11313   stm32f4xx_hal_can.o
       194         24          0          0          0      33629   stm32f4xx_hal_cortex.o
      1084         16          8          0          0       7130   stm32f4xx_hal_dma.o
       556         52          0          0          0       3979   stm32f4xx_hal_gpio.o
      2174         52          0          0          0      12670   stm32f4xx_hal_i2c.o
        56          4          0          0          0        790   stm32f4xx_hal_msp.o
      2308         14          0          0          0      12421   stm32f4xx_hal_pcd.o
        78          0          0          0          0       2305   stm32f4xx_hal_pcd_ex.o
      1424         92          0          0          0       6185   stm32f4xx_hal_rcc.o
       942         12          0          0          0       4793   stm32f4xx_hal_spi.o
      2142        146          0          0          0      16555   stm32f4xx_hal_tim.o
       232         28          0          0          0       3153   stm32f4xx_hal_tim_ex.o
       116         14          0          0         72       1327   stm32f4xx_hal_timebase_tim.o
      1596         30          0          0          0      11802   stm32f4xx_hal_uart.o
       180         72          0          0          0       9551   stm32f4xx_it.o
      2690        132          0          0          0      22378   stm32f4xx_ll_usb.o
         0          0          0          0          0        392   stream_buffer.o
       476         60          0          0         48       2915   super_cap.o
        16          4         24          4          0       1035   system_stm32f4xx.o
      2808        202          0         60        240      29539   tasks.o
       900         92          0          0        288       4927   tim.o
       648         84          0          0        368       3672   usart.o
        84         18          0          0        720       2515   usb_device.o
       752         16          0        271          0      12543   usbd_cdc.o
        72         16          0         20       4096       2898   usbd_cdc_if.o
       644         24          0          0       1576      15292   usbd_conf.o
       744          0          0          0          0      12197   usbd_core.o
      1244         30          0          1          0      14044   usbd_ctlreq.o
       288        104          0         78        512       5677   usbd_desc.o
       132          0          0          0          0       4360   usbd_ioreq.o
       820         70          0          8         10       5899   user_can.o
      2304        208          0        160        252      12123   user_imu.o
       200         26          0          0          0       1096   userfreertos.o
       316         30          0          0         12       4233   vision.o

    ----------------------------------------------------------------------
     48588       3068       1856        840      54236    1837572   Object Totals
         0          0         32          0          0          0   (incl. Generated)
        66          0          2          9          2          0   (incl. Padding)

    ----------------------------------------------------------------------

      Code (inc. data)   RO Data    RW Data    ZI Data      Debug   Library Member Name

      2718         84         12         16          0       9922   ahrs.o
         0          0       2052          0          0       4961   arm_common_tables.o
       168          0          0          0          0        957   arm_cos_f32.o
       160          0          0          0          0        952   arm_sin_f32.o
        90          0          0          0          0          0   __dczerorl2.o
         8          0          0          0          0         68   __main.o
       312          4         17          0          0         92   __printf_flags_wp.o
        14          0          0          0          0         68   __printf_wp.o
         0          0          0          0          0          0   __rtentry.o
        12          0          0          0          0          0   __rtentry2.o
         6          0          0          0          0          0   __rtentry4.o
        52          8          0          0          0          0   __scatter.o
        28          0          0          0          0          0   __scatter_zi.o
        48          6          0          0          0         96   _printf_char_common.o
         6          0          0          0          0          0   _printf_d.o
       120         16          0          0          0         92   _printf_dec.o
       178          0          0          0          0         88   _printf_intcommon.o
        78          0          0          0          0        108   _printf_pad.o
         0          0          0          0          0          0   _printf_percent.o
         4          0          0          0          0          0   _printf_percent_end.o
        22          0          0          0          0        100   _rserrno.o
        10          0          0          0          0         68   _sputc.o
        18          0          0          0          0         80   exit.o
         6          0          0          0          0        152   heapauxi.o
         0          0          0          0          0          0   indicate_semi.o
         2          0          0          0          0          0   libinit.o
         6          0          0          0          0          0   libinit2.o
         2          0          0          0          0          0   libshutdown.o
         2          0          0          0          0          0   libshutdown2.o
         8          4          0          0         96         68   libspace.o
       238          0          0          0          0        100   lludivv7m.o
        40          6          0          0          0         84   noretval__2sprintf.o
         8          4          0          0          0         68   rt_errno_addr_intlibspace.o
        78          0          0          0          0         80   rt_memclr_w.o
       138          0          0          0          0         68   rt_memcpy_v6.o
       100          0          0          0          0         80   rt_memcpy_w.o
         2          0          0          0          0          0   rtexit.o
        10          0          0          0          0          0   rtexit2.o
        62          0          0          0          0         76   strlen.o
        12          4          0          0          0         68   sys_exit.o
        74          0          0          0          0         80   sys_stackheap_outer.o
         2          0          0          0          0         68   use_no_semi.o
        24          0          0          0          0        164   basic.o
        98          4          0          0          0        140   d2f.o
       826         16          0          0          0        492   daddsub_clz.o
        16          4          0          0          0        116   dcheck1.o
        24          0          0          0          0        116   dcmpi.o
       688        140          0          0          0        256   ddiv.o
        94          4          0          0          0        140   dfix.o
        84          0          0          0          0        232   dflt_clz.o
       120          4          0          0          0        140   dleqf.o
       340         12          0          0          0        152   dmul.o
       156          4          0          0          0        140   dnaninf.o
        12          0          0          0          0        116   dretinf.o
       108          0          0          0          0        128   drleqf.o
       408         56          0          0          0        168   dsqrt_umaal.o
        86          4          0          0          0        132   f2d.o
        36          0          0          0          0        232   faddsub_clz.o
        84          0          0          0          0        244   fcmp.o
        24          0          0          0          0        116   fcmpi.o
        48          4          0          0          0        132   feqf.o
        14          0          0          0          0        116   ffix.o
        14          0          0          0          0        116   ffixu.o
        28          0          0          0          0        232   fflt_clz.o
        48          4          0          0          0        132   fgeqf.o
        48          4          0          0          0        132   fleqf.o
        18          0          0          0          0        116   fmul.o
       140          4          0          0          0        132   fnaninf.o
        10          0          0          0          0        116   fpinit.o
        10          0          0          0          0        116   fretinf.o
       100          0          0          0          0        116   retnan.o
        92          0          0          0          0        116   scalbn.o
        48          0          0          0          0        116   trapv.o
         0          0          0          0          0          0   usenofp.o
       856        118         80          0          0        288   acos.o
       300         42          0          0          0        176   asinf.o
       592         90          0          0          0        184   atan2f.o
       200         20          0          0          0        164   cos.o
       368         46         48          0          0        200   cos_i.o
       184         44          0          0          0        744   dunder.o
        24          0          0          0          0        124   fabs.o
        48          0          0          0          0        124   fpclassify.o
        38          0          0          0          0        116   fpclassifyf.o
        44         12          0          0          0        464   funder.o
       248          0          0          0          0        152   poly.o
      3152        296        136          0          0        352   pow.o
         0          0          8          0          0          0   qnan.o
      1080        142        200          0          0        188   rred.o
       200         20          0          0          0        164   sin.o
       304         24         40          0          0        208   sin_i.o
       232          0          0          0          0        296   sqrt.o
       120          0          0          0          0        272   sqrtf.o

    ----------------------------------------------------------------------
     16708       1258       2596         16        100      27772   Library Totals
        30          4          3          0          4          0   (incl. Padding)

    ----------------------------------------------------------------------

      Code (inc. data)   RO Data    RW Data    ZI Data      Debug   Library Name

      2718         84         12         16          0       9922   AHRS.lib
       328          0       2052          0          0       6870   arm_cortexM4l_math.lib
      1796         52         17          0         96       1852   c_w.l
      3846        264          0          0          0       4912   fz_wm.l
      7990        854        512          0          0       4216   m_wm.l

    ----------------------------------------------------------------------
     16708       1258       2596         16        100      27772   Library Totals

    ----------------------------------------------------------------------

==============================================================================


      Code (inc. data)   RO Data    RW Data    ZI Data      Debug   

     65296       4326       4452        856      54336    1811792   Grand Totals
     65296       4326       4452        296      54336    1811792   ELF Image Totals (compressed)
     65296       4326       4452        296          0          0   ROM Totals

==============================================================================

    Total RO  Size (Code + RO Data)                69748 (  68.11kB)
    Total RW  Size (RW Data + ZI Data)             55192 (  53.90kB)
    Total ROM Size (Code + RO Data + RW Data)      70044 (  68.40kB)

==============================================================================

